2026-07-26T00:09:34+00:00 INFO Running webhook cron.
2026-07-26T00:09:34+00:00 INFO Webhook cron execution completed.
2026-07-26T01:15:05+00:00 INFO Running webhook cron.
2026-07-26T01:15:05+00:00 INFO Webhook cron execution completed.
2026-07-26T01:48:30+00:00 INFO Running webhook cron.
2026-07-26T01:48:30+00:00 INFO Webhook cron execution completed.
2026-07-26T01:51:01+00:00 INFO Running webhook cron.
2026-07-26T01:51:01+00:00 INFO Webhook cron execution completed.
2026-07-26T01:57:15+00:00 INFO Running webhook cron.
2026-07-26T01:57:15+00:00 INFO Webhook cron execution completed.
2026-07-26T01:59:02+00:00 INFO Running webhook cron.
2026-07-26T01:59:02+00:00 INFO Webhook cron execution completed.
2026-07-26T02:04:42+00:00 INFO Running webhook cron.
2026-07-26T02:04:42+00:00 INFO Webhook cron execution completed.
2026-07-26T02:09:24+00:00 INFO Running webhook cron.
2026-07-26T02:09:24+00:00 INFO Webhook cron execution completed.
2026-07-26T02:14:46+00:00 INFO Running webhook cron.
2026-07-26T02:14:46+00:00 INFO Webhook cron execution completed.
2026-07-26T02:22:01+00:00 INFO Running webhook cron.
2026-07-26T02:22:01+00:00 INFO Webhook cron execution completed.
2026-07-26T02:25:16+00:00 INFO Running webhook cron.
2026-07-26T02:25:16+00:00 INFO Webhook cron execution completed.
2026-07-26T02:30:06+00:00 INFO Running webhook cron.
2026-07-26T02:30:06+00:00 INFO Webhook cron execution completed.
2026-07-26T02:50:03+00:00 INFO Running webhook cron.
2026-07-26T02:50:03+00:00 INFO Webhook cron execution completed.
2026-07-26T03:18:32+00:00 INFO Running webhook cron.
2026-07-26T03:18:32+00:00 INFO Webhook cron execution completed.
2026-07-26T04:03:31+00:00 INFO Running webhook cron.
2026-07-26T04:03:31+00:00 INFO Webhook cron execution completed.
2026-07-26T04:06:21+00:00 INFO Running webhook cron.
2026-07-26T04:06:21+00:00 INFO Webhook cron execution completed.
2026-07-26T04:29:13+00:00 INFO Running webhook cron.
2026-07-26T04:29:13+00:00 INFO Webhook cron execution completed.
2026-07-26T05:05:28+00:00 INFO Running webhook cron.
2026-07-26T05:05:28+00:00 INFO Webhook cron execution completed.
2026-07-26T05:38:55+00:00 INFO Running webhook cron.
2026-07-26T05:38:55+00:00 INFO Webhook cron execution completed.
2026-07-26T06:43:19+00:00 INFO Running webhook cron.
2026-07-26T06:43:19+00:00 INFO Webhook cron execution completed.
2026-07-26T08:32:01+00:00 INFO Running webhook cron.
2026-07-26T08:32:01+00:00 INFO Webhook cron execution completed.
2026-07-26T08:42:42+00:00 INFO Running webhook cron.
2026-07-26T08:42:42+00:00 INFO Webhook cron execution completed.
2026-07-26T08:53:39+00:00 INFO Running webhook cron.
2026-07-26T08:53:39+00:00 INFO Webhook cron execution completed.
2026-07-26T09:24:53+00:00 INFO Running webhook cron.
2026-07-26T09:24:53+00:00 INFO Webhook cron execution completed.
2026-07-26T10:36:50+00:00 INFO Running webhook cron.
2026-07-26T10:36:50+00:00 INFO Webhook cron execution completed.
2026-07-26T11:03:22+00:00 INFO Running webhook cron.
2026-07-26T11:03:22+00:00 INFO Webhook cron execution completed.
2026-07-26T13:35:13+00:00 INFO Running webhook cron.
2026-07-26T13:35:13+00:00 INFO Webhook cron execution completed.
2026-07-26T13:53:51+00:00 INFO Running webhook cron.
2026-07-26T13:53:51+00:00 INFO Webhook cron execution completed.
2026-07-26T16:30:10+00:00 INFO Running webhook cron.
2026-07-26T16:30:11+00:00 INFO Webhook cron execution completed.
2026-07-26T17:37:49+00:00 INFO Running webhook cron.
2026-07-26T17:37:49+00:00 INFO Webhook cron execution completed.
2026-07-26T17:43:37+00:00 INFO Running webhook cron.
2026-07-26T17:43:37+00:00 INFO Webhook cron execution completed.
2026-07-26T19:19:45+00:00 INFO Running webhook cron.
2026-07-26T19:19:45+00:00 INFO Webhook cron execution completed.
2026-07-26T19:19:45+00:00 INFO runOneCCAddressSync: [daily] budget=250.3min (until 05:00 IST)
2026-07-26T19:19:45+00:00 INFO makeAPICall: url: woocommerce/config is success
2026-07-26T19:19:45+00:00 INFO sync: confirmed_order_id=771, maxSeconds=15015
2026-07-26T19:19:45+00:00 INFO makeJSONAPICall: url: woocommerce/ingest is success
2026-07-26T19:19:45+00:00 INFO sync: config_received event sent at order_id=771
2026-07-26T19:19:45+00:00 INFO sync: upper_order_id=771, confirmed_order_id=771
2026-07-26T19:19:45+00:00 INFO getNextBatch: confirmed_order_id=771, orders=0
2026-07-26T19:19:45+00:00 INFO sync: completed. cursor_order_id=771, upper_order_id=771
2026-07-26T19:19:45+00:00 INFO makeJSONAPICall: url: woocommerce/ingest is success
2026-07-26T19:43:19+00:00 INFO Running webhook cron.
2026-07-26T19:43:19+00:00 INFO Webhook cron execution completed.
2026-07-26T20:45:53+00:00 INFO Running webhook cron.
2026-07-26T20:45:53+00:00 INFO Webhook cron execution completed.
2026-07-26T22:10:15+00:00 INFO Running webhook cron.
2026-07-26T22:10:15+00:00 INFO Webhook cron execution completed.
2026-07-26T22:48:13+00:00 INFO Running webhook cron.
2026-07-26T22:48:13+00:00 INFO Webhook cron execution completed.
2026-07-26T22:59:56+00:00 INFO Running webhook cron.
2026-07-26T22:59:56+00:00 INFO Webhook cron execution completed.
2026-07-26T23:09:36+00:00 INFO Running webhook cron.
2026-07-26T23:09:36+00:00 INFO Webhook cron execution completed.
