2026-07-27T01:41:48+00:00 INFO Running webhook cron.
2026-07-27T01:41:48+00:00 INFO Webhook cron execution completed.
2026-07-27T01:47:45+00:00 INFO Running webhook cron.
2026-07-27T01:47:45+00:00 INFO Webhook cron execution completed.
2026-07-27T02:12:52+00:00 INFO Running webhook cron.
2026-07-27T02:12:52+00:00 INFO Webhook cron execution completed.
2026-07-27T02:31:21+00:00 INFO Running webhook cron.
2026-07-27T02:31:21+00:00 INFO Webhook cron execution completed.
2026-07-27T02:50:15+00:00 INFO Running webhook cron.
2026-07-27T02:50:15+00:00 INFO Webhook cron execution completed.
2026-07-27T03:15:29+00:00 INFO Running webhook cron.
2026-07-27T03:15:29+00:00 INFO Webhook cron execution completed.
2026-07-27T03:48:43+00:00 INFO Running webhook cron.
2026-07-27T03:48:43+00:00 INFO Webhook cron execution completed.
2026-07-27T03:49:54+00:00 INFO Running webhook cron.
2026-07-27T03:49:54+00:00 INFO Webhook cron execution completed.
2026-07-27T03:55:55+00:00 INFO Running webhook cron.
2026-07-27T03:55:55+00:00 INFO Webhook cron execution completed.
2026-07-27T03:59:13+00:00 INFO Running webhook cron.
2026-07-27T03:59:13+00:00 INFO Webhook cron execution completed.
2026-07-27T04:00:43+00:00 INFO createOneCCAddressSyncCron: attempting to schedule daily cron
2026-07-27T04:00:43+00:00 INFO createOneCCAddressSyncCron: already scheduled, skipping
2026-07-27T04:03:57+00:00 INFO Running webhook cron.
2026-07-27T04:03:57+00:00 INFO Webhook cron execution completed.
2026-07-27T04:04:09+00:00 INFO rzp_webhook_exec_cron cron created
2026-07-27T04:04:09+00:00 INFO Running webhook cron.
2026-07-27T04:04:09+00:00 INFO Webhook cron execution completed.
2026-07-27T04:12:13+00:00 INFO Running webhook cron.
2026-07-27T04:12:13+00:00 INFO Webhook cron execution completed.
2026-07-27T04:22:24+00:00 INFO Running webhook cron.
2026-07-27T04:22:24+00:00 INFO Webhook cron execution completed.
2026-07-27T04:29:51+00:00 INFO Running webhook cron.
2026-07-27T04:29:51+00:00 INFO Webhook cron execution completed.
2026-07-27T05:24:09+00:00 INFO Running webhook cron.
2026-07-27T05:24:09+00:00 INFO Webhook cron execution completed.
2026-07-27T06:04:37+00:00 INFO Running webhook cron.
2026-07-27T06:04:37+00:00 INFO Webhook cron execution completed.
2026-07-27T06:17:43+00:00 INFO Running webhook cron.
2026-07-27T06:17:43+00:00 INFO Webhook cron execution completed.
2026-07-27T06:47:00+00:00 INFO Running webhook cron.
2026-07-27T06:47:00+00:00 INFO Webhook cron execution completed.
2026-07-27T07:54:12+00:00 INFO Running webhook cron.
2026-07-27T07:54:12+00:00 INFO Webhook cron execution completed.
2026-07-27T08:07:33+00:00 INFO Running webhook cron.
2026-07-27T08:07:33+00:00 INFO Webhook cron execution completed.
2026-07-27T08:42:17+00:00 INFO Running webhook cron.
2026-07-27T08:42:17+00:00 INFO Webhook cron execution completed.
2026-07-27T08:48:58+00:00 INFO Running webhook cron.
2026-07-27T08:48:58+00:00 INFO Webhook cron execution completed.
2026-07-27T09:43:33+00:00 INFO Running webhook cron.
2026-07-27T09:43:33+00:00 INFO Webhook cron execution completed.
2026-07-27T10:54:49+00:00 INFO Running webhook cron.
2026-07-27T10:54:49+00:00 INFO Webhook cron execution completed.
2026-07-27T11:59:41+00:00 INFO Running webhook cron.
2026-07-27T11:59:41+00:00 INFO Webhook cron execution completed.
2026-07-27T12:08:08+00:00 INFO Running webhook cron.
2026-07-27T12:08:08+00:00 INFO Webhook cron execution completed.
2026-07-27T12:09:46+00:00 INFO Running webhook cron.
2026-07-27T12:09:46+00:00 INFO Webhook cron execution completed.
2026-07-27T12:15:00+00:00 INFO Running webhook cron.
2026-07-27T12:15:00+00:00 INFO Webhook cron execution completed.
2026-07-27T12:20:01+00:00 INFO Running webhook cron.
2026-07-27T12:20:01+00:00 INFO Webhook cron execution completed.
2026-07-27T12:24:32+00:00 INFO Running webhook cron.
2026-07-27T12:24:32+00:00 INFO Webhook cron execution completed.
2026-07-27T12:30:06+00:00 INFO Running webhook cron.
2026-07-27T12:30:06+00:00 INFO Webhook cron execution completed.
2026-07-27T12:35:11+00:00 INFO Running webhook cron.
2026-07-27T12:35:11+00:00 INFO Webhook cron execution completed.
2026-07-27T12:39:12+00:00 INFO Running webhook cron.
2026-07-27T12:39:12+00:00 INFO Webhook cron execution completed.
2026-07-27T12:45:16+00:00 INFO Running webhook cron.
2026-07-27T12:45:16+00:00 INFO Webhook cron execution completed.
2026-07-27T13:16:19+00:00 INFO Running webhook cron.
2026-07-27T13:16:19+00:00 INFO Webhook cron execution completed.
