2026-09-10T01:20:57+00:00 INFO Running webhook cron.
2026-09-10T01:20:57+00:00 INFO Webhook cron execution completed.
2026-09-10T01:44:59+00:00 INFO Running webhook cron.
2026-09-10T01:44:59+00:00 INFO Webhook cron execution completed.
2026-09-10T01:52:00+00:00 INFO Running webhook cron.
2026-09-10T01:52:00+00:00 INFO Webhook cron execution completed.
2026-09-10T03:10:54+00:00 INFO Running webhook cron.
2026-09-10T03:10:54+00:00 INFO Webhook cron execution completed.
2026-09-10T03:46:42+00:00 INFO Running webhook cron.
2026-09-10T03:46:42+00:00 INFO Webhook cron execution completed.
2026-09-10T03:53:19+00:00 INFO Running webhook cron.
2026-09-10T03:53:19+00:00 INFO Webhook cron execution completed.
2026-09-10T04:01:11+00:00 INFO Running webhook cron.
2026-09-10T04:01:11+00:00 INFO Webhook cron execution completed.
2026-09-10T04:11:41+00:00 INFO Running webhook cron.
2026-09-10T04:11:41+00:00 INFO Webhook cron execution completed.
2026-09-10T04:27:39+00:00 INFO Running webhook cron.
2026-09-10T04:27:39+00:00 INFO Webhook cron execution completed.
2026-09-10T04:41:47+00:00 INFO Running webhook cron.
2026-09-10T04:41:47+00:00 INFO Webhook cron execution completed.
2026-09-10T04:50:36+00:00 INFO Running webhook cron.
2026-09-10T04:50:36+00:00 INFO Webhook cron execution completed.
2026-09-10T04:57:17+00:00 INFO Running webhook cron.
2026-09-10T04:57:17+00:00 INFO Webhook cron execution completed.
2026-09-10T05:29:16+00:00 INFO Running webhook cron.
2026-09-10T05:29:16+00:00 INFO Webhook cron execution completed.
2026-09-10T06:34:41+00:00 INFO Running webhook cron.
2026-09-10T06:34:41+00:00 INFO Webhook cron execution completed.
2026-09-10T06:57:54+00:00 INFO Running webhook cron.
2026-09-10T06:57:54+00:00 INFO Webhook cron execution completed.
2026-09-10T07:02:50+00:00 INFO Running webhook cron.
2026-09-10T07:02:50+00:00 INFO Webhook cron execution completed.
2026-09-10T07:05:08+00:00 INFO Running webhook cron.
2026-09-10T07:05:08+00:00 INFO Webhook cron execution completed.
2026-09-10T07:20:32+00:00 INFO Running webhook cron.
2026-09-10T07:20:32+00:00 INFO Webhook cron execution completed.
2026-09-10T07:24:56+00:00 INFO Running webhook cron.
2026-09-10T07:24:56+00:00 INFO Webhook cron execution completed.
2026-09-10T07:43:58+00:00 INFO Running webhook cron.
2026-09-10T07:43:58+00:00 INFO Webhook cron execution completed.
2026-09-10T08:16:10+00:00 INFO Running webhook cron.
2026-09-10T08:16:10+00:00 INFO Webhook cron execution completed.
2026-09-10T08:32:21+00:00 INFO Running webhook cron.
2026-09-10T08:32:21+00:00 INFO Webhook cron execution completed.
2026-09-10T08:52:31+00:00 INFO Running webhook cron.
2026-09-10T08:52:31+00:00 INFO Webhook cron execution completed.
2026-09-10T08:57:17+00:00 INFO Running webhook cron.
2026-09-10T08:57:17+00:00 INFO Webhook cron execution completed.
2026-09-10T09:52:31+00:00 INFO Running webhook cron.
2026-09-10T09:52:31+00:00 INFO Webhook cron execution completed.
2026-09-10T09:55:26+00:00 INFO Running webhook cron.
2026-09-10T09:55:26+00:00 INFO Webhook cron execution completed.
2026-09-10T10:23:34+00:00 INFO Running webhook cron.
2026-09-10T10:23:34+00:00 INFO Webhook cron execution completed.
2026-09-10T10:51:33+00:00 INFO Running webhook cron.
2026-09-10T10:51:33+00:00 INFO Webhook cron execution completed.
2026-09-10T11:04:27+00:00 INFO Running webhook cron.
2026-09-10T11:04:27+00:00 INFO Webhook cron execution completed.
2026-09-10T11:25:39+00:00 INFO Running webhook cron.
2026-09-10T11:25:39+00:00 INFO Webhook cron execution completed.
2026-09-10T11:35:21+00:00 INFO Running webhook cron.
2026-09-10T11:35:21+00:00 INFO Webhook cron execution completed.
2026-09-10T12:18:37+00:00 INFO Running webhook cron.
2026-09-10T12:18:37+00:00 INFO Webhook cron execution completed.
2026-09-10T12:38:54+00:00 INFO Running webhook cron.
2026-09-10T12:38:54+00:00 INFO Webhook cron execution completed.
2026-09-10T12:40:09+00:00 INFO Running webhook cron.
2026-09-10T12:40:09+00:00 INFO Webhook cron execution completed.
2026-09-10T13:53:41+00:00 INFO Running webhook cron.
2026-09-10T13:53:41+00:00 INFO Webhook cron execution completed.
2026-09-10T16:31:01+00:00 INFO Running webhook cron.
2026-09-10T16:31:01+00:00 INFO Webhook cron execution completed.
2026-09-10T18:03:31+00:00 INFO Running webhook cron.
2026-09-10T18:03:31+00:00 INFO Webhook cron execution completed.
2026-09-10T18:04:43+00:00 INFO Running webhook cron.
2026-09-10T18:04:43+00:00 INFO Webhook cron execution completed.
2026-09-10T18:11:40+00:00 INFO Running webhook cron.
2026-09-10T18:11:40+00:00 INFO Webhook cron execution completed.
2026-09-10T18:29:10+00:00 INFO Running webhook cron.
2026-09-10T18:29:10+00:00 INFO Webhook cron execution completed.
2026-09-10T18:46:08+00:00 INFO Running webhook cron.
2026-09-10T18:46:08+00:00 INFO Webhook cron execution completed.
2026-09-10T18:46:08+00:00 INFO runOneCCAddressSync: [daily] budget=283.9min (until 05:00 IST)
2026-09-10T18:46:08+00:00 INFO makeAPICall: url: woocommerce/config is success
2026-09-10T18:46:08+00:00 INFO sync: confirmed_order_id=786, maxSeconds=17032
2026-09-10T18:46:08+00:00 INFO makeJSONAPICall: url: woocommerce/ingest is success
2026-09-10T18:46:08+00:00 INFO sync: config_received event sent at order_id=786
2026-09-10T18:46:08+00:00 INFO sync: upper_order_id=786, confirmed_order_id=786
2026-09-10T18:46:08+00:00 INFO getNextBatch: confirmed_order_id=786, orders=0
2026-09-10T18:46:08+00:00 INFO sync: completed. cursor_order_id=786, upper_order_id=786
2026-09-10T18:46:08+00:00 INFO makeJSONAPICall: url: woocommerce/ingest is success
2026-09-10T19:13:21+00:00 INFO Running webhook cron.
2026-09-10T19:13:21+00:00 INFO Webhook cron execution completed.
2026-09-10T21:50:59+00:00 INFO Running webhook cron.
2026-09-10T21:50:59+00:00 INFO Webhook cron execution completed.
2026-09-10T22:26:34+00:00 INFO Running webhook cron.
2026-09-10T22:26:34+00:00 INFO Webhook cron execution completed.
2026-09-10T22:39:39+00:00 INFO Running webhook cron.
2026-09-10T22:39:39+00:00 INFO Webhook cron execution completed.
2026-09-10T22:47:19+00:00 INFO Running webhook cron.
2026-09-10T22:47:19+00:00 INFO Webhook cron execution completed.
2026-09-10T22:57:03+00:00 INFO Running webhook cron.
2026-09-10T22:57:03+00:00 INFO Webhook cron execution completed.
