2026-08-27T00:59:08+00:00 INFO Running webhook cron.
2026-08-27T00:59:08+00:00 INFO Webhook cron execution completed.
2026-08-27T01:02:39+00:00 INFO Running webhook cron.
2026-08-27T01:02:39+00:00 INFO Webhook cron execution completed.
2026-08-27T01:09:38+00:00 INFO Running webhook cron.
2026-08-27T01:09:38+00:00 INFO Webhook cron execution completed.
2026-08-27T01:15:31+00:00 INFO Running webhook cron.
2026-08-27T01:15:31+00:00 INFO Webhook cron execution completed.
2026-08-27T01:22:32+00:00 INFO Running webhook cron.
2026-08-27T01:22:32+00:00 INFO Webhook cron execution completed.
2026-08-27T01:40:20+00:00 INFO Running webhook cron.
2026-08-27T01:40:20+00:00 INFO Webhook cron execution completed.
2026-08-27T01:57:31+00:00 INFO Running webhook cron.
2026-08-27T01:57:31+00:00 INFO Webhook cron execution completed.
2026-08-27T02:30:49+00:00 INFO Running webhook cron.
2026-08-27T02:30:49+00:00 INFO Webhook cron execution completed.
2026-08-27T03:34:52+00:00 INFO Running webhook cron.
2026-08-27T03:34:52+00:00 INFO Webhook cron execution completed.
2026-08-27T03:52:56+00:00 INFO Running webhook cron.
2026-08-27T03:52:56+00:00 INFO Webhook cron execution completed.
2026-08-27T03:55:53+00:00 INFO Running webhook cron.
2026-08-27T03:55:53+00:00 INFO Webhook cron execution completed.
2026-08-27T04:48:51+00:00 INFO Running webhook cron.
2026-08-27T04:48:51+00:00 INFO Webhook cron execution completed.
2026-08-27T05:00:26+00:00 INFO Running webhook cron.
2026-08-27T05:00:26+00:00 INFO Webhook cron execution completed.
2026-08-27T05:16:13+00:00 INFO Running webhook cron.
2026-08-27T05:16:13+00:00 INFO Webhook cron execution completed.
2026-08-27T05:27:12+00:00 INFO Running webhook cron.
2026-08-27T05:27:12+00:00 INFO Webhook cron execution completed.
2026-08-27T05:38:42+00:00 INFO Running webhook cron.
2026-08-27T05:38:42+00:00 INFO Webhook cron execution completed.
2026-08-27T05:41:12+00:00 INFO Running webhook cron.
2026-08-27T05:41:12+00:00 INFO Webhook cron execution completed.
2026-08-27T05:54:41+00:00 INFO Running webhook cron.
2026-08-27T05:54:41+00:00 INFO Webhook cron execution completed.
2026-08-27T07:28:16+00:00 INFO Running webhook cron.
2026-08-27T07:28:16+00:00 INFO Webhook cron execution completed.
2026-08-27T07:47:17+00:00 INFO Running webhook cron.
2026-08-27T07:47:17+00:00 INFO Webhook cron execution completed.
2026-08-27T07:57:18+00:00 INFO Running webhook cron.
2026-08-27T07:57:18+00:00 INFO Webhook cron execution completed.
2026-08-27T08:39:38+00:00 INFO Running webhook cron.
2026-08-27T08:39:38+00:00 INFO Webhook cron execution completed.
2026-08-27T09:04:58+00:00 INFO Running webhook cron.
2026-08-27T09:04:58+00:00 INFO Webhook cron execution completed.
2026-08-27T09:25:05+00:00 INFO Running webhook cron.
2026-08-27T09:25:05+00:00 INFO Webhook cron execution completed.
2026-08-27T10:07:05+00:00 INFO Running webhook cron.
2026-08-27T10:07:05+00:00 INFO Webhook cron execution completed.
2026-08-27T10:21:49+00:00 INFO Running webhook cron.
2026-08-27T10:21:49+00:00 INFO Webhook cron execution completed.
2026-08-27T11:13:26+00:00 INFO Running webhook cron.
2026-08-27T11:13:26+00:00 INFO Webhook cron execution completed.
2026-08-27T12:36:19+00:00 INFO Running webhook cron.
2026-08-27T12:36:19+00:00 INFO Webhook cron execution completed.
2026-08-27T13:06:16+00:00 INFO Running webhook cron.
2026-08-27T13:06:16+00:00 INFO Webhook cron execution completed.
2026-08-27T13:17:23+00:00 INFO Running webhook cron.
2026-08-27T13:17:23+00:00 INFO Webhook cron execution completed.
2026-08-27T13:19:12+00:00 INFO Running webhook cron.
2026-08-27T13:19:12+00:00 INFO Webhook cron execution completed.
2026-08-27T13:37:09+00:00 INFO Running webhook cron.
2026-08-27T13:37:09+00:00 INFO Webhook cron execution completed.
2026-08-27T13:41:04+00:00 INFO Running webhook cron.
2026-08-27T13:41:04+00:00 INFO Webhook cron execution completed.
2026-08-27T13:55:56+00:00 INFO Running webhook cron.
2026-08-27T13:55:57+00:00 INFO Webhook cron execution completed.
2026-08-27T14:01:02+00:00 INFO Running webhook cron.
2026-08-27T14:01:02+00:00 INFO Webhook cron execution completed.
2026-08-27T14:33:22+00:00 INFO Running webhook cron.
2026-08-27T14:33:22+00:00 INFO Webhook cron execution completed.
2026-08-27T14:36:50+00:00 INFO Running webhook cron.
2026-08-27T14:36:50+00:00 INFO Webhook cron execution completed.
2026-08-27T14:55:51+00:00 INFO Running webhook cron.
2026-08-27T14:55:51+00:00 INFO Webhook cron execution completed.
2026-08-27T15:00:11+00:00 INFO Running webhook cron.
2026-08-27T15:00:11+00:00 INFO Webhook cron execution completed.
2026-08-27T15:07:48+00:00 INFO Running webhook cron.
2026-08-27T15:07:48+00:00 INFO Webhook cron execution completed.
2026-08-27T15:11:14+00:00 INFO Running webhook cron.
2026-08-27T15:11:14+00:00 INFO Webhook cron execution completed.
2026-08-27T15:27:07+00:00 INFO Running webhook cron.
2026-08-27T15:27:07+00:00 INFO Webhook cron execution completed.
2026-08-27T15:33:40+00:00 INFO Running webhook cron.
2026-08-27T15:33:40+00:00 INFO Webhook cron execution completed.
2026-08-27T15:37:33+00:00 INFO Running webhook cron.
2026-08-27T15:37:33+00:00 INFO Webhook cron execution completed.
2026-08-27T15:40:13+00:00 INFO Running webhook cron.
2026-08-27T15:40:13+00:00 INFO Webhook cron execution completed.
2026-08-27T15:58:00+00:00 INFO Running webhook cron.
2026-08-27T15:58:00+00:00 INFO Webhook cron execution completed.
2026-08-27T16:04:15+00:00 INFO Running webhook cron.
2026-08-27T16:04:15+00:00 INFO Webhook cron execution completed.
2026-08-27T16:11:26+00:00 INFO Running webhook cron.
2026-08-27T16:11:26+00:00 INFO Webhook cron execution completed.
2026-08-27T16:23:38+00:00 INFO Running webhook cron.
2026-08-27T16:23:38+00:00 INFO Webhook cron execution completed.
2026-08-27T16:28:12+00:00 INFO Running webhook cron.
2026-08-27T16:28:12+00:00 INFO Webhook cron execution completed.
2026-08-27T16:30:13+00:00 INFO Running webhook cron.
2026-08-27T16:30:13+00:00 INFO Webhook cron execution completed.
2026-08-27T16:53:31+00:00 INFO Running webhook cron.
2026-08-27T16:53:31+00:00 INFO Webhook cron execution completed.
2026-08-27T16:55:31+00:00 INFO Running webhook cron.
2026-08-27T16:55:31+00:00 INFO Webhook cron execution completed.
2026-08-27T16:59:45+00:00 INFO Running webhook cron.
2026-08-27T16:59:45+00:00 INFO Webhook cron execution completed.
2026-08-27T17:18:32+00:00 INFO Running webhook cron.
2026-08-27T17:18:32+00:00 INFO Webhook cron execution completed.
2026-08-27T17:25:24+00:00 INFO Running webhook cron.
2026-08-27T17:25:24+00:00 INFO Webhook cron execution completed.
2026-08-27T17:30:28+00:00 INFO Running webhook cron.
2026-08-27T17:30:28+00:00 INFO Webhook cron execution completed.
2026-08-27T17:56:20+00:00 INFO Running webhook cron.
2026-08-27T17:56:20+00:00 INFO Webhook cron execution completed.
2026-08-27T18:00:01+00:00 INFO Running webhook cron.
2026-08-27T18:00:01+00:00 INFO Webhook cron execution completed.
2026-08-27T18:25:40+00:00 INFO Running webhook cron.
2026-08-27T18:25:40+00:00 INFO Webhook cron execution completed.
2026-08-27T18:30:58+00:00 INFO Running webhook cron.
2026-08-27T18:30:58+00:00 INFO Webhook cron execution completed.
2026-08-27T18:30:58+00:00 INFO runOneCCAddressSync: [daily] budget=299min (until 05:00 IST)
2026-08-27T18:30:58+00:00 INFO makeAPICall: url: woocommerce/config is success
2026-08-27T18:30:58+00:00 INFO sync: confirmed_order_id=786, maxSeconds=17942
2026-08-27T18:30:58+00:00 INFO makeJSONAPICall: url: woocommerce/ingest is success
2026-08-27T18:30:58+00:00 INFO sync: config_received event sent at order_id=786
2026-08-27T18:30:58+00:00 INFO sync: upper_order_id=786, confirmed_order_id=786
2026-08-27T18:30:58+00:00 INFO getNextBatch: confirmed_order_id=786, orders=0
2026-08-27T18:30:58+00:00 INFO sync: completed. cursor_order_id=786, upper_order_id=786
2026-08-27T18:30:58+00:00 INFO makeJSONAPICall: url: woocommerce/ingest is success
2026-08-27T18:46:54+00:00 INFO Running webhook cron.
2026-08-27T18:46:54+00:00 INFO Webhook cron execution completed.
2026-08-27T18:55:28+00:00 INFO Running webhook cron.
2026-08-27T18:55:28+00:00 INFO Webhook cron execution completed.
2026-08-27T19:00:54+00:00 INFO Running webhook cron.
2026-08-27T19:00:54+00:00 INFO Webhook cron execution completed.
2026-08-27T19:11:27+00:00 INFO Running webhook cron.
2026-08-27T19:11:27+00:00 INFO Webhook cron execution completed.
2026-08-27T19:30:07+00:00 INFO Running webhook cron.
2026-08-27T19:30:07+00:00 INFO Webhook cron execution completed.
2026-08-27T20:31:12+00:00 INFO Running webhook cron.
2026-08-27T20:31:12+00:00 INFO Webhook cron execution completed.
2026-08-27T20:41:20+00:00 INFO Running webhook cron.
2026-08-27T20:41:20+00:00 INFO Webhook cron execution completed.
2026-08-27T21:00:44+00:00 INFO Running webhook cron.
2026-08-27T21:00:44+00:00 INFO Webhook cron execution completed.
2026-08-27T21:44:53+00:00 INFO Running webhook cron.
2026-08-27T21:44:53+00:00 INFO Webhook cron execution completed.
2026-08-27T22:23:14+00:00 INFO Running webhook cron.
2026-08-27T22:23:14+00:00 INFO Webhook cron execution completed.
2026-08-27T22:47:14+00:00 INFO Running webhook cron.
2026-08-27T22:47:14+00:00 INFO Webhook cron execution completed.
2026-08-27T22:59:24+00:00 INFO Running webhook cron.
2026-08-27T22:59:24+00:00 INFO Webhook cron execution completed.
2026-08-27T23:28:10+00:00 INFO Running webhook cron.
2026-08-27T23:28:11+00:00 INFO Webhook cron execution completed.
