2026-07-21T04:44:39+00:00 INFO Creating razorpay webhook
2026-07-21T04:44:40+00:00 INFO createOneCCAddressSyncCron: attempting to schedule daily cron
2026-07-21T04:44:40+00:00 INFO createOneCCAddressSyncCron: scheduled at 2026-07-21 18:30:00
2026-07-21T04:44:40+00:00 INFO create one_cc_plugin_sync_cron successful
2026-07-21T04:44:40+00:00 ERROR The server did not send back a well-formed response. 
Server Response: Array
2026-07-21T04:49:12+00:00 INFO Running webhook cron.
2026-07-21T04:49:12+00:00 INFO Webhook cron execution completed.
2026-07-21T04:54:28+00:00 INFO Running webhook cron.
2026-07-21T04:54:28+00:00 INFO Webhook cron execution completed.
2026-07-21T04:59:12+00:00 INFO Running webhook cron.
2026-07-21T04:59:12+00:00 INFO Webhook cron execution completed.
2026-07-21T05:04:59+00:00 INFO Running webhook cron.
2026-07-21T05:04:59+00:00 INFO Webhook cron execution completed.
2026-07-21T05:09:10+00:00 INFO Running webhook cron.
2026-07-21T05:09:10+00:00 INFO Webhook cron execution completed.
2026-07-21T05:17:07+00:00 INFO Running webhook cron.
2026-07-21T05:17:07+00:00 INFO Webhook cron execution completed.
2026-07-21T05:19:22+00:00 INFO Running webhook cron.
2026-07-21T05:19:22+00:00 INFO Webhook cron execution completed.
2026-07-21T05:25:34+00:00 INFO Running webhook cron.
2026-07-21T05:25:34+00:00 INFO Webhook cron execution completed.
2026-07-21T05:48:54+00:00 INFO Running webhook cron.
2026-07-21T05:48:54+00:00 INFO Webhook cron execution completed.
2026-07-21T05:49:42+00:00 INFO Running webhook cron.
2026-07-21T05:49:42+00:00 INFO Webhook cron execution completed.
2026-07-21T06:26:24+00:00 INFO Running webhook cron.
2026-07-21T06:26:24+00:00 INFO Webhook cron execution completed.
2026-07-21T06:30:28+00:00 INFO Running webhook cron.
2026-07-21T06:30:28+00:00 INFO Webhook cron execution completed.
2026-07-21T06:41:53+00:00 INFO Running webhook cron.
2026-07-21T06:41:53+00:00 INFO Webhook cron execution completed.
2026-07-21T06:44:07+00:00 INFO Running webhook cron.
2026-07-21T06:44:07+00:00 INFO Webhook cron execution completed.
2026-07-21T06:49:35+00:00 INFO Running webhook cron.
2026-07-21T06:49:35+00:00 INFO Webhook cron execution completed.
2026-07-21T07:19:21+00:00 INFO Running webhook cron.
2026-07-21T07:19:21+00:00 INFO Webhook cron execution completed.
2026-07-21T07:28:00+00:00 INFO Running webhook cron.
2026-07-21T07:28:00+00:00 INFO Webhook cron execution completed.
2026-07-21T07:29:39+00:00 INFO Running webhook cron.
2026-07-21T07:29:39+00:00 INFO Webhook cron execution completed.
2026-07-21T07:39:10+00:00 INFO Running webhook cron.
2026-07-21T07:39:10+00:00 INFO Webhook cron execution completed.
2026-07-21T07:44:14+00:00 INFO Running webhook cron.
2026-07-21T07:44:14+00:00 INFO Webhook cron execution completed.
2026-07-21T07:49:07+00:00 INFO Running webhook cron.
2026-07-21T07:49:07+00:00 INFO Webhook cron execution completed.
2026-07-21T07:52:53+00:00 INFO createOneCCAddressSyncCron: attempting to schedule daily cron
2026-07-21T07:52:53+00:00 INFO createOneCCAddressSyncCron: already scheduled, skipping
2026-07-21T07:54:07+00:00 INFO Running webhook cron.
2026-07-21T07:54:07+00:00 INFO Webhook cron execution completed.
2026-07-21T07:58:56+00:00 INFO rzp_webhook_exec_cron cron created
2026-07-21T07:58:56+00:00 INFO Running webhook cron.
2026-07-21T07:58:56+00:00 INFO Webhook cron execution completed.
2026-07-21T08:04:01+00:00 INFO Running webhook cron.
2026-07-21T08:04:01+00:00 INFO Webhook cron execution completed.
2026-07-21T08:08:58+00:00 INFO Running webhook cron.
2026-07-21T08:08:58+00:00 INFO Webhook cron execution completed.
2026-07-21T08:13:56+00:00 INFO Running webhook cron.
2026-07-21T08:13:56+00:00 INFO Webhook cron execution completed.
2026-07-21T08:19:16+00:00 INFO Running webhook cron.
2026-07-21T08:19:16+00:00 INFO Webhook cron execution completed.
2026-07-21T08:23:56+00:00 INFO Running webhook cron.
2026-07-21T08:23:56+00:00 INFO Webhook cron execution completed.
2026-07-21T08:29:57+00:00 INFO Running webhook cron.
2026-07-21T08:29:57+00:00 INFO Webhook cron execution completed.
2026-07-21T08:33:59+00:00 INFO Running webhook cron.
2026-07-21T08:33:59+00:00 INFO Webhook cron execution completed.
2026-07-21T08:41:33+00:00 INFO Running webhook cron.
2026-07-21T08:41:33+00:00 INFO Webhook cron execution completed.
2026-07-21T08:53:58+00:00 INFO Running webhook cron.
2026-07-21T08:53:58+00:00 INFO Webhook cron execution completed.
2026-07-21T08:58:56+00:00 INFO Running webhook cron.
2026-07-21T08:58:56+00:00 INFO Webhook cron execution completed.
2026-07-21T09:04:12+00:00 INFO Running webhook cron.
2026-07-21T09:04:12+00:00 INFO Webhook cron execution completed.
2026-07-21T09:05:18+00:00 INFO createOneCCAddressSyncCron: attempting to schedule daily cron
2026-07-21T09:05:18+00:00 INFO createOneCCAddressSyncCron: already scheduled, skipping
2026-07-21T09:08:57+00:00 INFO Running webhook cron.
2026-07-21T09:08:57+00:00 INFO Webhook cron execution completed.
2026-07-21T09:16:43+00:00 INFO Running webhook cron.
2026-07-21T09:16:43+00:00 INFO Webhook cron execution completed.
2026-07-21T09:16:54+00:00 INFO rzp_webhook_exec_cron cron created
2026-07-21T09:16:54+00:00 INFO Running webhook cron.
2026-07-21T09:16:54+00:00 INFO Webhook cron execution completed.
2026-07-21T09:48:31+00:00 INFO Running webhook cron.
2026-07-21T09:48:31+00:00 INFO Webhook cron execution completed.
2026-07-21T09:52:22+00:00 INFO Running webhook cron.
2026-07-21T09:52:22+00:00 INFO Webhook cron execution completed.
2026-07-21T10:02:42+00:00 INFO Running webhook cron.
2026-07-21T10:02:42+00:00 INFO Webhook cron execution completed.
2026-07-21T10:52:55+00:00 INFO Running webhook cron.
2026-07-21T10:52:55+00:00 INFO Webhook cron execution completed.
2026-07-21T11:20:04+00:00 INFO Running webhook cron.
2026-07-21T11:20:04+00:00 INFO Webhook cron execution completed.
2026-07-21T11:32:41+00:00 INFO Running webhook cron.
2026-07-21T11:32:41+00:00 INFO Webhook cron execution completed.
2026-07-21T11:45:06+00:00 INFO Running webhook cron.
2026-07-21T11:45:06+00:00 INFO Webhook cron execution completed.
2026-07-21T11:47:57+00:00 INFO Running webhook cron.
2026-07-21T11:47:57+00:00 INFO Webhook cron execution completed.
2026-07-21T11:55:58+00:00 INFO Running webhook cron.
2026-07-21T11:55:58+00:00 INFO Webhook cron execution completed.
2026-07-21T12:15:56+00:00 INFO Running webhook cron.
2026-07-21T12:15:56+00:00 INFO Webhook cron execution completed.
2026-07-21T12:21:40+00:00 INFO Running webhook cron.
2026-07-21T12:21:40+00:00 INFO Webhook cron execution completed.
2026-07-21T12:26:34+00:00 INFO Running webhook cron.
2026-07-21T12:26:34+00:00 INFO Webhook cron execution completed.
2026-07-21T12:31:02+00:00 INFO Running webhook cron.
2026-07-21T12:31:02+00:00 INFO Webhook cron execution completed.
2026-07-21T12:46:04+00:00 INFO Running webhook cron.
2026-07-21T12:46:04+00:00 INFO Webhook cron execution completed.
2026-07-21T12:53:17+00:00 INFO Running webhook cron.
2026-07-21T12:53:17+00:00 INFO Webhook cron execution completed.
2026-07-21T12:59:31+00:00 INFO Running webhook cron.
2026-07-21T12:59:31+00:00 INFO Webhook cron execution completed.
2026-07-21T13:19:37+00:00 INFO Running webhook cron.
2026-07-21T13:19:37+00:00 INFO Webhook cron execution completed.
2026-07-21T13:29:57+00:00 INFO Running webhook cron.
2026-07-21T13:29:57+00:00 INFO Webhook cron execution completed.
2026-07-21T13:46:56+00:00 INFO Running webhook cron.
2026-07-21T13:46:56+00:00 INFO Webhook cron execution completed.
2026-07-21T14:02:13+00:00 INFO Running webhook cron.
2026-07-21T14:02:13+00:00 INFO Webhook cron execution completed.
2026-07-21T14:10:56+00:00 INFO Running webhook cron.
2026-07-21T14:10:56+00:00 INFO Webhook cron execution completed.
2026-07-21T14:16:55+00:00 INFO Running webhook cron.
2026-07-21T14:16:55+00:00 INFO Webhook cron execution completed.
2026-07-21T14:33:28+00:00 INFO Running webhook cron.
2026-07-21T14:33:28+00:00 INFO Webhook cron execution completed.
2026-07-21T14:47:54+00:00 INFO Running webhook cron.
2026-07-21T14:47:54+00:00 INFO Webhook cron execution completed.
2026-07-21T14:57:06+00:00 INFO Running webhook cron.
2026-07-21T14:57:06+00:00 INFO Webhook cron execution completed.
2026-07-21T15:02:55+00:00 INFO Running webhook cron.
2026-07-21T15:02:55+00:00 INFO Webhook cron execution completed.
2026-07-21T15:12:10+00:00 INFO Running webhook cron.
2026-07-21T15:12:10+00:00 INFO Webhook cron execution completed.
2026-07-21T15:23:08+00:00 INFO Running webhook cron.
2026-07-21T15:23:08+00:00 INFO Webhook cron execution completed.
2026-07-21T15:30:25+00:00 INFO Running webhook cron.
2026-07-21T15:30:25+00:00 INFO Webhook cron execution completed.
2026-07-21T15:47:00+00:00 INFO Running webhook cron.
2026-07-21T15:47:00+00:00 INFO Webhook cron execution completed.
2026-07-21T16:15:47+00:00 INFO Running webhook cron.
2026-07-21T16:15:47+00:00 INFO Webhook cron execution completed.
2026-07-21T16:24:04+00:00 INFO Running webhook cron.
2026-07-21T16:24:04+00:00 INFO Webhook cron execution completed.
2026-07-21T16:51:51+00:00 INFO Running webhook cron.
2026-07-21T16:51:51+00:00 INFO Webhook cron execution completed.
2026-07-21T16:51:54+00:00 INFO Running webhook cron.
2026-07-21T16:51:54+00:00 INFO Webhook cron execution completed.
2026-07-21T17:08:24+00:00 INFO Running webhook cron.
2026-07-21T17:08:24+00:00 INFO Webhook cron execution completed.
2026-07-21T17:37:54+00:00 INFO Running webhook cron.
2026-07-21T17:37:54+00:00 INFO Webhook cron execution completed.
2026-07-21T17:50:52+00:00 INFO Running webhook cron.
2026-07-21T17:50:52+00:00 INFO Webhook cron execution completed.
2026-07-21T18:33:10+00:00 INFO Running webhook cron.
2026-07-21T18:33:10+00:00 INFO Webhook cron execution completed.
2026-07-21T18:33:10+00:00 INFO runOneCCAddressSync: [daily] budget=296.8min (until 05:00 IST)
2026-07-21T18:33:10+00:00 INFO makeAPICall: url: woocommerce/config is success
2026-07-21T18:33:10+00:00 INFO sync: confirmed_order_id=0, maxSeconds=17810
2026-07-21T18:33:10+00:00 INFO makeJSONAPICall: url: woocommerce/ingest is success
2026-07-21T18:33:10+00:00 INFO sync: config_received event sent at order_id=0
2026-07-21T18:33:10+00:00 INFO sync: upper_order_id=761, confirmed_order_id=0
2026-07-21T18:33:10+00:00 INFO getNextBatch: confirmed_order_id=0, orders=12
2026-07-21T18:33:10+00:00 INFO sync: posting 12 addresses at order_id=761
2026-07-21T18:33:10+00:00 INFO makeJSONAPICall: url: woocommerce/ingest is success
2026-07-21T18:33:12+00:00 INFO getNextBatch: confirmed_order_id=761, orders=0
2026-07-21T18:33:12+00:00 INFO sync: completed. cursor_order_id=761, upper_order_id=761
2026-07-21T18:33:12+00:00 INFO makeJSONAPICall: url: woocommerce/ingest is success
2026-07-21T19:02:26+00:00 INFO Running webhook cron.
2026-07-21T19:02:26+00:00 INFO Webhook cron execution completed.
2026-07-21T19:22:15+00:00 INFO Running webhook cron.
2026-07-21T19:22:15+00:00 INFO Webhook cron execution completed.
2026-07-21T19:32:33+00:00 INFO Running webhook cron.
2026-07-21T19:32:33+00:00 INFO Webhook cron execution completed.
2026-07-21T20:07:05+00:00 INFO Running webhook cron.
2026-07-21T20:07:05+00:00 INFO Webhook cron execution completed.
2026-07-21T20:34:50+00:00 INFO Running webhook cron.
2026-07-21T20:34:50+00:00 INFO Webhook cron execution completed.
2026-07-21T20:59:46+00:00 INFO Running webhook cron.
2026-07-21T20:59:46+00:00 INFO Webhook cron execution completed.
2026-07-21T20:59:46+00:00 INFO Execute one_cc_plugin_sync_cron successful
2026-07-21T20:59:47+00:00 ERROR 
2026-07-21T21:10:52+00:00 INFO Running webhook cron.
2026-07-21T21:10:52+00:00 INFO Webhook cron execution completed.
2026-07-21T21:26:30+00:00 INFO Running webhook cron.
2026-07-21T21:26:30+00:00 INFO Webhook cron execution completed.
2026-07-21T21:31:14+00:00 INFO Running webhook cron.
2026-07-21T21:31:14+00:00 INFO Webhook cron execution completed.
2026-07-21T21:33:12+00:00 INFO Running webhook cron.
2026-07-21T21:33:12+00:00 INFO Webhook cron execution completed.
2026-07-21T21:36:54+00:00 INFO Running webhook cron.
2026-07-21T21:36:54+00:00 INFO Webhook cron execution completed.
2026-07-21T21:46:01+00:00 INFO Running webhook cron.
2026-07-21T21:46:01+00:00 INFO Webhook cron execution completed.
2026-07-21T21:50:35+00:00 INFO Running webhook cron.
2026-07-21T21:50:35+00:00 INFO Webhook cron execution completed.
2026-07-21T21:55:11+00:00 INFO Running webhook cron.
2026-07-21T21:55:11+00:00 INFO Webhook cron execution completed.
2026-07-21T21:59:53+00:00 INFO Running webhook cron.
2026-07-21T21:59:53+00:00 INFO Webhook cron execution completed.
2026-07-21T22:03:34+00:00 INFO Running webhook cron.
2026-07-21T22:03:34+00:00 INFO Webhook cron execution completed.
2026-07-21T22:08:14+00:00 INFO Running webhook cron.
2026-07-21T22:08:14+00:00 INFO Webhook cron execution completed.
2026-07-21T22:12:26+00:00 INFO Running webhook cron.
2026-07-21T22:12:26+00:00 INFO Webhook cron execution completed.
2026-07-21T22:21:02+00:00 INFO Running webhook cron.
2026-07-21T22:21:02+00:00 INFO Webhook cron execution completed.
2026-07-21T22:25:26+00:00 INFO Running webhook cron.
2026-07-21T22:25:26+00:00 INFO Webhook cron execution completed.
2026-07-21T22:28:37+00:00 INFO Running webhook cron.
2026-07-21T22:28:37+00:00 INFO Webhook cron execution completed.
2026-07-21T22:33:22+00:00 INFO Running webhook cron.
2026-07-21T22:33:22+00:00 INFO Webhook cron execution completed.
2026-07-21T22:38:02+00:00 INFO Running webhook cron.
2026-07-21T22:38:02+00:00 INFO Webhook cron execution completed.
2026-07-21T22:42:42+00:00 INFO Running webhook cron.
2026-07-21T22:42:42+00:00 INFO Webhook cron execution completed.
2026-07-21T22:48:01+00:00 INFO Running webhook cron.
2026-07-21T22:48:01+00:00 INFO Webhook cron execution completed.
2026-07-21T22:52:13+00:00 INFO Running webhook cron.
2026-07-21T22:52:13+00:00 INFO Webhook cron execution completed.
2026-07-21T23:03:02+00:00 INFO Running webhook cron.
2026-07-21T23:03:02+00:00 INFO Webhook cron execution completed.
2026-07-21T23:08:03+00:00 INFO Running webhook cron.
2026-07-21T23:08:03+00:00 INFO Webhook cron execution completed.
2026-07-21T23:16:05+00:00 INFO Running webhook cron.
2026-07-21T23:16:05+00:00 INFO Webhook cron execution completed.
2026-07-21T23:27:28+00:00 INFO Running webhook cron.
2026-07-21T23:27:28+00:00 INFO Webhook cron execution completed.
2026-07-21T23:35:49+00:00 INFO Running webhook cron.
2026-07-21T23:35:49+00:00 INFO Webhook cron execution completed.
2026-07-21T23:40:57+00:00 INFO Running webhook cron.
2026-07-21T23:40:57+00:00 INFO Webhook cron execution completed.
2026-07-21T23:42:30+00:00 INFO Running webhook cron.
2026-07-21T23:42:30+00:00 INFO Webhook cron execution completed.
2026-07-21T23:50:13+00:00 INFO Running webhook cron.
2026-07-21T23:50:13+00:00 INFO Webhook cron execution completed.
2026-07-21T23:59:36+00:00 INFO Running webhook cron.
2026-07-21T23:59:36+00:00 INFO Webhook cron execution completed.
