2026-08-17T05:28:11+00:00 INFO Running webhook cron.
2026-08-17T05:28:12+00:00 INFO Webhook cron execution completed.
2026-08-17T05:28:37+00:00 INFO runOneCCAddressSync: [daily] past 05:00 IST hard stop, skipping this run
2026-08-17T13:20:49+00:00 INFO Running webhook cron.
2026-08-17T13:20:49+00:00 INFO Running webhook cron.
2026-08-17T13:20:49+00:00 INFO Webhook cron execution completed.
2026-08-17T13:20:49+00:00 INFO Webhook cron execution completed.
2026-08-17T13:39:23+00:00 INFO rzp_webhook_exec_cron cron created
2026-08-17T13:39:33+00:00 INFO Running webhook cron.
2026-08-17T13:39:33+00:00 INFO Webhook cron execution completed.
2026-08-17T13:45:07+00:00 INFO Running webhook cron.
2026-08-17T13:45:07+00:00 INFO Webhook cron execution completed.
2026-08-17T13:49:54+00:00 INFO Running webhook cron.
2026-08-17T13:49:54+00:00 INFO Webhook cron execution completed.
2026-08-17T14:34:10+00:00 INFO Running webhook cron.
2026-08-17T14:34:10+00:00 INFO Webhook cron execution completed.
2026-08-17T14:34:47+00:00 INFO Running webhook cron.
2026-08-17T14:34:47+00:00 INFO Webhook cron execution completed.
2026-08-17T14:41:34+00:00 INFO Running webhook cron.
2026-08-17T14:41:34+00:00 INFO Webhook cron execution completed.
2026-08-17T14:45:46+00:00 INFO Running webhook cron.
2026-08-17T14:45:46+00:00 INFO Webhook cron execution completed.
2026-08-17T14:53:51+00:00 INFO Running webhook cron.
2026-08-17T14:53:51+00:00 INFO Webhook cron execution completed.
2026-08-17T14:54:24+00:00 INFO Running webhook cron.
2026-08-17T14:54:24+00:00 INFO Webhook cron execution completed.
2026-08-17T15:03:05+00:00 INFO Running webhook cron.
2026-08-17T15:03:05+00:00 INFO Webhook cron execution completed.
2026-08-17T15:13:03+00:00 INFO Running webhook cron.
2026-08-17T15:13:03+00:00 INFO Webhook cron execution completed.
2026-08-17T15:15:16+00:00 INFO Running webhook cron.
2026-08-17T15:15:16+00:00 INFO Webhook cron execution completed.
2026-08-17T15:56:55+00:00 INFO Running webhook cron.
2026-08-17T15:56:55+00:00 INFO Webhook cron execution completed.
2026-08-17T16:33:03+00:00 INFO Running webhook cron.
2026-08-17T16:33:03+00:00 INFO Webhook cron execution completed.
2026-08-17T16:36:36+00:00 INFO Running webhook cron.
2026-08-17T16:36:36+00:00 INFO Webhook cron execution completed.
2026-08-17T16:50:05+00:00 INFO Running webhook cron.
2026-08-17T16:50:05+00:00 INFO Webhook cron execution completed.
2026-08-17T17:27:16+00:00 INFO Running webhook cron.
2026-08-17T17:27:16+00:00 INFO Webhook cron execution completed.
2026-08-17T17:32:41+00:00 INFO Running webhook cron.
2026-08-17T17:32:41+00:00 INFO Webhook cron execution completed.
2026-08-17T17:36:08+00:00 INFO Running webhook cron.
2026-08-17T17:36:08+00:00 INFO Webhook cron execution completed.
2026-08-17T17:39:23+00:00 INFO Running webhook cron.
2026-08-17T17:39:23+00:00 INFO Webhook cron execution completed.
2026-08-17T17:45:17+00:00 INFO Running webhook cron.
2026-08-17T17:45:17+00:00 INFO Webhook cron execution completed.
2026-08-17T17:54:49+00:00 INFO Running webhook cron.
2026-08-17T17:54:49+00:00 INFO Webhook cron execution completed.
2026-08-17T18:00:10+00:00 INFO Running webhook cron.
2026-08-17T18:00:10+00:00 INFO Webhook cron execution completed.
2026-08-17T18:05:40+00:00 INFO Running webhook cron.
2026-08-17T18:05:40+00:00 INFO Webhook cron execution completed.
2026-08-17T18:09:44+00:00 INFO Running webhook cron.
2026-08-17T18:09:44+00:00 INFO Webhook cron execution completed.
2026-08-17T18:19:07+00:00 INFO Running webhook cron.
2026-08-17T18:19:07+00:00 INFO Webhook cron execution completed.
2026-08-17T18:20:15+00:00 INFO Running webhook cron.
2026-08-17T18:20:15+00:00 INFO Webhook cron execution completed.
2026-08-17T18:26:49+00:00 INFO Running webhook cron.
2026-08-17T18:26:49+00:00 INFO Webhook cron execution completed.
2026-08-17T18:37:39+00:00 INFO Running webhook cron.
2026-08-17T18:37:39+00:00 INFO Webhook cron execution completed.
2026-08-17T18:37:39+00:00 INFO runOneCCAddressSync: [daily] budget=292.4min (until 05:00 IST)
2026-08-17T18:37:40+00:00 INFO makeAPICall: url: woocommerce/config is success
2026-08-17T18:37:40+00:00 INFO sync: confirmed_order_id=776, maxSeconds=17541
2026-08-17T18:37:42+00:00 INFO makeJSONAPICall: url: woocommerce/ingest is success
2026-08-17T18:37:42+00:00 INFO sync: config_received event sent at order_id=776
2026-08-17T18:37:42+00:00 INFO sync: upper_order_id=784, confirmed_order_id=776
2026-08-17T18:37:43+00:00 INFO getNextBatch: confirmed_order_id=776, orders=7
2026-08-17T18:37:43+00:00 INFO sync: posting 7 addresses at order_id=784
2026-08-17T18:37:44+00:00 INFO makeJSONAPICall: url: woocommerce/ingest is success
2026-08-17T18:37:46+00:00 INFO getNextBatch: confirmed_order_id=784, orders=0
2026-08-17T18:37:46+00:00 INFO sync: completed. cursor_order_id=784, upper_order_id=784
2026-08-17T18:37:46+00:00 INFO makeJSONAPICall: url: woocommerce/ingest is success
2026-08-17T18:39:42+00:00 INFO Running webhook cron.
2026-08-17T18:39:42+00:00 INFO Webhook cron execution completed.
2026-08-17T18:47:44+00:00 INFO Running webhook cron.
2026-08-17T18:47:44+00:00 INFO Webhook cron execution completed.
2026-08-17T18:49:58+00:00 INFO Running webhook cron.
2026-08-17T18:49:58+00:00 INFO Webhook cron execution completed.
2026-08-17T18:54:34+00:00 INFO Running webhook cron.
2026-08-17T18:54:34+00:00 INFO Webhook cron execution completed.
2026-08-17T19:17:14+00:00 INFO Running webhook cron.
2026-08-17T19:17:14+00:00 INFO Webhook cron execution completed.
2026-08-17T19:19:32+00:00 INFO Running webhook cron.
2026-08-17T19:19:32+00:00 INFO Webhook cron execution completed.
2026-08-17T19:24:25+00:00 INFO Running webhook cron.
2026-08-17T19:24:25+00:00 INFO Webhook cron execution completed.
2026-08-17T19:31:34+00:00 INFO Running webhook cron.
2026-08-17T19:31:34+00:00 INFO Webhook cron execution completed.
2026-08-17T19:34:59+00:00 INFO Running webhook cron.
2026-08-17T19:34:59+00:00 INFO Webhook cron execution completed.
2026-08-17T19:42:56+00:00 INFO Running webhook cron.
2026-08-17T19:42:56+00:00 INFO Webhook cron execution completed.
2026-08-17T19:47:28+00:00 INFO Running webhook cron.
2026-08-17T19:47:28+00:00 INFO Webhook cron execution completed.
2026-08-17T19:50:59+00:00 INFO Running webhook cron.
2026-08-17T19:50:59+00:00 INFO Webhook cron execution completed.
2026-08-17T19:54:33+00:00 INFO Running webhook cron.
2026-08-17T19:54:33+00:00 INFO Webhook cron execution completed.
2026-08-17T20:00:08+00:00 INFO Running webhook cron.
2026-08-17T20:00:08+00:00 INFO Webhook cron execution completed.
2026-08-17T20:04:24+00:00 INFO Running webhook cron.
2026-08-17T20:04:24+00:00 INFO Webhook cron execution completed.
2026-08-17T20:09:46+00:00 INFO Running webhook cron.
2026-08-17T20:09:46+00:00 INFO Webhook cron execution completed.
2026-08-17T20:14:46+00:00 INFO Running webhook cron.
2026-08-17T20:14:46+00:00 INFO Webhook cron execution completed.
