2026-08-18T01:36:37+00:00 INFO Running webhook cron.
2026-08-18T01:36:37+00:00 INFO Webhook cron execution completed.
2026-08-18T02:12:19+00:00 INFO Running webhook cron.
2026-08-18T02:12:19+00:00 INFO Webhook cron execution completed.
2026-08-18T02:17:02+00:00 INFO Running webhook cron.
2026-08-18T02:17:02+00:00 INFO Webhook cron execution completed.
2026-08-18T02:57:47+00:00 INFO Running webhook cron.
2026-08-18T02:57:47+00:00 INFO Webhook cron execution completed.
2026-08-18T03:05:39+00:00 INFO Running webhook cron.
2026-08-18T03:05:39+00:00 INFO Webhook cron execution completed.
2026-08-18T04:06:00+00:00 INFO Running webhook cron.
2026-08-18T04:06:00+00:00 INFO Webhook cron execution completed.
2026-08-18T04:35:04+00:00 INFO Running webhook cron.
2026-08-18T04:35:04+00:00 INFO Webhook cron execution completed.
2026-08-18T04:42:09+00:00 INFO Running webhook cron.
2026-08-18T04:42:09+00:00 INFO Webhook cron execution completed.
2026-08-18T04:47:14+00:00 INFO Running webhook cron.
2026-08-18T04:47:14+00:00 INFO Webhook cron execution completed.
2026-08-18T05:05:08+00:00 INFO Running webhook cron.
2026-08-18T05:05:08+00:00 INFO Webhook cron execution completed.
2026-08-18T05:11:35+00:00 INFO Running webhook cron.
2026-08-18T05:11:35+00:00 INFO Webhook cron execution completed.
2026-08-18T05:14:33+00:00 INFO Running webhook cron.
2026-08-18T05:14:33+00:00 INFO Webhook cron execution completed.
2026-08-18T05:21:01+00:00 INFO Running webhook cron.
2026-08-18T05:21:01+00:00 INFO Webhook cron execution completed.
2026-08-18T06:14:29+00:00 INFO Running webhook cron.
2026-08-18T06:14:29+00:00 INFO Webhook cron execution completed.
2026-08-18T06:47:12+00:00 INFO Running webhook cron.
2026-08-18T06:47:12+00:00 INFO Webhook cron execution completed.
2026-08-18T07:05:41+00:00 INFO Running webhook cron.
2026-08-18T07:05:41+00:00 INFO Webhook cron execution completed.
2026-08-18T07:37:35+00:00 INFO Running webhook cron.
2026-08-18T07:37:35+00:00 INFO Webhook cron execution completed.
2026-08-18T07:41:23+00:00 INFO Running webhook cron.
2026-08-18T07:41:23+00:00 INFO Webhook cron execution completed.
2026-08-18T08:46:33+00:00 INFO Running webhook cron.
2026-08-18T08:46:33+00:00 INFO Webhook cron execution completed.
2026-08-18T09:39:30+00:00 INFO Running webhook cron.
2026-08-18T09:39:30+00:00 INFO Webhook cron execution completed.
2026-08-18T09:44:52+00:00 INFO Running webhook cron.
2026-08-18T09:44:52+00:00 INFO Webhook cron execution completed.
2026-08-18T09:50:48+00:00 INFO Running webhook cron.
2026-08-18T09:50:48+00:00 INFO Webhook cron execution completed.
2026-08-18T10:35:23+00:00 INFO Running webhook cron.
2026-08-18T10:35:23+00:00 INFO Webhook cron execution completed.
2026-08-18T11:14:04+00:00 INFO Running webhook cron.
2026-08-18T11:14:04+00:00 INFO Webhook cron execution completed.
2026-08-18T11:31:47+00:00 INFO Running webhook cron.
2026-08-18T11:31:47+00:00 INFO Webhook cron execution completed.
2026-08-18T13:02:03+00:00 INFO Running webhook cron.
2026-08-18T13:02:03+00:00 INFO Webhook cron execution completed.
2026-08-18T13:11:22+00:00 INFO Running webhook cron.
2026-08-18T13:11:22+00:00 INFO Webhook cron execution completed.
2026-08-18T13:16:17+00:00 INFO Running webhook cron.
2026-08-18T13:16:17+00:00 INFO Webhook cron execution completed.
2026-08-18T13:37:24+00:00 INFO Running webhook cron.
2026-08-18T13:37:24+00:00 INFO Webhook cron execution completed.
2026-08-18T13:38:19+00:00 INFO createOneCCAddressSyncCron: attempting to schedule daily cron
2026-08-18T13:38:19+00:00 INFO createOneCCAddressSyncCron: already scheduled, skipping
2026-08-18T13:38:19+00:00 INFO create one_cc_plugin_sync_cron successful
2026-08-18T13:39:10+00:00 INFO Running webhook cron.
2026-08-18T13:39:10+00:00 INFO Webhook cron execution completed.
2026-08-18T13:44:20+00:00 INFO Running webhook cron.
2026-08-18T13:44:20+00:00 INFO Webhook cron execution completed.
2026-08-18T13:44:20+00:00 INFO Running webhook cron.
2026-08-18T13:44:20+00:00 INFO Webhook cron execution completed.
2026-08-18T13:45:50+00:00 INFO createOneCCAddressSyncCron: attempting to schedule daily cron
2026-08-18T13:45:50+00:00 INFO createOneCCAddressSyncCron: already scheduled, skipping
2026-08-18T13:45:50+00:00 INFO create one_cc_plugin_sync_cron successful
2026-08-18T13:45:55+00:00 INFO createOneCCAddressSyncCron: attempting to schedule daily cron
2026-08-18T13:45:55+00:00 INFO createOneCCAddressSyncCron: already scheduled, skipping
2026-08-18T13:45:55+00:00 INFO create one_cc_plugin_sync_cron successful
2026-08-18T13:46:45+00:00 INFO createOneCCAddressSyncCron: attempting to schedule daily cron
2026-08-18T13:46:45+00:00 INFO createOneCCAddressSyncCron: already scheduled, skipping
2026-08-18T13:46:45+00:00 INFO create one_cc_plugin_sync_cron successful
2026-08-18T13:49:15+00:00 INFO Running webhook cron.
2026-08-18T13:49:15+00:00 INFO Webhook cron execution completed.
2026-08-18T13:54:35+00:00 INFO Running webhook cron.
2026-08-18T13:54:35+00:00 INFO Webhook cron execution completed.
2026-08-18T13:59:34+00:00 INFO Running webhook cron.
2026-08-18T13:59:34+00:00 INFO Webhook cron execution completed.
2026-08-18T14:04:38+00:00 INFO Running webhook cron.
2026-08-18T14:04:38+00:00 INFO Webhook cron execution completed.
2026-08-18T14:04:38+00:00 INFO Running webhook cron.
2026-08-18T14:04:38+00:00 INFO Webhook cron execution completed.
2026-08-18T14:09:51+00:00 INFO Running webhook cron.
2026-08-18T14:09:51+00:00 INFO Webhook cron execution completed.
2026-08-18T14:14:33+00:00 INFO Running webhook cron.
2026-08-18T14:14:33+00:00 INFO Webhook cron execution completed.
2026-08-18T14:19:54+00:00 INFO Running webhook cron.
2026-08-18T14:19:54+00:00 INFO Webhook cron execution completed.
2026-08-18T14:26:05+00:00 INFO Running webhook cron.
2026-08-18T14:26:05+00:00 INFO Webhook cron execution completed.
2026-08-18T14:32:39+00:00 INFO Running webhook cron.
2026-08-18T14:32:39+00:00 INFO Webhook cron execution completed.
2026-08-18T14:35:30+00:00 INFO Running webhook cron.
2026-08-18T14:35:30+00:00 INFO Webhook cron execution completed.
2026-08-18T14:40:13+00:00 INFO Running webhook cron.
2026-08-18T14:40:13+00:00 INFO Webhook cron execution completed.
2026-08-18T14:45:27+00:00 INFO Running webhook cron.
2026-08-18T14:45:27+00:00 INFO Webhook cron execution completed.
2026-08-18T15:27:42+00:00 INFO Running webhook cron.
2026-08-18T15:27:42+00:00 INFO Webhook cron execution completed.
2026-08-18T15:29:36+00:00 INFO Running webhook cron.
2026-08-18T15:29:36+00:00 INFO Webhook cron execution completed.
2026-08-18T15:47:50+00:00 INFO Running webhook cron.
2026-08-18T15:47:50+00:00 INFO Webhook cron execution completed.
2026-08-18T15:51:40+00:00 INFO Running webhook cron.
2026-08-18T15:51:40+00:00 INFO Webhook cron execution completed.
2026-08-18T16:27:20+00:00 INFO Running webhook cron.
2026-08-18T16:27:20+00:00 INFO Webhook cron execution completed.
2026-08-18T17:09:48+00:00 INFO Running webhook cron.
2026-08-18T17:09:49+00:00 INFO Webhook cron execution completed.
2026-08-18T17:32:29+00:00 INFO Running webhook cron.
2026-08-18T17:32:29+00:00 INFO Webhook cron execution completed.
2026-08-18T17:40:23+00:00 INFO Running webhook cron.
2026-08-18T17:40:23+00:00 INFO Webhook cron execution completed.
2026-08-18T17:46:35+00:00 INFO Running webhook cron.
2026-08-18T17:46:35+00:00 INFO Webhook cron execution completed.
2026-08-18T17:53:57+00:00 INFO Running webhook cron.
2026-08-18T17:53:57+00:00 INFO Webhook cron execution completed.
2026-08-18T19:44:56+00:00 INFO Running webhook cron.
2026-08-18T19:44:56+00:00 INFO Webhook cron execution completed.
2026-08-18T19:44:58+00:00 INFO runOneCCAddressSync: [daily] budget=225min (until 05:00 IST)
2026-08-18T19:44:58+00:00 INFO makeAPICall: url: woocommerce/config is success
2026-08-18T19:44:58+00:00 INFO sync: confirmed_order_id=784, maxSeconds=13502
2026-08-18T19:44:58+00:00 INFO makeJSONAPICall: url: woocommerce/ingest is success
2026-08-18T19:44:58+00:00 INFO sync: config_received event sent at order_id=784
2026-08-18T19:44:58+00:00 INFO sync: upper_order_id=778, confirmed_order_id=784
2026-08-18T19:44:58+00:00 INFO getNextBatch: confirmed_order_id=784, orders=0
2026-08-18T19:44:58+00:00 INFO sync: completed. cursor_order_id=784, upper_order_id=778
2026-08-18T19:44:58+00:00 INFO makeJSONAPICall: url: woocommerce/ingest is success
2026-08-18T21:49:59+00:00 INFO Running webhook cron.
2026-08-18T21:49:59+00:00 INFO Webhook cron execution completed.
2026-08-18T22:47:28+00:00 INFO Running webhook cron.
2026-08-18T22:47:28+00:00 INFO Webhook cron execution completed.
