2026-08-24T00:47:29+00:00 INFO Running webhook cron.
2026-08-24T00:47:29+00:00 INFO Webhook cron execution completed.
2026-08-24T01:12:28+00:00 INFO Running webhook cron.
2026-08-24T01:12:28+00:00 INFO Webhook cron execution completed.
2026-08-24T01:26:56+00:00 INFO Running webhook cron.
2026-08-24T01:26:56+00:00 INFO Webhook cron execution completed.
2026-08-24T01:37:37+00:00 INFO Running webhook cron.
2026-08-24T01:37:37+00:00 INFO Webhook cron execution completed.
2026-08-24T01:41:07+00:00 INFO Running webhook cron.
2026-08-24T01:41:07+00:00 INFO Webhook cron execution completed.
2026-08-24T01:46:08+00:00 INFO Running webhook cron.
2026-08-24T01:46:08+00:00 INFO Webhook cron execution completed.
2026-08-24T02:11:42+00:00 INFO Running webhook cron.
2026-08-24T02:11:42+00:00 INFO Webhook cron execution completed.
2026-08-24T02:27:20+00:00 INFO Running webhook cron.
2026-08-24T02:27:20+00:00 INFO Webhook cron execution completed.
2026-08-24T02:33:37+00:00 INFO Running webhook cron.
2026-08-24T02:33:37+00:00 INFO Webhook cron execution completed.
2026-08-24T02:35:46+00:00 INFO Running webhook cron.
2026-08-24T02:35:46+00:00 INFO Webhook cron execution completed.
2026-08-24T02:39:36+00:00 INFO Running webhook cron.
2026-08-24T02:39:36+00:00 INFO Webhook cron execution completed.
2026-08-24T02:44:24+00:00 INFO Running webhook cron.
2026-08-24T02:44:24+00:00 INFO Webhook cron execution completed.
2026-08-24T02:49:12+00:00 INFO Running webhook cron.
2026-08-24T02:49:12+00:00 INFO Webhook cron execution completed.
2026-08-24T02:54:35+00:00 INFO Running webhook cron.
2026-08-24T02:54:35+00:00 INFO Webhook cron execution completed.
2026-08-24T02:59:27+00:00 INFO Running webhook cron.
2026-08-24T02:59:27+00:00 INFO Webhook cron execution completed.
2026-08-24T03:05:01+00:00 INFO Running webhook cron.
2026-08-24T03:05:01+00:00 INFO Webhook cron execution completed.
2026-08-24T03:09:35+00:00 INFO Running webhook cron.
2026-08-24T03:09:35+00:00 INFO Webhook cron execution completed.
2026-08-24T03:15:01+00:00 INFO Running webhook cron.
2026-08-24T03:15:01+00:00 INFO Webhook cron execution completed.
2026-08-24T03:19:51+00:00 INFO Running webhook cron.
2026-08-24T03:19:51+00:00 INFO Webhook cron execution completed.
2026-08-24T03:24:12+00:00 INFO Running webhook cron.
2026-08-24T03:24:12+00:00 INFO Webhook cron execution completed.
2026-08-24T03:30:47+00:00 INFO Running webhook cron.
2026-08-24T03:30:47+00:00 INFO Webhook cron execution completed.
2026-08-24T03:36:56+00:00 INFO Running webhook cron.
2026-08-24T03:36:56+00:00 INFO Webhook cron execution completed.
2026-08-24T04:45:06+00:00 INFO Running webhook cron.
2026-08-24T04:45:06+00:00 INFO Webhook cron execution completed.
2026-08-24T04:50:47+00:00 INFO Running webhook cron.
2026-08-24T04:50:47+00:00 INFO Webhook cron execution completed.
2026-08-24T05:14:17+00:00 INFO Running webhook cron.
2026-08-24T05:14:17+00:00 INFO Webhook cron execution completed.
2026-08-24T05:39:29+00:00 INFO Running webhook cron.
2026-08-24T05:39:29+00:00 INFO Webhook cron execution completed.
2026-08-24T05:56:13+00:00 INFO Running webhook cron.
2026-08-24T05:56:13+00:00 INFO Webhook cron execution completed.
2026-08-24T06:46:03+00:00 INFO Running webhook cron.
2026-08-24T06:46:03+00:00 INFO Webhook cron execution completed.
2026-08-24T07:39:00+00:00 INFO Running webhook cron.
2026-08-24T07:39:01+00:00 INFO Webhook cron execution completed.
2026-08-24T07:45:36+00:00 INFO Running webhook cron.
2026-08-24T07:45:36+00:00 INFO Webhook cron execution completed.
2026-08-24T07:50:14+00:00 INFO Running webhook cron.
2026-08-24T07:50:14+00:00 INFO Webhook cron execution completed.
2026-08-24T08:05:43+00:00 INFO Running webhook cron.
2026-08-24T08:05:43+00:00 INFO Webhook cron execution completed.
2026-08-24T08:39:38+00:00 INFO Running webhook cron.
2026-08-24T08:39:38+00:00 INFO Webhook cron execution completed.
2026-08-24T09:17:48+00:00 INFO Running webhook cron.
2026-08-24T09:17:48+00:00 INFO Webhook cron execution completed.
2026-08-24T09:29:38+00:00 INFO Running webhook cron.
2026-08-24T09:29:38+00:00 INFO Webhook cron execution completed.
2026-08-24T09:50:27+00:00 INFO Running webhook cron.
2026-08-24T09:50:27+00:00 INFO Webhook cron execution completed.
2026-08-24T09:58:04+00:00 INFO Running webhook cron.
2026-08-24T09:58:04+00:00 INFO Webhook cron execution completed.
2026-08-24T10:49:27+00:00 INFO Running webhook cron.
2026-08-24T10:49:27+00:00 INFO Webhook cron execution completed.
2026-08-24T11:26:42+00:00 INFO Running webhook cron.
2026-08-24T11:26:42+00:00 INFO Webhook cron execution completed.
2026-08-24T11:32:44+00:00 INFO Running webhook cron.
2026-08-24T11:32:44+00:00 INFO Webhook cron execution completed.
2026-08-24T11:37:50+00:00 INFO Running webhook cron.
2026-08-24T11:37:50+00:00 INFO Webhook cron execution completed.
2026-08-24T11:45:33+00:00 INFO Running webhook cron.
2026-08-24T11:45:33+00:00 INFO Webhook cron execution completed.
2026-08-24T12:21:12+00:00 INFO Running webhook cron.
2026-08-24T12:21:12+00:00 INFO Webhook cron execution completed.
2026-08-24T12:29:57+00:00 INFO Running webhook cron.
2026-08-24T12:29:57+00:00 INFO Webhook cron execution completed.
2026-08-24T12:44:05+00:00 INFO Running webhook cron.
2026-08-24T12:44:05+00:00 INFO Webhook cron execution completed.
2026-08-24T13:35:32+00:00 INFO Running webhook cron.
2026-08-24T13:35:32+00:00 INFO Webhook cron execution completed.
2026-08-24T13:41:32+00:00 INFO Running webhook cron.
2026-08-24T13:41:32+00:00 INFO Webhook cron execution completed.
2026-08-24T14:01:38+00:00 INFO Running webhook cron.
2026-08-24T14:01:38+00:00 INFO Webhook cron execution completed.
2026-08-24T14:12:08+00:00 INFO Running webhook cron.
2026-08-24T14:12:08+00:00 INFO Webhook cron execution completed.
2026-08-24T14:33:06+00:00 INFO Running webhook cron.
2026-08-24T14:33:06+00:00 INFO Webhook cron execution completed.
2026-08-24T14:34:47+00:00 INFO Running webhook cron.
2026-08-24T14:34:47+00:00 INFO Webhook cron execution completed.
2026-08-24T14:35:06+00:00 INFO createOneCCAddressSyncCron: attempting to schedule daily cron
2026-08-24T14:35:06+00:00 INFO createOneCCAddressSyncCron: already scheduled, skipping
2026-08-24T14:35:06+00:00 INFO create one_cc_plugin_sync_cron successful
2026-08-24T14:35:15+00:00 INFO createOneCCAddressSyncCron: attempting to schedule daily cron
2026-08-24T14:35:15+00:00 INFO createOneCCAddressSyncCron: already scheduled, skipping
2026-08-24T14:35:15+00:00 INFO create one_cc_plugin_sync_cron successful
2026-08-24T14:39:58+00:00 INFO Running webhook cron.
2026-08-24T14:39:58+00:00 INFO Webhook cron execution completed.
2026-08-24T15:07:10+00:00 INFO Running webhook cron.
2026-08-24T15:07:10+00:00 INFO Webhook cron execution completed.
2026-08-24T15:26:13+00:00 INFO Running webhook cron.
2026-08-24T15:26:13+00:00 INFO Webhook cron execution completed.
2026-08-24T15:30:51+00:00 INFO Running webhook cron.
2026-08-24T15:30:51+00:00 INFO Webhook cron execution completed.
2026-08-24T15:41:50+00:00 INFO Running webhook cron.
2026-08-24T15:41:50+00:00 INFO Webhook cron execution completed.
2026-08-24T16:00:55+00:00 INFO Running webhook cron.
2026-08-24T16:00:55+00:00 INFO Webhook cron execution completed.
2026-08-24T16:12:13+00:00 INFO Running webhook cron.
2026-08-24T16:12:13+00:00 INFO Webhook cron execution completed.
2026-08-24T16:19:34+00:00 INFO Running webhook cron.
2026-08-24T16:19:34+00:00 INFO Webhook cron execution completed.
2026-08-24T16:56:22+00:00 INFO Running webhook cron.
2026-08-24T16:56:22+00:00 INFO Webhook cron execution completed.
2026-08-24T17:40:10+00:00 INFO Running webhook cron.
2026-08-24T17:40:10+00:00 INFO Webhook cron execution completed.
2026-08-24T17:46:00+00:00 INFO Running webhook cron.
2026-08-24T17:46:00+00:00 INFO Webhook cron execution completed.
2026-08-24T18:01:04+00:00 INFO Running webhook cron.
2026-08-24T18:01:04+00:00 INFO Webhook cron execution completed.
2026-08-24T18:04:19+00:00 INFO Running webhook cron.
2026-08-24T18:04:19+00:00 INFO Webhook cron execution completed.
2026-08-24T18:23:57+00:00 INFO Running webhook cron.
2026-08-24T18:23:57+00:00 INFO Webhook cron execution completed.
2026-08-24T18:38:35+00:00 INFO Running webhook cron.
2026-08-24T18:38:35+00:00 INFO Webhook cron execution completed.
2026-08-24T18:38:35+00:00 INFO runOneCCAddressSync: [daily] budget=291.4min (until 05:00 IST)
2026-08-24T18:38:35+00:00 INFO makeAPICall: url: woocommerce/config is success
2026-08-24T18:38:35+00:00 INFO sync: confirmed_order_id=786, maxSeconds=17485
2026-08-24T18:38:35+00:00 INFO makeJSONAPICall: url: woocommerce/ingest is success
2026-08-24T18:38:35+00:00 INFO sync: config_received event sent at order_id=786
2026-08-24T18:38:35+00:00 INFO sync: upper_order_id=786, confirmed_order_id=786
2026-08-24T18:38:35+00:00 INFO getNextBatch: confirmed_order_id=786, orders=0
2026-08-24T18:38:35+00:00 INFO sync: completed. cursor_order_id=786, upper_order_id=786
2026-08-24T18:38:35+00:00 INFO makeJSONAPICall: url: woocommerce/ingest is success
2026-08-24T18:43:39+00:00 INFO Running webhook cron.
2026-08-24T18:43:39+00:00 INFO Webhook cron execution completed.
2026-08-24T19:00:10+00:00 INFO Running webhook cron.
2026-08-24T19:00:10+00:00 INFO Webhook cron execution completed.
2026-08-24T19:27:12+00:00 INFO Running webhook cron.
2026-08-24T19:27:12+00:00 INFO Webhook cron execution completed.
2026-08-24T19:32:31+00:00 INFO Running webhook cron.
2026-08-24T19:32:31+00:00 INFO Webhook cron execution completed.
2026-08-24T19:48:55+00:00 INFO Running webhook cron.
2026-08-24T19:48:55+00:00 INFO Webhook cron execution completed.
2026-08-24T21:39:57+00:00 INFO Running webhook cron.
2026-08-24T21:39:57+00:00 INFO Webhook cron execution completed.
2026-08-24T21:49:27+00:00 INFO Running webhook cron.
2026-08-24T21:49:27+00:00 INFO Webhook cron execution completed.
2026-08-24T21:55:03+00:00 INFO Running webhook cron.
2026-08-24T21:55:03+00:00 INFO Webhook cron execution completed.
2026-08-24T22:15:40+00:00 INFO Running webhook cron.
2026-08-24T22:15:40+00:00 INFO Webhook cron execution completed.
2026-08-24T22:44:12+00:00 INFO Running webhook cron.
2026-08-24T22:44:12+00:00 INFO Webhook cron execution completed.
2026-08-24T23:20:09+00:00 INFO Running webhook cron.
2026-08-24T23:20:09+00:00 INFO Webhook cron execution completed.
2026-08-24T23:29:31+00:00 INFO Running webhook cron.
2026-08-24T23:29:31+00:00 INFO Webhook cron execution completed.
2026-08-24T23:50:07+00:00 INFO Running webhook cron.
2026-08-24T23:50:07+00:00 INFO Webhook cron execution completed.
