2026-09-09T00:00:17+00:00 INFO Running webhook cron.
2026-09-09T00:00:17+00:00 INFO Webhook cron execution completed.
2026-09-09T00:57:47+00:00 INFO Running webhook cron.
2026-09-09T00:57:47+00:00 INFO Webhook cron execution completed.
2026-09-09T01:11:28+00:00 INFO Running webhook cron.
2026-09-09T01:11:28+00:00 INFO Webhook cron execution completed.
2026-09-09T01:28:36+00:00 INFO Running webhook cron.
2026-09-09T01:28:36+00:00 INFO Webhook cron execution completed.
2026-09-09T02:06:40+00:00 INFO Running webhook cron.
2026-09-09T02:06:40+00:00 INFO Webhook cron execution completed.
2026-09-09T02:18:54+00:00 INFO Running webhook cron.
2026-09-09T02:18:54+00:00 INFO Webhook cron execution completed.
2026-09-09T03:13:55+00:00 INFO Running webhook cron.
2026-09-09T03:13:55+00:00 INFO Webhook cron execution completed.
2026-09-09T03:38:57+00:00 INFO Running webhook cron.
2026-09-09T03:38:57+00:00 INFO Webhook cron execution completed.
2026-09-09T03:41:34+00:00 INFO Running webhook cron.
2026-09-09T03:41:34+00:00 INFO Webhook cron execution completed.
2026-09-09T03:46:02+00:00 INFO Running webhook cron.
2026-09-09T03:46:02+00:00 INFO Webhook cron execution completed.
2026-09-09T04:02:10+00:00 INFO Running webhook cron.
2026-09-09T04:02:10+00:00 INFO Webhook cron execution completed.
2026-09-09T04:17:00+00:00 INFO Running webhook cron.
2026-09-09T04:17:00+00:00 INFO Webhook cron execution completed.
2026-09-09T04:21:32+00:00 INFO Running webhook cron.
2026-09-09T04:21:32+00:00 INFO Webhook cron execution completed.
2026-09-09T04:53:42+00:00 INFO Running webhook cron.
2026-09-09T04:53:42+00:00 INFO Webhook cron execution completed.
2026-09-09T04:57:03+00:00 INFO Running webhook cron.
2026-09-09T04:57:03+00:00 INFO Webhook cron execution completed.
2026-09-09T05:16:22+00:00 INFO Running webhook cron.
2026-09-09T05:16:22+00:00 INFO Webhook cron execution completed.
2026-09-09T05:32:31+00:00 INFO Running webhook cron.
2026-09-09T05:32:31+00:00 INFO Webhook cron execution completed.
2026-09-09T05:34:32+00:00 INFO Running webhook cron.
2026-09-09T05:34:32+00:00 INFO Webhook cron execution completed.
2026-09-09T06:35:16+00:00 INFO Running webhook cron.
2026-09-09T06:35:16+00:00 INFO Webhook cron execution completed.
2026-09-09T06:43:48+00:00 INFO Running webhook cron.
2026-09-09T06:43:48+00:00 INFO Webhook cron execution completed.
2026-09-09T07:05:50+00:00 INFO Running webhook cron.
2026-09-09T07:05:50+00:00 INFO Webhook cron execution completed.
2026-09-09T07:11:25+00:00 INFO Running webhook cron.
2026-09-09T07:11:25+00:00 INFO Webhook cron execution completed.
2026-09-09T07:24:30+00:00 INFO Running webhook cron.
2026-09-09T07:24:30+00:00 INFO Webhook cron execution completed.
2026-09-09T07:29:57+00:00 INFO Running webhook cron.
2026-09-09T07:29:58+00:00 INFO Webhook cron execution completed.
2026-09-09T07:39:26+00:00 INFO Running webhook cron.
2026-09-09T07:39:26+00:00 INFO Webhook cron execution completed.
2026-09-09T07:46:21+00:00 INFO Running webhook cron.
2026-09-09T07:46:21+00:00 INFO Webhook cron execution completed.
2026-09-09T08:29:38+00:00 INFO Running webhook cron.
2026-09-09T08:29:38+00:00 INFO Webhook cron execution completed.
2026-09-09T08:35:06+00:00 INFO Running webhook cron.
2026-09-09T08:35:06+00:00 INFO Webhook cron execution completed.
2026-09-09T09:36:38+00:00 INFO Running webhook cron.
2026-09-09T09:36:38+00:00 INFO Webhook cron execution completed.
2026-09-09T09:42:58+00:00 INFO Running webhook cron.
2026-09-09T09:42:58+00:00 INFO Webhook cron execution completed.
2026-09-09T10:05:41+00:00 INFO Running webhook cron.
2026-09-09T10:05:41+00:00 INFO Webhook cron execution completed.
2026-09-09T10:25:34+00:00 INFO Running webhook cron.
2026-09-09T10:25:34+00:00 INFO Webhook cron execution completed.
2026-09-09T10:44:48+00:00 INFO Running webhook cron.
2026-09-09T10:44:48+00:00 INFO Webhook cron execution completed.
2026-09-09T11:39:50+00:00 INFO Running webhook cron.
2026-09-09T11:39:50+00:00 INFO Webhook cron execution completed.
2026-09-09T12:26:26+00:00 INFO Running webhook cron.
2026-09-09T12:26:26+00:00 INFO Webhook cron execution completed.
2026-09-09T12:37:31+00:00 INFO Running webhook cron.
2026-09-09T12:37:31+00:00 INFO Webhook cron execution completed.
2026-09-09T12:45:39+00:00 INFO Running webhook cron.
2026-09-09T12:45:39+00:00 INFO Webhook cron execution completed.
2026-09-09T13:13:35+00:00 INFO Running webhook cron.
2026-09-09T13:13:35+00:00 INFO Webhook cron execution completed.
2026-09-09T13:27:00+00:00 INFO Running webhook cron.
2026-09-09T13:27:00+00:00 INFO Webhook cron execution completed.
2026-09-09T13:29:16+00:00 INFO Running webhook cron.
2026-09-09T13:29:16+00:00 INFO Webhook cron execution completed.
2026-09-09T14:35:24+00:00 INFO Running webhook cron.
2026-09-09T14:35:24+00:00 INFO Webhook cron execution completed.
2026-09-09T14:46:33+00:00 INFO Running webhook cron.
2026-09-09T14:46:33+00:00 INFO Webhook cron execution completed.
2026-09-09T15:27:42+00:00 INFO Running webhook cron.
2026-09-09T15:27:42+00:00 INFO Webhook cron execution completed.
2026-09-09T15:32:31+00:00 INFO Running webhook cron.
2026-09-09T15:32:31+00:00 INFO Webhook cron execution completed.
2026-09-09T16:10:24+00:00 INFO Running webhook cron.
2026-09-09T16:10:24+00:00 INFO Webhook cron execution completed.
2026-09-09T16:24:57+00:00 INFO Running webhook cron.
2026-09-09T16:24:57+00:00 INFO Webhook cron execution completed.
2026-09-09T16:52:58+00:00 INFO Running webhook cron.
2026-09-09T16:52:58+00:00 INFO Webhook cron execution completed.
2026-09-09T17:23:33+00:00 INFO Running webhook cron.
2026-09-09T17:23:33+00:00 INFO Webhook cron execution completed.
2026-09-09T17:30:33+00:00 INFO Running webhook cron.
2026-09-09T17:30:33+00:00 INFO Webhook cron execution completed.
2026-09-09T18:01:47+00:00 INFO Running webhook cron.
2026-09-09T18:01:47+00:00 INFO Webhook cron execution completed.
2026-09-09T18:45:52+00:00 INFO Running webhook cron.
2026-09-09T18:45:52+00:00 INFO Webhook cron execution completed.
2026-09-09T18:45:53+00:00 INFO runOneCCAddressSync: [daily] budget=284.1min (until 05:00 IST)
2026-09-09T18:45:53+00:00 INFO makeAPICall: url: woocommerce/config is success
2026-09-09T18:45:53+00:00 INFO sync: confirmed_order_id=786, maxSeconds=17047
2026-09-09T18:45:53+00:00 INFO makeJSONAPICall: url: woocommerce/ingest is success
2026-09-09T18:45:53+00:00 INFO sync: config_received event sent at order_id=786
2026-09-09T18:45:53+00:00 INFO sync: upper_order_id=786, confirmed_order_id=786
2026-09-09T18:45:53+00:00 INFO getNextBatch: confirmed_order_id=786, orders=0
2026-09-09T18:45:53+00:00 INFO sync: completed. cursor_order_id=786, upper_order_id=786
2026-09-09T18:45:53+00:00 INFO makeJSONAPICall: url: woocommerce/ingest is success
2026-09-09T19:24:20+00:00 INFO Running webhook cron.
2026-09-09T19:24:20+00:00 INFO Webhook cron execution completed.
2026-09-09T19:39:32+00:00 INFO Running webhook cron.
2026-09-09T19:39:32+00:00 INFO Webhook cron execution completed.
2026-09-09T19:57:49+00:00 INFO Running webhook cron.
2026-09-09T19:57:49+00:00 INFO Webhook cron execution completed.
2026-09-09T20:18:16+00:00 INFO Running webhook cron.
2026-09-09T20:18:16+00:00 INFO Webhook cron execution completed.
2026-09-09T20:47:32+00:00 INFO Running webhook cron.
2026-09-09T20:47:32+00:00 INFO Webhook cron execution completed.
2026-09-09T20:56:50+00:00 INFO Running webhook cron.
2026-09-09T20:56:50+00:00 INFO Webhook cron execution completed.
2026-09-09T21:36:28+00:00 INFO Running webhook cron.
2026-09-09T21:36:28+00:00 INFO Webhook cron execution completed.
2026-09-09T22:28:36+00:00 INFO Running webhook cron.
2026-09-09T22:28:36+00:00 INFO Webhook cron execution completed.
2026-09-09T22:32:46+00:00 INFO Running webhook cron.
2026-09-09T22:32:46+00:00 INFO Webhook cron execution completed.
2026-09-09T22:47:28+00:00 INFO Running webhook cron.
2026-09-09T22:47:28+00:00 INFO Webhook cron execution completed.
2026-09-09T23:00:42+00:00 INFO Running webhook cron.
2026-09-09T23:00:42+00:00 INFO Webhook cron execution completed.
2026-09-09T23:24:32+00:00 INFO Running webhook cron.
2026-09-09T23:24:32+00:00 INFO Webhook cron execution completed.
