2026-08-17T00:42:52+00:00 INFO Running webhook cron.
2026-08-17T00:42:52+00:00 INFO Webhook cron execution completed.
2026-08-17T01:36:45+00:00 INFO Running webhook cron.
2026-08-17T01:36:45+00:00 INFO Webhook cron execution completed.
2026-08-17T02:42:15+00:00 INFO Running webhook cron.
2026-08-17T02:42:15+00:00 INFO Webhook cron execution completed.
2026-08-17T03:23:05+00:00 INFO Running webhook cron.
2026-08-17T03:23:05+00:00 INFO Webhook cron execution completed.
2026-08-17T03:43:10+00:00 INFO Running webhook cron.
2026-08-17T03:43:10+00:00 INFO Webhook cron execution completed.
2026-08-17T03:49:12+00:00 INFO Running webhook cron.
2026-08-17T03:49:12+00:00 INFO Webhook cron execution completed.
2026-08-17T04:22:30+00:00 INFO Running webhook cron.
2026-08-17T04:22:30+00:00 INFO Webhook cron execution completed.
2026-08-17T04:34:41+00:00 INFO Running webhook cron.
2026-08-17T04:34:41+00:00 INFO Webhook cron execution completed.
2026-08-17T05:08:28+00:00 INFO Running webhook cron.
2026-08-17T05:08:28+00:00 INFO Webhook cron execution completed.
2026-08-17T05:15:04+00:00 INFO Running webhook cron.
2026-08-17T05:15:04+00:00 INFO Webhook cron execution completed.
2026-08-17T05:33:21+00:00 INFO Running webhook cron.
2026-08-17T05:33:21+00:00 INFO Webhook cron execution completed.
2026-08-17T06:23:02+00:00 INFO Running webhook cron.
2026-08-17T06:23:02+00:00 INFO Webhook cron execution completed.
2026-08-17T07:35:10+00:00 INFO Running webhook cron.
2026-08-17T07:35:10+00:00 INFO Webhook cron execution completed.
2026-08-17T08:12:51+00:00 INFO Running webhook cron.
2026-08-17T08:12:51+00:00 INFO Webhook cron execution completed.
2026-08-17T08:21:22+00:00 INFO Running webhook cron.
2026-08-17T08:21:22+00:00 INFO Webhook cron execution completed.
2026-08-17T08:45:34+00:00 INFO Running webhook cron.
2026-08-17T08:45:34+00:00 INFO Webhook cron execution completed.
2026-08-17T09:39:21+00:00 INFO Running webhook cron.
2026-08-17T09:39:21+00:00 INFO Webhook cron execution completed.
2026-08-17T10:53:39+00:00 INFO Running webhook cron.
2026-08-17T10:53:39+00:00 INFO Webhook cron execution completed.
2026-08-17T10:54:18+00:00 INFO Running webhook cron.
2026-08-17T10:54:18+00:00 INFO Webhook cron execution completed.
2026-08-17T11:28:59+00:00 INFO Running webhook cron.
2026-08-17T11:28:59+00:00 INFO Webhook cron execution completed.
2026-08-17T11:29:27+00:00 INFO Running webhook cron.
2026-08-17T11:29:27+00:00 INFO Webhook cron execution completed.
2026-08-17T11:53:29+00:00 INFO Running webhook cron.
2026-08-17T11:53:29+00:00 INFO Webhook cron execution completed.
2026-08-17T12:15:16+00:00 INFO Running webhook cron.
2026-08-17T12:15:16+00:00 INFO Webhook cron execution completed.
2026-08-17T12:26:48+00:00 INFO Running webhook cron.
2026-08-17T12:26:48+00:00 INFO Webhook cron execution completed.
2026-08-17T13:04:39+00:00 INFO Running webhook cron.
2026-08-17T13:04:39+00:00 INFO Webhook cron execution completed.
2026-08-17T13:43:13+00:00 INFO Running webhook cron.
2026-08-17T13:43:13+00:00 INFO Webhook cron execution completed.
2026-08-17T14:27:41+00:00 INFO Running webhook cron.
2026-08-17T14:27:41+00:00 INFO Webhook cron execution completed.
2026-08-17T14:30:18+00:00 INFO Running webhook cron.
2026-08-17T14:30:18+00:00 INFO Webhook cron execution completed.
2026-08-17T15:33:31+00:00 INFO Running webhook cron.
2026-08-17T15:33:31+00:00 INFO Webhook cron execution completed.
2026-08-17T16:34:38+00:00 INFO Running webhook cron.
2026-08-17T16:34:38+00:00 INFO Webhook cron execution completed.
2026-08-17T16:55:45+00:00 INFO Running webhook cron.
2026-08-17T16:55:45+00:00 INFO Webhook cron execution completed.
2026-08-17T17:43:19+00:00 INFO Running webhook cron.
2026-08-17T17:43:20+00:00 INFO Webhook cron execution completed.
2026-08-17T18:48:09+00:00 INFO Running webhook cron.
2026-08-17T18:48:09+00:00 INFO Webhook cron execution completed.
2026-08-17T18:48:09+00:00 INFO runOneCCAddressSync: [daily] budget=281.9min (until 05:00 IST)
2026-08-17T18:48:10+00:00 INFO makeAPICall: url: woocommerce/config is success
2026-08-17T18:48:10+00:00 INFO sync: confirmed_order_id=784, maxSeconds=16911
2026-08-17T18:48:10+00:00 INFO makeJSONAPICall: url: woocommerce/ingest is success
2026-08-17T18:48:10+00:00 INFO sync: config_received event sent at order_id=784
2026-08-17T18:48:10+00:00 INFO sync: upper_order_id=778, confirmed_order_id=784
2026-08-17T18:48:10+00:00 INFO getNextBatch: confirmed_order_id=784, orders=0
2026-08-17T18:48:10+00:00 INFO sync: completed. cursor_order_id=784, upper_order_id=778
2026-08-17T18:48:10+00:00 INFO makeJSONAPICall: url: woocommerce/ingest is success
2026-08-17T18:56:35+00:00 INFO Running webhook cron.
2026-08-17T18:56:35+00:00 INFO Webhook cron execution completed.
2026-08-17T19:01:47+00:00 INFO Running webhook cron.
2026-08-17T19:01:47+00:00 INFO Webhook cron execution completed.
2026-08-17T19:15:35+00:00 INFO Running webhook cron.
2026-08-17T19:15:35+00:00 INFO Webhook cron execution completed.
2026-08-17T19:34:06+00:00 INFO Running webhook cron.
2026-08-17T19:34:06+00:00 INFO Webhook cron execution completed.
2026-08-17T19:46:15+00:00 INFO Running webhook cron.
2026-08-17T19:46:15+00:00 INFO Webhook cron execution completed.
2026-08-17T20:47:55+00:00 INFO Running webhook cron.
2026-08-17T20:47:55+00:00 INFO Webhook cron execution completed.
2026-08-17T22:18:07+00:00 INFO Running webhook cron.
2026-08-17T22:18:07+00:00 INFO Webhook cron execution completed.
2026-08-17T22:25:36+00:00 INFO Running webhook cron.
2026-08-17T22:25:36+00:00 INFO Webhook cron execution completed.
2026-08-17T22:47:23+00:00 INFO Running webhook cron.
2026-08-17T22:47:23+00:00 INFO Webhook cron execution completed.
2026-08-17T23:56:52+00:00 INFO Running webhook cron.
2026-08-17T23:56:52+00:00 INFO Webhook cron execution completed.
