2026-09-14T00:08:22+00:00 INFO Running webhook cron.
2026-09-14T00:08:22+00:00 INFO Webhook cron execution completed.
2026-09-14T00:26:03+00:00 INFO Running webhook cron.
2026-09-14T00:26:03+00:00 INFO Webhook cron execution completed.
2026-09-14T00:43:16+00:00 INFO Running webhook cron.
2026-09-14T00:43:16+00:00 INFO Webhook cron execution completed.
2026-09-14T00:50:08+00:00 INFO Running webhook cron.
2026-09-14T00:50:08+00:00 INFO Webhook cron execution completed.
2026-09-14T00:59:43+00:00 INFO Running webhook cron.
2026-09-14T00:59:43+00:00 INFO Webhook cron execution completed.
2026-09-14T01:16:31+00:00 INFO Running webhook cron.
2026-09-14T01:16:31+00:00 INFO Webhook cron execution completed.
2026-09-14T01:19:54+00:00 INFO Running webhook cron.
2026-09-14T01:19:54+00:00 INFO Webhook cron execution completed.
2026-09-14T01:33:35+00:00 INFO Running webhook cron.
2026-09-14T01:33:35+00:00 INFO Webhook cron execution completed.
2026-09-14T01:51:00+00:00 INFO Running webhook cron.
2026-09-14T01:51:00+00:00 INFO Webhook cron execution completed.
2026-09-14T02:09:07+00:00 INFO Running webhook cron.
2026-09-14T02:09:07+00:00 INFO Webhook cron execution completed.
2026-09-14T02:26:31+00:00 INFO Running webhook cron.
2026-09-14T02:26:31+00:00 INFO Webhook cron execution completed.
2026-09-14T02:43:56+00:00 INFO Running webhook cron.
2026-09-14T02:43:56+00:00 INFO Webhook cron execution completed.
2026-09-14T03:00:18+00:00 INFO Running webhook cron.
2026-09-14T03:00:19+00:00 INFO Webhook cron execution completed.
2026-09-14T03:17:30+00:00 INFO Running webhook cron.
2026-09-14T03:17:30+00:00 INFO Webhook cron execution completed.
2026-09-14T03:38:03+00:00 INFO Running webhook cron.
2026-09-14T03:38:03+00:00 INFO Webhook cron execution completed.
2026-09-14T03:58:47+00:00 INFO Running webhook cron.
2026-09-14T03:58:47+00:00 INFO Webhook cron execution completed.
2026-09-14T04:02:57+00:00 INFO Running webhook cron.
2026-09-14T04:02:57+00:00 INFO Webhook cron execution completed.
2026-09-14T04:32:05+00:00 INFO Running webhook cron.
2026-09-14T04:32:05+00:00 INFO Webhook cron execution completed.
2026-09-14T04:39:45+00:00 INFO Running webhook cron.
2026-09-14T04:39:45+00:00 INFO Webhook cron execution completed.
2026-09-14T04:58:14+00:00 INFO Running webhook cron.
2026-09-14T04:58:14+00:00 INFO Webhook cron execution completed.
2026-09-14T05:00:14+00:00 INFO Running webhook cron.
2026-09-14T05:00:14+00:00 INFO Webhook cron execution completed.
2026-09-14T05:30:40+00:00 INFO Running webhook cron.
2026-09-14T05:30:40+00:00 INFO Webhook cron execution completed.
2026-09-14T06:47:00+00:00 INFO Running webhook cron.
2026-09-14T06:47:00+00:00 INFO Webhook cron execution completed.
2026-09-14T07:07:36+00:00 INFO Running webhook cron.
2026-09-14T07:07:36+00:00 INFO Webhook cron execution completed.
2026-09-14T08:45:40+00:00 INFO Running webhook cron.
2026-09-14T08:45:40+00:00 INFO Webhook cron execution completed.
2026-09-14T09:12:43+00:00 INFO Running webhook cron.
2026-09-14T09:12:43+00:00 INFO Webhook cron execution completed.
2026-09-14T09:14:13+00:00 INFO Running webhook cron.
2026-09-14T09:14:13+00:00 INFO Webhook cron execution completed.
2026-09-14T09:18:55+00:00 INFO createOneCCAddressSyncCron: attempting to schedule daily cron
2026-09-14T09:18:55+00:00 INFO createOneCCAddressSyncCron: already scheduled, skipping
2026-09-14T09:18:55+00:00 INFO create one_cc_plugin_sync_cron successful
2026-09-14T09:19:09+00:00 INFO createOneCCAddressSyncCron: attempting to schedule daily cron
2026-09-14T09:19:09+00:00 INFO createOneCCAddressSyncCron: already scheduled, skipping
2026-09-14T09:19:09+00:00 INFO create one_cc_plugin_sync_cron successful
2026-09-14T09:19:38+00:00 INFO Running webhook cron.
2026-09-14T09:19:38+00:00 INFO Webhook cron execution completed.
2026-09-14T09:24:25+00:00 INFO Running webhook cron.
2026-09-14T09:24:25+00:00 INFO Webhook cron execution completed.
2026-09-14T09:24:25+00:00 INFO createOneCCAddressSyncCron: attempting to schedule daily cron
2026-09-14T09:24:25+00:00 INFO createOneCCAddressSyncCron: already scheduled, skipping
2026-09-14T09:24:25+00:00 INFO create one_cc_plugin_sync_cron successful
2026-09-14T09:28:57+00:00 INFO createOneCCAddressSyncCron: attempting to schedule daily cron
2026-09-14T09:28:57+00:00 INFO createOneCCAddressSyncCron: already scheduled, skipping
2026-09-14T09:28:57+00:00 INFO create one_cc_plugin_sync_cron successful
2026-09-14T09:30:19+00:00 INFO Running webhook cron.
2026-09-14T09:30:19+00:00 INFO Webhook cron execution completed.
