2026-09-02T00:24:34+00:00 INFO Running webhook cron.
2026-09-02T00:24:34+00:00 INFO Webhook cron execution completed.
2026-09-02T00:57:47+00:00 INFO Running webhook cron.
2026-09-02T00:57:47+00:00 INFO Webhook cron execution completed.
2026-09-02T01:00:09+00:00 INFO Running webhook cron.
2026-09-02T01:00:09+00:00 INFO Webhook cron execution completed.
2026-09-02T01:45:18+00:00 INFO Running webhook cron.
2026-09-02T01:45:18+00:00 INFO Webhook cron execution completed.
2026-09-02T01:51:23+00:00 INFO Running webhook cron.
2026-09-02T01:51:23+00:00 INFO Webhook cron execution completed.
2026-09-02T01:56:49+00:00 INFO Running webhook cron.
2026-09-02T01:56:49+00:00 INFO Webhook cron execution completed.
2026-09-02T02:22:12+00:00 INFO Running webhook cron.
2026-09-02T02:22:12+00:00 INFO Webhook cron execution completed.
2026-09-02T02:24:48+00:00 INFO Running webhook cron.
2026-09-02T02:24:48+00:00 INFO Webhook cron execution completed.
2026-09-02T02:29:40+00:00 INFO Running webhook cron.
2026-09-02T02:29:40+00:00 INFO Webhook cron execution completed.
2026-09-02T03:12:26+00:00 INFO Running webhook cron.
2026-09-02T03:12:26+00:00 INFO Webhook cron execution completed.
2026-09-02T03:22:40+00:00 INFO Running webhook cron.
2026-09-02T03:22:40+00:00 INFO Webhook cron execution completed.
2026-09-02T03:54:26+00:00 INFO Running webhook cron.
2026-09-02T03:54:26+00:00 INFO Webhook cron execution completed.
2026-09-02T04:11:25+00:00 INFO Running webhook cron.
2026-09-02T04:11:25+00:00 INFO Webhook cron execution completed.
2026-09-02T04:51:28+00:00 INFO Running webhook cron.
2026-09-02T04:51:28+00:00 INFO Webhook cron execution completed.
2026-09-02T04:57:40+00:00 INFO Running webhook cron.
2026-09-02T04:57:40+00:00 INFO Webhook cron execution completed.
2026-09-02T05:01:41+00:00 INFO Running webhook cron.
2026-09-02T05:01:41+00:00 INFO Webhook cron execution completed.
2026-09-02T05:06:33+00:00 INFO Running webhook cron.
2026-09-02T05:06:33+00:00 INFO Webhook cron execution completed.
2026-09-02T05:23:35+00:00 INFO Running webhook cron.
2026-09-02T05:23:35+00:00 INFO Webhook cron execution completed.
2026-09-02T05:27:26+00:00 INFO Running webhook cron.
2026-09-02T05:27:26+00:00 INFO Webhook cron execution completed.
2026-09-02T05:29:17+00:00 INFO Running webhook cron.
2026-09-02T05:29:17+00:00 INFO Webhook cron execution completed.
2026-09-02T05:50:59+00:00 INFO Running webhook cron.
2026-09-02T05:50:59+00:00 INFO Webhook cron execution completed.
2026-09-02T05:56:09+00:00 INFO Running webhook cron.
2026-09-02T05:56:09+00:00 INFO Webhook cron execution completed.
2026-09-02T06:10:34+00:00 INFO Running webhook cron.
2026-09-02T06:10:34+00:00 INFO Webhook cron execution completed.
2026-09-02T06:16:24+00:00 INFO Running webhook cron.
2026-09-02T06:16:24+00:00 INFO Webhook cron execution completed.
2026-09-02T06:25:59+00:00 INFO Running webhook cron.
2026-09-02T06:25:59+00:00 INFO Webhook cron execution completed.
2026-09-02T06:30:31+00:00 INFO Running webhook cron.
2026-09-02T06:30:31+00:00 INFO Webhook cron execution completed.
2026-09-02T07:00:03+00:00 INFO Running webhook cron.
2026-09-02T07:00:03+00:00 INFO Webhook cron execution completed.
2026-09-02T07:04:37+00:00 INFO Running webhook cron.
2026-09-02T07:04:37+00:00 INFO Webhook cron execution completed.
2026-09-02T07:37:37+00:00 INFO Running webhook cron.
2026-09-02T07:37:37+00:00 INFO Webhook cron execution completed.
2026-09-02T08:09:23+00:00 INFO Running webhook cron.
2026-09-02T08:09:23+00:00 INFO Webhook cron execution completed.
2026-09-02T08:26:37+00:00 INFO Running webhook cron.
2026-09-02T08:26:37+00:00 INFO Webhook cron execution completed.
2026-09-02T08:29:17+00:00 INFO Running webhook cron.
2026-09-02T08:29:17+00:00 INFO Webhook cron execution completed.
2026-09-02T09:13:30+00:00 INFO Running webhook cron.
2026-09-02T09:13:30+00:00 INFO Webhook cron execution completed.
2026-09-02T09:37:33+00:00 INFO Running webhook cron.
2026-09-02T09:37:33+00:00 INFO Webhook cron execution completed.
2026-09-02T11:25:24+00:00 INFO Running webhook cron.
2026-09-02T11:25:24+00:00 INFO Webhook cron execution completed.
2026-09-02T11:36:51+00:00 INFO Running webhook cron.
2026-09-02T11:36:51+00:00 INFO Webhook cron execution completed.
2026-09-02T11:52:32+00:00 INFO Running webhook cron.
2026-09-02T11:52:32+00:00 INFO Webhook cron execution completed.
2026-09-02T12:36:34+00:00 INFO Running webhook cron.
2026-09-02T12:36:34+00:00 INFO Webhook cron execution completed.
2026-09-02T13:06:08+00:00 INFO Running webhook cron.
2026-09-02T13:06:08+00:00 INFO Webhook cron execution completed.
2026-09-02T13:25:34+00:00 INFO Running webhook cron.
2026-09-02T13:25:34+00:00 INFO Webhook cron execution completed.
2026-09-02T13:32:19+00:00 INFO Running webhook cron.
2026-09-02T13:32:19+00:00 INFO Webhook cron execution completed.
2026-09-02T14:29:43+00:00 INFO Running webhook cron.
2026-09-02T14:29:43+00:00 INFO Webhook cron execution completed.
2026-09-02T14:45:21+00:00 INFO Running webhook cron.
2026-09-02T14:45:21+00:00 INFO Webhook cron execution completed.
2026-09-02T15:34:44+00:00 INFO Running webhook cron.
2026-09-02T15:34:44+00:00 INFO Webhook cron execution completed.
2026-09-02T16:29:06+00:00 INFO Running webhook cron.
2026-09-02T16:29:06+00:00 INFO Webhook cron execution completed.
2026-09-02T16:54:11+00:00 INFO Running webhook cron.
2026-09-02T16:54:11+00:00 INFO Webhook cron execution completed.
2026-09-02T17:37:35+00:00 INFO Running webhook cron.
2026-09-02T17:37:35+00:00 INFO Webhook cron execution completed.
2026-09-02T17:55:53+00:00 INFO Running webhook cron.
2026-09-02T17:55:53+00:00 INFO Webhook cron execution completed.
2026-09-02T18:07:13+00:00 INFO Running webhook cron.
2026-09-02T18:07:13+00:00 INFO Webhook cron execution completed.
2026-09-02T18:22:09+00:00 INFO Running webhook cron.
2026-09-02T18:22:09+00:00 INFO Webhook cron execution completed.
2026-09-02T19:00:14+00:00 INFO Running webhook cron.
2026-09-02T19:00:14+00:00 INFO Webhook cron execution completed.
2026-09-02T19:00:14+00:00 INFO runOneCCAddressSync: [daily] budget=269.8min (until 05:00 IST)
2026-09-02T19:00:14+00:00 INFO makeAPICall: url: woocommerce/config is success
2026-09-02T19:00:14+00:00 INFO sync: confirmed_order_id=786, maxSeconds=16186
2026-09-02T19:00:15+00:00 INFO makeJSONAPICall: url: woocommerce/ingest is success
2026-09-02T19:00:15+00:00 INFO sync: config_received event sent at order_id=786
2026-09-02T19:00:15+00:00 INFO sync: upper_order_id=786, confirmed_order_id=786
2026-09-02T19:00:15+00:00 INFO getNextBatch: confirmed_order_id=786, orders=0
2026-09-02T19:00:15+00:00 INFO sync: completed. cursor_order_id=786, upper_order_id=786
2026-09-02T19:00:15+00:00 INFO makeJSONAPICall: url: woocommerce/ingest is success
2026-09-02T19:42:53+00:00 INFO Running webhook cron.
2026-09-02T19:42:53+00:00 INFO Webhook cron execution completed.
2026-09-02T20:33:17+00:00 INFO Running webhook cron.
2026-09-02T20:33:17+00:00 INFO Webhook cron execution completed.
2026-09-02T21:43:13+00:00 INFO Running webhook cron.
2026-09-02T21:43:13+00:00 INFO Webhook cron execution completed.
2026-09-02T22:34:52+00:00 INFO Running webhook cron.
2026-09-02T22:34:52+00:00 INFO Webhook cron execution completed.
2026-09-02T22:47:19+00:00 INFO Running webhook cron.
2026-09-02T22:47:19+00:00 INFO Webhook cron execution completed.
2026-09-02T23:45:19+00:00 INFO Running webhook cron.
2026-09-02T23:45:19+00:00 INFO Webhook cron execution completed.
