2026-09-07T00:03:50+00:00 INFO Running webhook cron.
2026-09-07T00:03:50+00:00 INFO Webhook cron execution completed.
2026-09-07T00:43:05+00:00 INFO Running webhook cron.
2026-09-07T00:43:05+00:00 INFO Webhook cron execution completed.
2026-09-07T00:47:57+00:00 INFO Running webhook cron.
2026-09-07T00:47:57+00:00 INFO Webhook cron execution completed.
2026-09-07T00:52:35+00:00 INFO Running webhook cron.
2026-09-07T00:52:35+00:00 INFO Webhook cron execution completed.
2026-09-07T00:59:54+00:00 INFO Running webhook cron.
2026-09-07T00:59:54+00:00 INFO Webhook cron execution completed.
2026-09-07T01:28:17+00:00 INFO Running webhook cron.
2026-09-07T01:28:17+00:00 INFO Webhook cron execution completed.
2026-09-07T01:41:06+00:00 INFO Running webhook cron.
2026-09-07T01:41:06+00:00 INFO Webhook cron execution completed.
2026-09-07T01:49:22+00:00 INFO Running webhook cron.
2026-09-07T01:49:22+00:00 INFO Webhook cron execution completed.
2026-09-07T02:05:58+00:00 INFO Running webhook cron.
2026-09-07T02:05:58+00:00 INFO Webhook cron execution completed.
2026-09-07T02:28:41+00:00 INFO Running webhook cron.
2026-09-07T02:28:41+00:00 INFO Webhook cron execution completed.
2026-09-07T02:35:01+00:00 INFO Running webhook cron.
2026-09-07T02:35:01+00:00 INFO Webhook cron execution completed.
2026-09-07T02:56:08+00:00 INFO Running webhook cron.
2026-09-07T02:56:08+00:00 INFO Webhook cron execution completed.
2026-09-07T03:05:50+00:00 INFO Running webhook cron.
2026-09-07T03:05:50+00:00 INFO Webhook cron execution completed.
2026-09-07T03:31:45+00:00 INFO Running webhook cron.
2026-09-07T03:31:45+00:00 INFO Webhook cron execution completed.
2026-09-07T03:41:06+00:00 INFO Running webhook cron.
2026-09-07T03:41:06+00:00 INFO Webhook cron execution completed.
2026-09-07T04:43:14+00:00 INFO Running webhook cron.
2026-09-07T04:43:14+00:00 INFO Webhook cron execution completed.
2026-09-07T04:48:28+00:00 INFO Running webhook cron.
2026-09-07T04:48:28+00:00 INFO Webhook cron execution completed.
2026-09-07T04:50:30+00:00 INFO Running webhook cron.
2026-09-07T04:50:30+00:00 INFO Webhook cron execution completed.
2026-09-07T04:54:13+00:00 INFO Running webhook cron.
2026-09-07T04:54:13+00:00 INFO Webhook cron execution completed.
2026-09-07T05:29:54+00:00 INFO Running webhook cron.
2026-09-07T05:29:54+00:00 INFO Webhook cron execution completed.
2026-09-07T05:34:41+00:00 INFO Running webhook cron.
2026-09-07T05:34:41+00:00 INFO Webhook cron execution completed.
2026-09-07T06:04:48+00:00 INFO Running webhook cron.
2026-09-07T06:04:48+00:00 INFO Webhook cron execution completed.
2026-09-07T06:30:54+00:00 INFO Running webhook cron.
2026-09-07T06:30:54+00:00 INFO Webhook cron execution completed.
2026-09-07T06:39:04+00:00 INFO Running webhook cron.
2026-09-07T06:39:04+00:00 INFO Webhook cron execution completed.
2026-09-07T06:53:43+00:00 INFO Running webhook cron.
2026-09-07T06:53:43+00:00 INFO Webhook cron execution completed.
2026-09-07T06:58:00+00:00 INFO Running webhook cron.
2026-09-07T06:58:00+00:00 INFO Webhook cron execution completed.
2026-09-07T07:10:24+00:00 INFO Running webhook cron.
2026-09-07T07:10:24+00:00 INFO Webhook cron execution completed.
2026-09-07T07:38:06+00:00 INFO Running webhook cron.
2026-09-07T07:38:06+00:00 INFO Webhook cron execution completed.
2026-09-07T07:39:13+00:00 INFO Running webhook cron.
2026-09-07T07:39:13+00:00 INFO Webhook cron execution completed.
2026-09-07T07:47:46+00:00 INFO Running webhook cron.
2026-09-07T07:47:46+00:00 INFO Webhook cron execution completed.
2026-09-07T08:17:25+00:00 INFO Running webhook cron.
2026-09-07T08:17:25+00:00 INFO Webhook cron execution completed.
2026-09-07T08:26:18+00:00 INFO Running webhook cron.
2026-09-07T08:26:18+00:00 INFO Webhook cron execution completed.
2026-09-07T08:35:31+00:00 INFO Running webhook cron.
2026-09-07T08:35:31+00:00 INFO Webhook cron execution completed.
2026-09-07T09:18:22+00:00 INFO Running webhook cron.
2026-09-07T09:18:22+00:00 INFO Webhook cron execution completed.
2026-09-07T09:23:24+00:00 INFO Running webhook cron.
2026-09-07T09:23:24+00:00 INFO Webhook cron execution completed.
2026-09-07T09:43:07+00:00 INFO Running webhook cron.
2026-09-07T09:43:07+00:00 INFO Webhook cron execution completed.
2026-09-07T09:44:13+00:00 INFO Running webhook cron.
2026-09-07T09:44:13+00:00 INFO Webhook cron execution completed.
2026-09-07T09:57:52+00:00 INFO Running webhook cron.
2026-09-07T09:57:52+00:00 INFO Webhook cron execution completed.
2026-09-07T10:00:48+00:00 INFO Running webhook cron.
2026-09-07T10:00:48+00:00 INFO Webhook cron execution completed.
2026-09-07T10:53:33+00:00 INFO Running webhook cron.
2026-09-07T10:53:33+00:00 INFO Webhook cron execution completed.
2026-09-07T11:53:00+00:00 INFO Running webhook cron.
2026-09-07T11:53:00+00:00 INFO Webhook cron execution completed.
2026-09-07T12:37:18+00:00 INFO Running webhook cron.
2026-09-07T12:37:18+00:00 INFO Webhook cron execution completed.
2026-09-07T13:33:09+00:00 INFO Running webhook cron.
2026-09-07T13:33:09+00:00 INFO Webhook cron execution completed.
2026-09-07T13:35:03+00:00 INFO Running webhook cron.
2026-09-07T13:35:03+00:00 INFO Webhook cron execution completed.
2026-09-07T14:00:54+00:00 INFO Running webhook cron.
2026-09-07T14:00:54+00:00 INFO Webhook cron execution completed.
2026-09-07T14:04:51+00:00 INFO Running webhook cron.
2026-09-07T14:04:51+00:00 INFO Webhook cron execution completed.
2026-09-07T15:35:29+00:00 INFO Running webhook cron.
2026-09-07T15:35:29+00:00 INFO Webhook cron execution completed.
2026-09-07T15:45:51+00:00 INFO Running webhook cron.
2026-09-07T15:45:51+00:00 INFO Webhook cron execution completed.
2026-09-07T15:58:42+00:00 INFO Running webhook cron.
2026-09-07T15:58:42+00:00 INFO Webhook cron execution completed.
2026-09-07T16:51:00+00:00 INFO Running webhook cron.
2026-09-07T16:51:00+00:00 INFO Webhook cron execution completed.
2026-09-07T17:06:45+00:00 INFO Running webhook cron.
2026-09-07T17:06:45+00:00 INFO Webhook cron execution completed.
2026-09-07T17:11:05+00:00 INFO Running webhook cron.
2026-09-07T17:11:05+00:00 INFO Webhook cron execution completed.
2026-09-07T17:24:54+00:00 INFO Running webhook cron.
2026-09-07T17:24:54+00:00 INFO Webhook cron execution completed.
2026-09-07T17:37:25+00:00 INFO Running webhook cron.
2026-09-07T17:37:25+00:00 INFO Webhook cron execution completed.
2026-09-07T18:29:11+00:00 INFO Running webhook cron.
2026-09-07T18:29:11+00:00 INFO Webhook cron execution completed.
2026-09-07T19:37:24+00:00 INFO Running webhook cron.
2026-09-07T19:37:24+00:00 INFO Webhook cron execution completed.
2026-09-07T19:37:24+00:00 INFO runOneCCAddressSync: [daily] budget=232.6min (until 05:00 IST)
2026-09-07T19:37:24+00:00 INFO makeAPICall: url: woocommerce/config is success
2026-09-07T19:37:24+00:00 INFO sync: confirmed_order_id=786, maxSeconds=13956
2026-09-07T19:37:24+00:00 INFO makeJSONAPICall: url: woocommerce/ingest is success
2026-09-07T19:37:24+00:00 INFO sync: config_received event sent at order_id=786
2026-09-07T19:37:24+00:00 INFO sync: upper_order_id=786, confirmed_order_id=786
2026-09-07T19:37:24+00:00 INFO getNextBatch: confirmed_order_id=786, orders=0
2026-09-07T19:37:24+00:00 INFO sync: completed. cursor_order_id=786, upper_order_id=786
2026-09-07T19:37:24+00:00 INFO makeJSONAPICall: url: woocommerce/ingest is success
2026-09-07T20:01:50+00:00 INFO Running webhook cron.
2026-09-07T20:01:50+00:00 INFO Webhook cron execution completed.
2026-09-07T20:50:00+00:00 INFO Running webhook cron.
2026-09-07T20:50:00+00:00 INFO Webhook cron execution completed.
2026-09-07T20:56:25+00:00 INFO Running webhook cron.
2026-09-07T20:56:25+00:00 INFO Webhook cron execution completed.
2026-09-07T21:32:25+00:00 INFO Running webhook cron.
2026-09-07T21:32:25+00:00 INFO Webhook cron execution completed.
2026-09-07T21:35:05+00:00 INFO Running webhook cron.
2026-09-07T21:35:05+00:00 INFO Webhook cron execution completed.
2026-09-07T21:44:31+00:00 INFO Running webhook cron.
2026-09-07T21:44:31+00:00 INFO Webhook cron execution completed.
2026-09-07T21:57:19+00:00 INFO Running webhook cron.
2026-09-07T21:57:19+00:00 INFO Webhook cron execution completed.
2026-09-07T22:34:29+00:00 INFO Running webhook cron.
2026-09-07T22:34:29+00:00 INFO Webhook cron execution completed.
2026-09-07T22:47:45+00:00 INFO Running webhook cron.
2026-09-07T22:47:45+00:00 INFO Webhook cron execution completed.
2026-09-07T23:44:59+00:00 INFO Running webhook cron.
2026-09-07T23:44:59+00:00 INFO Webhook cron execution completed.
