2026-08-23T00:58:52+00:00 INFO Running webhook cron.
2026-08-23T00:58:52+00:00 INFO Webhook cron execution completed.
2026-08-23T01:45:17+00:00 INFO Running webhook cron.
2026-08-23T01:45:17+00:00 INFO Webhook cron execution completed.
2026-08-23T01:49:37+00:00 INFO Running webhook cron.
2026-08-23T01:49:37+00:00 INFO Webhook cron execution completed.
2026-08-23T02:12:26+00:00 INFO Running webhook cron.
2026-08-23T02:12:26+00:00 INFO Webhook cron execution completed.
2026-08-23T02:41:42+00:00 INFO Running webhook cron.
2026-08-23T02:41:42+00:00 INFO Webhook cron execution completed.
2026-08-23T02:56:19+00:00 INFO Running webhook cron.
2026-08-23T02:56:19+00:00 INFO Webhook cron execution completed.
2026-08-23T03:33:43+00:00 INFO Running webhook cron.
2026-08-23T03:33:43+00:00 INFO Webhook cron execution completed.
2026-08-23T04:22:47+00:00 INFO Running webhook cron.
2026-08-23T04:22:47+00:00 INFO Webhook cron execution completed.
2026-08-23T04:25:50+00:00 INFO Running webhook cron.
2026-08-23T04:25:50+00:00 INFO Webhook cron execution completed.
2026-08-23T04:45:26+00:00 INFO Running webhook cron.
2026-08-23T04:45:26+00:00 INFO Webhook cron execution completed.
2026-08-23T05:03:46+00:00 INFO Running webhook cron.
2026-08-23T05:03:46+00:00 INFO Webhook cron execution completed.
2026-08-23T05:30:39+00:00 INFO Running webhook cron.
2026-08-23T05:30:39+00:00 INFO Webhook cron execution completed.
2026-08-23T05:39:35+00:00 INFO Running webhook cron.
2026-08-23T05:39:35+00:00 INFO Webhook cron execution completed.
2026-08-23T06:25:48+00:00 INFO Running webhook cron.
2026-08-23T06:25:48+00:00 INFO Webhook cron execution completed.
2026-08-23T06:42:38+00:00 INFO Running webhook cron.
2026-08-23T06:42:38+00:00 INFO Webhook cron execution completed.
2026-08-23T06:47:34+00:00 INFO Running webhook cron.
2026-08-23T06:47:34+00:00 INFO Webhook cron execution completed.
2026-08-23T07:18:07+00:00 INFO Running webhook cron.
2026-08-23T07:18:07+00:00 INFO Webhook cron execution completed.
2026-08-23T07:24:43+00:00 INFO Running webhook cron.
2026-08-23T07:24:43+00:00 INFO Webhook cron execution completed.
2026-08-23T07:44:24+00:00 INFO Running webhook cron.
2026-08-23T07:44:24+00:00 INFO Webhook cron execution completed.
2026-08-23T08:21:22+00:00 INFO Running webhook cron.
2026-08-23T08:21:22+00:00 INFO Webhook cron execution completed.
2026-08-23T09:32:26+00:00 INFO Running webhook cron.
2026-08-23T09:32:26+00:00 INFO Webhook cron execution completed.
2026-08-23T09:41:40+00:00 INFO Running webhook cron.
2026-08-23T09:41:40+00:00 INFO Webhook cron execution completed.
2026-08-23T10:59:01+00:00 INFO Running webhook cron.
2026-08-23T10:59:01+00:00 INFO Webhook cron execution completed.
2026-08-23T11:04:09+00:00 INFO Running webhook cron.
2026-08-23T11:04:09+00:00 INFO Webhook cron execution completed.
2026-08-23T11:33:17+00:00 INFO Running webhook cron.
2026-08-23T11:33:17+00:00 INFO Webhook cron execution completed.
2026-08-23T11:45:21+00:00 INFO Running webhook cron.
2026-08-23T11:45:21+00:00 INFO Webhook cron execution completed.
2026-08-23T11:54:24+00:00 INFO Running webhook cron.
2026-08-23T11:54:24+00:00 INFO Webhook cron execution completed.
2026-08-23T11:59:27+00:00 INFO Running webhook cron.
2026-08-23T11:59:27+00:00 INFO Webhook cron execution completed.
2026-08-23T12:24:32+00:00 INFO Running webhook cron.
2026-08-23T12:24:32+00:00 INFO Webhook cron execution completed.
2026-08-23T12:34:39+00:00 INFO Running webhook cron.
2026-08-23T12:34:39+00:00 INFO Webhook cron execution completed.
2026-08-23T13:14:50+00:00 INFO Running webhook cron.
2026-08-23T13:14:50+00:00 INFO Webhook cron execution completed.
2026-08-23T13:25:58+00:00 INFO Running webhook cron.
2026-08-23T13:25:58+00:00 INFO Webhook cron execution completed.
2026-08-23T13:32:07+00:00 INFO Running webhook cron.
2026-08-23T13:32:07+00:00 INFO Webhook cron execution completed.
2026-08-23T13:45:50+00:00 INFO Running webhook cron.
2026-08-23T13:45:50+00:00 INFO Webhook cron execution completed.
2026-08-23T14:00:15+00:00 INFO Running webhook cron.
2026-08-23T14:00:15+00:00 INFO Webhook cron execution completed.
2026-08-23T14:39:00+00:00 INFO Running webhook cron.
2026-08-23T14:39:00+00:00 INFO Webhook cron execution completed.
2026-08-23T15:29:45+00:00 INFO Running webhook cron.
2026-08-23T15:29:45+00:00 INFO Webhook cron execution completed.
2026-08-23T16:19:48+00:00 INFO Running webhook cron.
2026-08-23T16:19:48+00:00 INFO Webhook cron execution completed.
2026-08-23T17:00:35+00:00 INFO Running webhook cron.
2026-08-23T17:00:35+00:00 INFO Webhook cron execution completed.
2026-08-23T17:04:29+00:00 INFO Running webhook cron.
2026-08-23T17:04:29+00:00 INFO Webhook cron execution completed.
2026-08-23T17:42:05+00:00 INFO Running webhook cron.
2026-08-23T17:42:05+00:00 INFO Webhook cron execution completed.
2026-08-23T17:44:39+00:00 INFO Running webhook cron.
2026-08-23T17:44:39+00:00 INFO Webhook cron execution completed.
2026-08-23T17:50:16+00:00 INFO Running webhook cron.
2026-08-23T17:50:16+00:00 INFO Webhook cron execution completed.
2026-08-23T18:14:56+00:00 INFO Running webhook cron.
2026-08-23T18:14:56+00:00 INFO Webhook cron execution completed.
2026-08-23T19:05:51+00:00 INFO Running webhook cron.
2026-08-23T19:05:51+00:00 INFO Webhook cron execution completed.
2026-08-23T19:05:51+00:00 INFO runOneCCAddressSync: [daily] budget=264.2min (until 05:00 IST)
2026-08-23T19:05:51+00:00 INFO makeAPICall: url: woocommerce/config is success
2026-08-23T19:05:51+00:00 INFO sync: confirmed_order_id=786, maxSeconds=15849
2026-08-23T19:05:51+00:00 INFO makeJSONAPICall: url: woocommerce/ingest is success
2026-08-23T19:05:51+00:00 INFO sync: config_received event sent at order_id=786
2026-08-23T19:05:51+00:00 INFO sync: upper_order_id=786, confirmed_order_id=786
2026-08-23T19:05:51+00:00 INFO getNextBatch: confirmed_order_id=786, orders=0
2026-08-23T19:05:51+00:00 INFO sync: completed. cursor_order_id=786, upper_order_id=786
2026-08-23T19:05:51+00:00 INFO makeJSONAPICall: url: woocommerce/ingest is success
2026-08-23T19:22:05+00:00 INFO Running webhook cron.
2026-08-23T19:22:05+00:00 INFO Webhook cron execution completed.
2026-08-23T19:22:05+00:00 INFO runOneCCAddressSync: [daily] budget=247.9min (until 05:00 IST)
2026-08-23T19:22:06+00:00 INFO makeAPICall: url: woocommerce/config is success
2026-08-23T19:22:06+00:00 INFO sync: confirmed_order_id=786, maxSeconds=14875
2026-08-23T19:22:06+00:00 INFO makeJSONAPICall: url: woocommerce/ingest is success
2026-08-23T19:22:06+00:00 INFO sync: config_received event sent at order_id=786
2026-08-23T19:22:06+00:00 INFO sync: upper_order_id=786, confirmed_order_id=786
2026-08-23T19:22:06+00:00 INFO getNextBatch: confirmed_order_id=786, orders=0
2026-08-23T19:22:06+00:00 INFO sync: completed. cursor_order_id=786, upper_order_id=786
2026-08-23T19:22:06+00:00 INFO makeJSONAPICall: url: woocommerce/ingest is success
2026-08-23T19:35:33+00:00 INFO Running webhook cron.
2026-08-23T19:35:33+00:00 INFO Webhook cron execution completed.
2026-08-23T19:47:56+00:00 INFO Running webhook cron.
2026-08-23T19:47:56+00:00 INFO Webhook cron execution completed.
2026-08-23T20:36:55+00:00 INFO Running webhook cron.
2026-08-23T20:36:55+00:00 INFO Webhook cron execution completed.
2026-08-23T20:43:21+00:00 INFO Running webhook cron.
2026-08-23T20:43:21+00:00 INFO Webhook cron execution completed.
2026-08-23T20:53:52+00:00 INFO Running webhook cron.
2026-08-23T20:53:52+00:00 INFO Webhook cron execution completed.
2026-08-23T21:30:02+00:00 INFO Running webhook cron.
2026-08-23T21:30:02+00:00 INFO Webhook cron execution completed.
2026-08-23T22:07:53+00:00 INFO Running webhook cron.
2026-08-23T22:07:53+00:00 INFO Webhook cron execution completed.
2026-08-23T22:40:41+00:00 INFO Running webhook cron.
2026-08-23T22:40:41+00:00 INFO Webhook cron execution completed.
2026-08-23T22:48:15+00:00 INFO Running webhook cron.
2026-08-23T22:48:15+00:00 INFO Webhook cron execution completed.
2026-08-23T23:25:19+00:00 INFO Running webhook cron.
2026-08-23T23:25:19+00:00 INFO Webhook cron execution completed.
