2026-09-01T00:01:29+00:00 INFO Running webhook cron.
2026-09-01T00:01:29+00:00 INFO Webhook cron execution completed.
2026-09-01T00:04:57+00:00 INFO Running webhook cron.
2026-09-01T00:04:57+00:00 INFO Webhook cron execution completed.
2026-09-01T00:17:41+00:00 INFO Running webhook cron.
2026-09-01T00:17:41+00:00 INFO Webhook cron execution completed.
2026-09-01T00:32:15+00:00 INFO Running webhook cron.
2026-09-01T00:32:15+00:00 INFO Webhook cron execution completed.
2026-09-01T00:44:25+00:00 INFO Running webhook cron.
2026-09-01T00:44:25+00:00 INFO Webhook cron execution completed.
2026-09-01T01:27:08+00:00 INFO Running webhook cron.
2026-09-01T01:27:08+00:00 INFO Webhook cron execution completed.
2026-09-01T02:05:38+00:00 INFO Running webhook cron.
2026-09-01T02:05:38+00:00 INFO Webhook cron execution completed.
2026-09-01T02:35:54+00:00 INFO Running webhook cron.
2026-09-01T02:35:54+00:00 INFO Webhook cron execution completed.
2026-09-01T03:03:36+00:00 INFO Running webhook cron.
2026-09-01T03:03:36+00:00 INFO Webhook cron execution completed.
2026-09-01T03:41:28+00:00 INFO Running webhook cron.
2026-09-01T03:41:28+00:00 INFO Webhook cron execution completed.
2026-09-01T03:47:51+00:00 INFO Running webhook cron.
2026-09-01T03:47:51+00:00 INFO Webhook cron execution completed.
2026-09-01T04:51:12+00:00 INFO Running webhook cron.
2026-09-01T04:51:12+00:00 INFO Webhook cron execution completed.
2026-09-01T05:12:15+00:00 INFO Running webhook cron.
2026-09-01T05:12:15+00:00 INFO Webhook cron execution completed.
2026-09-01T05:18:28+00:00 INFO Running webhook cron.
2026-09-01T05:18:28+00:00 INFO Webhook cron execution completed.
2026-09-01T05:19:48+00:00 INFO Running webhook cron.
2026-09-01T05:19:48+00:00 INFO Webhook cron execution completed.
2026-09-01T05:24:35+00:00 INFO Running webhook cron.
2026-09-01T05:24:35+00:00 INFO Webhook cron execution completed.
2026-09-01T05:37:06+00:00 INFO Running webhook cron.
2026-09-01T05:37:06+00:00 INFO Webhook cron execution completed.
2026-09-01T06:15:05+00:00 INFO Running webhook cron.
2026-09-01T06:15:05+00:00 INFO Webhook cron execution completed.
2026-09-01T06:57:38+00:00 INFO Running webhook cron.
2026-09-01T06:57:38+00:00 INFO Webhook cron execution completed.
2026-09-01T07:34:22+00:00 INFO Running webhook cron.
2026-09-01T07:34:22+00:00 INFO Webhook cron execution completed.
2026-09-01T08:05:44+00:00 INFO Running webhook cron.
2026-09-01T08:05:44+00:00 INFO Webhook cron execution completed.
2026-09-01T08:34:01+00:00 INFO Running webhook cron.
2026-09-01T08:34:01+00:00 INFO Webhook cron execution completed.
2026-09-01T09:05:46+00:00 INFO Running webhook cron.
2026-09-01T09:05:46+00:00 INFO Webhook cron execution completed.
2026-09-01T09:32:53+00:00 INFO Running webhook cron.
2026-09-01T09:32:53+00:00 INFO Webhook cron execution completed.
2026-09-01T10:09:49+00:00 INFO Running webhook cron.
2026-09-01T10:09:49+00:00 INFO Webhook cron execution completed.
2026-09-01T11:09:13+00:00 INFO Running webhook cron.
2026-09-01T11:09:13+00:00 INFO Webhook cron execution completed.
2026-09-01T11:34:27+00:00 INFO Running webhook cron.
2026-09-01T11:34:27+00:00 INFO Webhook cron execution completed.
2026-09-01T12:38:09+00:00 INFO Running webhook cron.
2026-09-01T12:38:09+00:00 INFO Webhook cron execution completed.
2026-09-01T13:48:36+00:00 INFO Running webhook cron.
2026-09-01T13:48:36+00:00 INFO Webhook cron execution completed.
2026-09-01T13:49:59+00:00 INFO Running webhook cron.
2026-09-01T13:49:59+00:00 INFO Webhook cron execution completed.
2026-09-01T14:57:47+00:00 INFO Running webhook cron.
2026-09-01T14:57:47+00:00 INFO Webhook cron execution completed.
2026-09-01T15:24:48+00:00 INFO Running webhook cron.
2026-09-01T15:24:48+00:00 INFO Webhook cron execution completed.
2026-09-01T15:44:22+00:00 INFO Running webhook cron.
2026-09-01T15:44:22+00:00 INFO Webhook cron execution completed.
2026-09-01T16:40:19+00:00 INFO Running webhook cron.
2026-09-01T16:40:19+00:00 INFO Webhook cron execution completed.
2026-09-01T16:52:15+00:00 INFO Running webhook cron.
2026-09-01T16:52:15+00:00 INFO Webhook cron execution completed.
2026-09-01T17:40:01+00:00 INFO Running webhook cron.
2026-09-01T17:40:01+00:00 INFO Webhook cron execution completed.
2026-09-01T17:55:41+00:00 INFO Running webhook cron.
2026-09-01T17:55:41+00:00 INFO Webhook cron execution completed.
2026-09-01T18:52:14+00:00 INFO Running webhook cron.
2026-09-01T18:52:14+00:00 INFO Webhook cron execution completed.
2026-09-01T18:52:15+00:00 INFO runOneCCAddressSync: [daily] budget=277.8min (until 05:00 IST)
2026-09-01T18:52:15+00:00 INFO makeAPICall: url: woocommerce/config is success
2026-09-01T18:52:15+00:00 INFO sync: confirmed_order_id=786, maxSeconds=16665
2026-09-01T18:52:15+00:00 INFO makeJSONAPICall: url: woocommerce/ingest is success
2026-09-01T18:52:15+00:00 INFO sync: config_received event sent at order_id=786
2026-09-01T18:52:15+00:00 INFO sync: upper_order_id=786, confirmed_order_id=786
2026-09-01T18:52:15+00:00 INFO getNextBatch: confirmed_order_id=786, orders=0
2026-09-01T18:52:15+00:00 INFO sync: completed. cursor_order_id=786, upper_order_id=786
2026-09-01T18:52:15+00:00 INFO makeJSONAPICall: url: woocommerce/ingest is success
2026-09-01T18:58:42+00:00 INFO Running webhook cron.
2026-09-01T18:58:42+00:00 INFO Webhook cron execution completed.
2026-09-01T19:02:39+00:00 INFO Running webhook cron.
2026-09-01T19:02:39+00:00 INFO Webhook cron execution completed.
2026-09-01T19:06:01+00:00 INFO Running webhook cron.
2026-09-01T19:06:01+00:00 INFO Webhook cron execution completed.
2026-09-01T19:22:02+00:00 INFO Running webhook cron.
2026-09-01T19:22:02+00:00 INFO Webhook cron execution completed.
2026-09-01T19:30:15+00:00 INFO Running webhook cron.
2026-09-01T19:30:15+00:00 INFO Webhook cron execution completed.
2026-09-01T19:49:40+00:00 INFO Running webhook cron.
2026-09-01T19:49:40+00:00 INFO Webhook cron execution completed.
2026-09-01T19:57:45+00:00 INFO Running webhook cron.
2026-09-01T19:57:45+00:00 INFO Webhook cron execution completed.
2026-09-01T21:12:57+00:00 INFO Running webhook cron.
2026-09-01T21:12:57+00:00 INFO Webhook cron execution completed.
2026-09-01T21:34:42+00:00 INFO Running webhook cron.
2026-09-01T21:34:42+00:00 INFO Webhook cron execution completed.
2026-09-01T22:23:07+00:00 INFO Running webhook cron.
2026-09-01T22:23:07+00:00 INFO Webhook cron execution completed.
2026-09-01T22:26:54+00:00 INFO Running webhook cron.
2026-09-01T22:26:54+00:00 INFO Webhook cron execution completed.
2026-09-01T22:29:53+00:00 INFO Running webhook cron.
2026-09-01T22:29:53+00:00 INFO Webhook cron execution completed.
2026-09-01T22:47:29+00:00 INFO Running webhook cron.
2026-09-01T22:47:29+00:00 INFO Webhook cron execution completed.
2026-09-01T23:01:50+00:00 INFO Running webhook cron.
2026-09-01T23:01:50+00:00 INFO Webhook cron execution completed.
2026-09-01T23:34:31+00:00 INFO Running webhook cron.
2026-09-01T23:34:31+00:00 INFO Webhook cron execution completed.
