2026-07-23T03:56:14+00:00 INFO Running webhook cron.
2026-07-23T03:56:14+00:00 INFO Webhook cron execution completed.
2026-07-23T03:57:17+00:00 INFO Running webhook cron.
2026-07-23T03:57:17+00:00 INFO Webhook cron execution completed.
2026-07-23T04:08:16+00:00 INFO Running webhook cron.
2026-07-23T04:08:16+00:00 INFO Webhook cron execution completed.
2026-07-23T15:54:05+00:00 INFO Running webhook cron.
2026-07-23T15:54:05+00:00 INFO Webhook cron execution completed.
2026-07-23T16:27:18+00:00 INFO Running webhook cron.
2026-07-23T16:27:18+00:00 INFO Webhook cron execution completed.
2026-07-23T16:32:41+00:00 INFO Running webhook cron.
2026-07-23T16:32:41+00:00 INFO Webhook cron execution completed.
2026-07-23T16:37:01+00:00 INFO Running webhook cron.
2026-07-23T16:37:01+00:00 INFO Webhook cron execution completed.
2026-07-23T16:42:26+00:00 INFO Running webhook cron.
2026-07-23T16:42:26+00:00 INFO Webhook cron execution completed.
2026-07-23T16:47:20+00:00 INFO Running webhook cron.
2026-07-23T16:47:20+00:00 INFO Webhook cron execution completed.
2026-07-23T16:52:03+00:00 INFO Running webhook cron.
2026-07-23T16:52:03+00:00 INFO Webhook cron execution completed.
2026-07-23T16:57:09+00:00 INFO Running webhook cron.
2026-07-23T16:57:09+00:00 INFO Webhook cron execution completed.
2026-07-23T17:02:07+00:00 INFO Running webhook cron.
2026-07-23T17:02:07+00:00 INFO Webhook cron execution completed.
2026-07-23T17:22:10+00:00 INFO Running webhook cron.
2026-07-23T17:22:10+00:00 INFO Webhook cron execution completed.
2026-07-23T17:40:14+00:00 INFO Running webhook cron.
2026-07-23T17:40:14+00:00 INFO Webhook cron execution completed.
2026-07-23T17:43:22+00:00 INFO Running webhook cron.
2026-07-23T17:43:22+00:00 INFO Webhook cron execution completed.
2026-07-23T17:47:06+00:00 INFO Running webhook cron.
2026-07-23T17:47:06+00:00 INFO Webhook cron execution completed.
2026-07-23T17:52:16+00:00 INFO Running webhook cron.
2026-07-23T17:52:16+00:00 INFO Webhook cron execution completed.
2026-07-23T17:57:28+00:00 INFO Running webhook cron.
2026-07-23T17:57:28+00:00 INFO Webhook cron execution completed.
2026-07-23T18:02:54+00:00 INFO Running webhook cron.
2026-07-23T18:02:54+00:00 INFO Webhook cron execution completed.
2026-07-23T18:07:06+00:00 INFO Running webhook cron.
2026-07-23T18:07:06+00:00 INFO Webhook cron execution completed.
2026-07-23T18:13:09+00:00 INFO Running webhook cron.
2026-07-23T18:13:09+00:00 INFO Webhook cron execution completed.
2026-07-23T19:58:14+00:00 INFO Running webhook cron.
2026-07-23T19:58:14+00:00 INFO Webhook cron execution completed.
2026-07-23T19:58:14+00:00 INFO runOneCCAddressSync: [daily] budget=211.8min (until 05:00 IST)
2026-07-23T19:58:15+00:00 INFO makeAPICall: url: woocommerce/config is success
2026-07-23T19:58:15+00:00 INFO sync: confirmed_order_id=761, maxSeconds=12706
2026-07-23T19:58:15+00:00 INFO makeJSONAPICall: url: woocommerce/ingest is success
2026-07-23T19:58:15+00:00 INFO sync: config_received event sent at order_id=761
2026-07-23T19:58:15+00:00 INFO sync: upper_order_id=761, confirmed_order_id=761
2026-07-23T19:58:15+00:00 INFO getNextBatch: confirmed_order_id=761, orders=0
2026-07-23T19:58:15+00:00 INFO sync: completed. cursor_order_id=761, upper_order_id=761
2026-07-23T19:58:15+00:00 INFO makeJSONAPICall: url: woocommerce/ingest is success
