2026-07-25T01:50:57+00:00 INFO Running webhook cron.
2026-07-25T01:50:57+00:00 INFO Webhook cron execution completed.
2026-07-25T02:48:16+00:00 INFO Running webhook cron.
2026-07-25T02:48:16+00:00 INFO Webhook cron execution completed.
2026-07-25T02:51:42+00:00 INFO Running webhook cron.
2026-07-25T02:51:42+00:00 INFO Webhook cron execution completed.
2026-07-25T03:22:08+00:00 INFO Running webhook cron.
2026-07-25T03:22:08+00:00 INFO Webhook cron execution completed.
2026-07-25T03:56:58+00:00 INFO Running webhook cron.
2026-07-25T03:56:58+00:00 INFO Webhook cron execution completed.
2026-07-25T04:28:52+00:00 INFO Running webhook cron.
2026-07-25T04:28:52+00:00 INFO Webhook cron execution completed.
2026-07-25T04:49:57+00:00 INFO Running webhook cron.
2026-07-25T04:49:57+00:00 INFO Webhook cron execution completed.
2026-07-25T05:12:53+00:00 INFO Running webhook cron.
2026-07-25T05:12:53+00:00 INFO Webhook cron execution completed.
2026-07-25T06:24:23+00:00 INFO Running webhook cron.
2026-07-25T06:24:23+00:00 INFO Webhook cron execution completed.
2026-07-25T06:36:40+00:00 INFO Running webhook cron.
2026-07-25T06:36:40+00:00 INFO Webhook cron execution completed.
2026-07-25T06:42:15+00:00 INFO Running webhook cron.
2026-07-25T06:42:15+00:00 INFO Webhook cron execution completed.
2026-07-25T07:55:42+00:00 INFO Running webhook cron.
2026-07-25T07:55:42+00:00 INFO Webhook cron execution completed.
2026-07-25T08:13:07+00:00 INFO Running webhook cron.
2026-07-25T08:13:07+00:00 INFO Webhook cron execution completed.
2026-07-25T08:19:53+00:00 INFO Running webhook cron.
2026-07-25T08:19:53+00:00 INFO Webhook cron execution completed.
2026-07-25T08:34:27+00:00 INFO Running webhook cron.
2026-07-25T08:34:27+00:00 INFO Webhook cron execution completed.
2026-07-25T11:16:32+00:00 INFO Running webhook cron.
2026-07-25T11:16:32+00:00 INFO Webhook cron execution completed.
2026-07-25T12:21:25+00:00 INFO Running webhook cron.
2026-07-25T12:21:25+00:00 INFO Webhook cron execution completed.
2026-07-25T12:43:51+00:00 INFO Running webhook cron.
2026-07-25T12:43:51+00:00 INFO Webhook cron execution completed.
2026-07-25T12:44:57+00:00 INFO Running webhook cron.
2026-07-25T12:44:57+00:00 INFO Webhook cron execution completed.
2026-07-25T12:50:13+00:00 INFO Running webhook cron.
2026-07-25T12:50:13+00:00 INFO Webhook cron execution completed.
2026-07-25T12:53:56+00:00 INFO Running webhook cron.
2026-07-25T12:53:56+00:00 INFO Webhook cron execution completed.
2026-07-25T12:59:01+00:00 INFO Running webhook cron.
2026-07-25T12:59:01+00:00 INFO Webhook cron execution completed.
2026-07-25T13:04:11+00:00 INFO Running webhook cron.
2026-07-25T13:04:11+00:00 INFO Webhook cron execution completed.
2026-07-25T13:09:09+00:00 INFO Running webhook cron.
2026-07-25T13:09:09+00:00 INFO Webhook cron execution completed.
2026-07-25T13:14:35+00:00 INFO Running webhook cron.
2026-07-25T13:14:35+00:00 INFO Webhook cron execution completed.
2026-07-25T13:19:26+00:00 INFO Running webhook cron.
2026-07-25T13:19:26+00:00 INFO Webhook cron execution completed.
2026-07-25T13:25:30+00:00 INFO Running webhook cron.
2026-07-25T13:25:30+00:00 INFO Webhook cron execution completed.
2026-07-25T13:29:36+00:00 INFO Running webhook cron.
2026-07-25T13:29:36+00:00 INFO Webhook cron execution completed.
2026-07-25T13:41:36+00:00 INFO Running webhook cron.
2026-07-25T13:41:36+00:00 INFO Webhook cron execution completed.
2026-07-25T13:45:36+00:00 INFO Running webhook cron.
2026-07-25T13:45:36+00:00 INFO Webhook cron execution completed.
2026-07-25T13:49:05+00:00 INFO Running webhook cron.
2026-07-25T13:49:05+00:00 INFO Webhook cron execution completed.
2026-07-25T13:53:57+00:00 INFO Running webhook cron.
2026-07-25T13:53:57+00:00 INFO Webhook cron execution completed.
2026-07-25T13:59:02+00:00 INFO Running webhook cron.
2026-07-25T13:59:02+00:00 INFO Webhook cron execution completed.
2026-07-25T14:04:49+00:00 INFO Running webhook cron.
2026-07-25T14:04:49+00:00 INFO Webhook cron execution completed.
2026-07-25T14:09:05+00:00 INFO Running webhook cron.
2026-07-25T14:09:05+00:00 INFO Webhook cron execution completed.
2026-07-25T14:11:02+00:00 INFO Called process_payment with params order_id 771
2026-07-25T14:11:02+00:00 INFO Set transient with key razorpay_wc_order_id params order_id 771
2026-07-25T14:11:02+00:00 INFO getRazorpayPaymentParams 771
2026-07-25T14:11:02+00:00 INFO createOrGetRazorpayOrderId 771 and is1ccCheckout is set to no
2026-07-25T14:11:02+00:00 INFO Called createOrGetRazorpayOrderId with params orderId 771 and is_magic_checkout_order is set to no
2026-07-25T14:11:02+00:00 INFO razorpayOrderId  | sessionKey razorpay_order_id771
2026-07-25T14:11:02+00:00 INFO Called createRazorpayOrderId with params orderId 771 and sessionKey razorpay_order_id771
2026-07-25T14:11:02+00:00 INFO Called getOrderCreationData with params orderId 771
2026-07-25T14:11:02+00:00 INFO Called getOrderCreationData with params orderId 771 and is1ccOrder is set to no
2026-07-25T14:11:02+00:00 INFO For order 771
2026-07-25T14:11:02+00:00 INFO {"receipt":"771","amount":600000,"currency":"INR","payment_capture":1,"app_offer":0,"notes":{"woocommerce_order_id":"771","woocommerce_order_number":"771"}}
2026-07-25T14:11:05+00:00 INFO Updating razorpay webhook
2026-07-25T14:11:06+00:00 INFO Meta data saved for Order ID 771 with key razorpay_order_id771 and value order_THlPcgto0q5PHg.
2026-07-25T14:11:06+00:00 INFO For order session key razorpay_order_id771
2026-07-25T14:14:00+00:00 INFO Running webhook cron.
2026-07-25T14:14:00+00:00 INFO Webhook cron execution completed.
2026-07-25T14:20:17+00:00 INFO Running webhook cron.
2026-07-25T14:20:17+00:00 INFO Webhook cron execution completed.
2026-07-25T14:24:19+00:00 INFO Running webhook cron.
2026-07-25T14:24:19+00:00 INFO Webhook cron execution completed.
2026-07-25T14:30:43+00:00 INFO Running webhook cron.
2026-07-25T14:30:43+00:00 INFO Webhook cron execution completed.
2026-07-25T15:16:32+00:00 INFO Running webhook cron.
2026-07-25T15:16:32+00:00 INFO Webhook cron execution completed.
2026-07-25T15:23:54+00:00 INFO Running webhook cron.
2026-07-25T15:23:54+00:00 INFO Webhook cron execution completed.
2026-07-25T15:25:46+00:00 INFO Running webhook cron.
2026-07-25T15:25:46+00:00 INFO Webhook cron execution completed.
2026-07-25T16:39:22+00:00 INFO Running webhook cron.
2026-07-25T16:39:22+00:00 INFO Webhook cron execution completed.
2026-07-25T16:54:38+00:00 INFO Running webhook cron.
2026-07-25T16:54:38+00:00 INFO Webhook cron execution completed.
2026-07-25T17:09:21+00:00 INFO Running webhook cron.
2026-07-25T17:09:21+00:00 INFO Webhook cron execution completed.
2026-07-25T17:42:31+00:00 INFO Running webhook cron.
2026-07-25T17:42:31+00:00 INFO Webhook cron execution completed.
2026-07-25T17:48:08+00:00 INFO Running webhook cron.
2026-07-25T17:48:08+00:00 INFO Webhook cron execution completed.
2026-07-25T17:56:57+00:00 INFO Running webhook cron.
2026-07-25T17:56:57+00:00 INFO Webhook cron execution completed.
2026-07-25T18:13:38+00:00 INFO Running webhook cron.
2026-07-25T18:13:38+00:00 INFO Webhook cron execution completed.
2026-07-25T18:23:08+00:00 INFO Running webhook cron.
2026-07-25T18:23:08+00:00 INFO Webhook cron execution completed.
2026-07-25T18:30:52+00:00 INFO Running webhook cron.
2026-07-25T18:30:52+00:00 INFO Webhook cron execution completed.
2026-07-25T18:30:52+00:00 INFO runOneCCAddressSync: [daily] budget=299.1min (until 05:00 IST)
2026-07-25T18:30:53+00:00 INFO makeAPICall: url: woocommerce/config is success
2026-07-25T18:30:53+00:00 INFO sync: confirmed_order_id=770, maxSeconds=17948
2026-07-25T18:30:53+00:00 INFO makeJSONAPICall: url: woocommerce/ingest is success
2026-07-25T18:30:53+00:00 INFO sync: config_received event sent at order_id=770
2026-07-25T18:30:53+00:00 INFO sync: upper_order_id=771, confirmed_order_id=770
2026-07-25T18:30:53+00:00 INFO getNextBatch: confirmed_order_id=770, orders=1
2026-07-25T18:30:53+00:00 INFO sync: posting 1 addresses at order_id=771
2026-07-25T18:30:53+00:00 INFO makeJSONAPICall: url: woocommerce/ingest is success
2026-07-25T18:30:55+00:00 INFO getNextBatch: confirmed_order_id=771, orders=0
2026-07-25T18:30:55+00:00 INFO sync: completed. cursor_order_id=771, upper_order_id=771
2026-07-25T18:30:55+00:00 INFO makeJSONAPICall: url: woocommerce/ingest is success
2026-07-25T18:39:31+00:00 INFO Running webhook cron.
2026-07-25T18:39:31+00:00 INFO Webhook cron execution completed.
2026-07-25T19:14:48+00:00 INFO Running webhook cron.
2026-07-25T19:14:48+00:00 INFO Webhook cron execution completed.
2026-07-25T19:27:21+00:00 INFO Running webhook cron.
2026-07-25T19:27:21+00:00 INFO Webhook cron execution completed.
2026-07-25T20:27:43+00:00 INFO Running webhook cron.
2026-07-25T20:27:43+00:00 INFO Webhook cron execution completed.
2026-07-25T20:43:10+00:00 INFO Running webhook cron.
2026-07-25T20:43:10+00:00 INFO Webhook cron execution completed.
2026-07-25T22:29:35+00:00 INFO Running webhook cron.
2026-07-25T22:29:35+00:00 INFO Webhook cron execution completed.
2026-07-25T22:48:19+00:00 INFO Running webhook cron.
2026-07-25T22:48:19+00:00 INFO Webhook cron execution completed.
2026-07-25T23:40:56+00:00 INFO Running webhook cron.
2026-07-25T23:40:56+00:00 INFO Webhook cron execution completed.
