2026-09-04T00:15:56+00:00 INFO Running webhook cron.
2026-09-04T00:15:56+00:00 INFO Webhook cron execution completed.
2026-09-04T00:32:43+00:00 INFO Running webhook cron.
2026-09-04T00:32:43+00:00 INFO Webhook cron execution completed.
2026-09-04T01:06:44+00:00 INFO Running webhook cron.
2026-09-04T01:06:44+00:00 INFO Webhook cron execution completed.
2026-09-04T02:28:47+00:00 INFO Running webhook cron.
2026-09-04T02:28:47+00:00 INFO Webhook cron execution completed.
2026-09-04T02:35:43+00:00 INFO Running webhook cron.
2026-09-04T02:35:43+00:00 INFO Webhook cron execution completed.
2026-09-04T02:52:55+00:00 INFO Running webhook cron.
2026-09-04T02:52:55+00:00 INFO Webhook cron execution completed.
2026-09-04T03:46:04+00:00 INFO Running webhook cron.
2026-09-04T03:46:04+00:00 INFO Webhook cron execution completed.
2026-09-04T03:49:13+00:00 INFO Running webhook cron.
2026-09-04T03:49:13+00:00 INFO Webhook cron execution completed.
2026-09-04T04:22:24+00:00 INFO Running webhook cron.
2026-09-04T04:22:24+00:00 INFO Webhook cron execution completed.
2026-09-04T04:54:06+00:00 INFO Running webhook cron.
2026-09-04T04:54:06+00:00 INFO Webhook cron execution completed.
2026-09-04T04:54:14+00:00 INFO Running webhook cron.
2026-09-04T04:54:14+00:00 INFO Webhook cron execution completed.
2026-09-04T05:14:13+00:00 INFO Running webhook cron.
2026-09-04T05:14:13+00:00 INFO Webhook cron execution completed.
2026-09-04T05:45:03+00:00 INFO Running webhook cron.
2026-09-04T05:45:03+00:00 INFO Webhook cron execution completed.
2026-09-04T06:06:32+00:00 INFO Running webhook cron.
2026-09-04T06:06:32+00:00 INFO Webhook cron execution completed.
2026-09-04T06:21:51+00:00 INFO Running webhook cron.
2026-09-04T06:21:51+00:00 INFO Webhook cron execution completed.
2026-09-04T07:38:04+00:00 INFO Running webhook cron.
2026-09-04T07:38:04+00:00 INFO Webhook cron execution completed.
2026-09-04T07:51:14+00:00 INFO Running webhook cron.
2026-09-04T07:51:14+00:00 INFO Webhook cron execution completed.
2026-09-04T09:29:51+00:00 INFO Running webhook cron.
2026-09-04T09:29:51+00:00 INFO Webhook cron execution completed.
2026-09-04T10:11:05+00:00 INFO Running webhook cron.
2026-09-04T10:11:05+00:00 INFO Webhook cron execution completed.
2026-09-04T11:28:02+00:00 INFO Running webhook cron.
2026-09-04T11:28:02+00:00 INFO Webhook cron execution completed.
2026-09-04T12:36:27+00:00 INFO Running webhook cron.
2026-09-04T12:36:27+00:00 INFO Webhook cron execution completed.
2026-09-04T13:32:05+00:00 INFO Running webhook cron.
2026-09-04T13:32:05+00:00 INFO Webhook cron execution completed.
2026-09-04T13:41:57+00:00 INFO Running webhook cron.
2026-09-04T13:41:57+00:00 INFO Webhook cron execution completed.
2026-09-04T15:03:10+00:00 INFO Running webhook cron.
2026-09-04T15:03:10+00:00 INFO Webhook cron execution completed.
2026-09-04T15:34:15+00:00 INFO Running webhook cron.
2026-09-04T15:34:15+00:00 INFO Webhook cron execution completed.
2026-09-04T15:39:43+00:00 INFO Running webhook cron.
2026-09-04T15:39:43+00:00 INFO Webhook cron execution completed.
2026-09-04T16:35:17+00:00 INFO Running webhook cron.
2026-09-04T16:35:17+00:00 INFO Webhook cron execution completed.
2026-09-04T16:57:07+00:00 INFO Running webhook cron.
2026-09-04T16:57:07+00:00 INFO Webhook cron execution completed.
2026-09-04T17:39:05+00:00 INFO Running webhook cron.
2026-09-04T17:39:05+00:00 INFO Webhook cron execution completed.
2026-09-04T17:44:43+00:00 INFO Running webhook cron.
2026-09-04T17:44:43+00:00 INFO Webhook cron execution completed.
2026-09-04T18:58:03+00:00 INFO Running webhook cron.
2026-09-04T18:58:03+00:00 INFO Webhook cron execution completed.
2026-09-04T18:58:04+00:00 INFO runOneCCAddressSync: [daily] budget=271.9min (until 05:00 IST)
2026-09-04T18:58:04+00:00 INFO makeAPICall: url: woocommerce/config is success
2026-09-04T18:58:04+00:00 INFO sync: confirmed_order_id=786, maxSeconds=16316
2026-09-04T18:58:04+00:00 INFO makeJSONAPICall: url: woocommerce/ingest is success
2026-09-04T18:58:04+00:00 INFO sync: config_received event sent at order_id=786
2026-09-04T18:58:04+00:00 INFO sync: upper_order_id=786, confirmed_order_id=786
2026-09-04T18:58:04+00:00 INFO getNextBatch: confirmed_order_id=786, orders=0
2026-09-04T18:58:04+00:00 INFO sync: completed. cursor_order_id=786, upper_order_id=786
2026-09-04T18:58:04+00:00 INFO makeJSONAPICall: url: woocommerce/ingest is success
2026-09-04T19:07:47+00:00 INFO Running webhook cron.
2026-09-04T19:07:47+00:00 INFO Webhook cron execution completed.
2026-09-04T19:09:57+00:00 INFO Running webhook cron.
2026-09-04T19:09:57+00:00 INFO Webhook cron execution completed.
2026-09-04T19:14:58+00:00 INFO Running webhook cron.
2026-09-04T19:14:58+00:00 INFO Webhook cron execution completed.
2026-09-04T19:44:24+00:00 INFO Running webhook cron.
2026-09-04T19:44:24+00:00 INFO Webhook cron execution completed.
2026-09-04T19:58:52+00:00 INFO Running webhook cron.
2026-09-04T19:58:52+00:00 INFO Webhook cron execution completed.
2026-09-04T20:57:48+00:00 INFO Running webhook cron.
2026-09-04T20:57:48+00:00 INFO Webhook cron execution completed.
2026-09-04T20:57:48+00:00 INFO Execute one_cc_plugin_sync_cron successful
2026-09-04T20:57:49+00:00 ERROR 
2026-09-04T21:39:00+00:00 INFO Running webhook cron.
2026-09-04T21:39:00+00:00 INFO Webhook cron execution completed.
2026-09-04T21:44:50+00:00 INFO Running webhook cron.
2026-09-04T21:44:50+00:00 INFO Webhook cron execution completed.
2026-09-04T22:48:19+00:00 INFO Running webhook cron.
2026-09-04T22:48:19+00:00 INFO Webhook cron execution completed.
2026-09-04T22:49:28+00:00 INFO Running webhook cron.
2026-09-04T22:49:28+00:00 INFO Webhook cron execution completed.
2026-09-04T23:18:49+00:00 INFO Running webhook cron.
2026-09-04T23:18:49+00:00 INFO Webhook cron execution completed.
2026-09-04T23:53:53+00:00 INFO Running webhook cron.
2026-09-04T23:53:53+00:00 INFO Webhook cron execution completed.
