2026-08-29T00:39:03+00:00 INFO Running webhook cron.
2026-08-29T00:39:03+00:00 INFO Webhook cron execution completed.
2026-08-29T01:08:59+00:00 INFO Running webhook cron.
2026-08-29T01:08:59+00:00 INFO Webhook cron execution completed.
2026-08-29T01:42:20+00:00 INFO Running webhook cron.
2026-08-29T01:42:20+00:00 INFO Webhook cron execution completed.
2026-08-29T02:41:51+00:00 INFO Running webhook cron.
2026-08-29T02:41:51+00:00 INFO Webhook cron execution completed.
2026-08-29T02:46:55+00:00 INFO Running webhook cron.
2026-08-29T02:46:55+00:00 INFO Webhook cron execution completed.
2026-08-29T02:52:10+00:00 INFO Running webhook cron.
2026-08-29T02:52:10+00:00 INFO Webhook cron execution completed.
2026-08-29T03:36:32+00:00 INFO Running webhook cron.
2026-08-29T03:36:32+00:00 INFO Webhook cron execution completed.
2026-08-29T04:11:38+00:00 INFO Running webhook cron.
2026-08-29T04:11:38+00:00 INFO Webhook cron execution completed.
2026-08-29T04:32:35+00:00 INFO Running webhook cron.
2026-08-29T04:32:35+00:00 INFO Webhook cron execution completed.
2026-08-29T04:48:20+00:00 INFO Running webhook cron.
2026-08-29T04:48:20+00:00 INFO Webhook cron execution completed.
2026-08-29T05:06:04+00:00 INFO Running webhook cron.
2026-08-29T05:06:04+00:00 INFO Webhook cron execution completed.
2026-08-29T05:16:20+00:00 INFO Running webhook cron.
2026-08-29T05:16:20+00:00 INFO Webhook cron execution completed.
2026-08-29T05:22:05+00:00 INFO Running webhook cron.
2026-08-29T05:22:05+00:00 INFO Webhook cron execution completed.
2026-08-29T05:32:37+00:00 INFO Running webhook cron.
2026-08-29T05:32:37+00:00 INFO Webhook cron execution completed.
2026-08-29T05:41:33+00:00 INFO Running webhook cron.
2026-08-29T05:41:33+00:00 INFO Webhook cron execution completed.
2026-08-29T06:02:11+00:00 INFO Running webhook cron.
2026-08-29T06:02:11+00:00 INFO Webhook cron execution completed.
2026-08-29T06:06:16+00:00 INFO Running webhook cron.
2026-08-29T06:06:17+00:00 INFO Webhook cron execution completed.
2026-08-29T06:34:20+00:00 INFO Running webhook cron.
2026-08-29T06:34:20+00:00 INFO Webhook cron execution completed.
2026-08-29T07:25:25+00:00 INFO Running webhook cron.
2026-08-29T07:25:25+00:00 INFO Webhook cron execution completed.
2026-08-29T07:40:25+00:00 INFO Running webhook cron.
2026-08-29T07:40:25+00:00 INFO Webhook cron execution completed.
2026-08-29T07:46:39+00:00 INFO Running webhook cron.
2026-08-29T07:46:39+00:00 INFO Webhook cron execution completed.
2026-08-29T08:32:14+00:00 INFO Running webhook cron.
2026-08-29T08:32:14+00:00 INFO Webhook cron execution completed.
2026-08-29T10:22:40+00:00 INFO Running webhook cron.
2026-08-29T10:22:40+00:00 INFO Webhook cron execution completed.
2026-08-29T10:25:18+00:00 INFO Running webhook cron.
2026-08-29T10:25:18+00:00 INFO Webhook cron execution completed.
2026-08-29T11:30:48+00:00 INFO Running webhook cron.
2026-08-29T11:30:48+00:00 INFO Webhook cron execution completed.
2026-08-29T12:15:52+00:00 INFO Running webhook cron.
2026-08-29T12:15:53+00:00 INFO Webhook cron execution completed.
2026-08-29T12:36:36+00:00 INFO Running webhook cron.
2026-08-29T12:36:36+00:00 INFO Webhook cron execution completed.
2026-08-29T13:15:35+00:00 INFO Running webhook cron.
2026-08-29T13:15:35+00:00 INFO Webhook cron execution completed.
2026-08-29T13:41:08+00:00 INFO Running webhook cron.
2026-08-29T13:41:08+00:00 INFO Webhook cron execution completed.
2026-08-29T14:06:07+00:00 INFO Running webhook cron.
2026-08-29T14:06:07+00:00 INFO Webhook cron execution completed.
2026-08-29T14:17:19+00:00 INFO Running webhook cron.
2026-08-29T14:17:20+00:00 INFO Webhook cron execution completed.
2026-08-29T14:26:26+00:00 INFO Running webhook cron.
2026-08-29T14:26:26+00:00 INFO Webhook cron execution completed.
2026-08-29T14:31:51+00:00 INFO Running webhook cron.
2026-08-29T14:31:51+00:00 INFO Webhook cron execution completed.
2026-08-29T15:36:30+00:00 INFO Running webhook cron.
2026-08-29T15:36:30+00:00 INFO Webhook cron execution completed.
2026-08-29T15:53:10+00:00 INFO Running webhook cron.
2026-08-29T15:53:10+00:00 INFO Webhook cron execution completed.
2026-08-29T16:59:06+00:00 INFO Running webhook cron.
2026-08-29T16:59:06+00:00 INFO Webhook cron execution completed.
2026-08-29T17:06:14+00:00 INFO Running webhook cron.
2026-08-29T17:06:14+00:00 INFO Webhook cron execution completed.
2026-08-29T17:21:17+00:00 INFO Running webhook cron.
2026-08-29T17:21:17+00:00 INFO Webhook cron execution completed.
2026-08-29T17:25:58+00:00 INFO Running webhook cron.
2026-08-29T17:25:58+00:00 INFO Webhook cron execution completed.
2026-08-29T17:33:42+00:00 INFO Running webhook cron.
2026-08-29T17:33:42+00:00 INFO Webhook cron execution completed.
2026-08-29T17:43:38+00:00 INFO Running webhook cron.
2026-08-29T17:43:38+00:00 INFO Webhook cron execution completed.
2026-08-29T19:05:23+00:00 INFO Running webhook cron.
2026-08-29T19:05:23+00:00 INFO Webhook cron execution completed.
2026-08-29T19:05:24+00:00 INFO runOneCCAddressSync: [daily] budget=264.6min (until 05:00 IST)
2026-08-29T19:05:24+00:00 INFO makeAPICall: url: woocommerce/config is success
2026-08-29T19:05:24+00:00 INFO sync: confirmed_order_id=786, maxSeconds=15876
2026-08-29T19:05:24+00:00 INFO makeJSONAPICall: url: woocommerce/ingest is success
2026-08-29T19:05:24+00:00 INFO sync: config_received event sent at order_id=786
2026-08-29T19:05:24+00:00 INFO sync: upper_order_id=786, confirmed_order_id=786
2026-08-29T19:05:24+00:00 INFO getNextBatch: confirmed_order_id=786, orders=0
2026-08-29T19:05:24+00:00 INFO sync: completed. cursor_order_id=786, upper_order_id=786
2026-08-29T19:05:24+00:00 INFO makeJSONAPICall: url: woocommerce/ingest is success
2026-08-29T19:11:04+00:00 INFO Running webhook cron.
2026-08-29T19:11:04+00:00 INFO Webhook cron execution completed.
2026-08-29T19:43:00+00:00 INFO Running webhook cron.
2026-08-29T19:43:00+00:00 INFO Webhook cron execution completed.
2026-08-29T21:04:11+00:00 INFO Running webhook cron.
2026-08-29T21:04:11+00:00 INFO Webhook cron execution completed.
2026-08-29T21:04:58+00:00 INFO Running webhook cron.
2026-08-29T21:04:58+00:00 INFO Webhook cron execution completed.
2026-08-29T21:21:44+00:00 INFO Running webhook cron.
2026-08-29T21:21:44+00:00 INFO Webhook cron execution completed.
2026-08-29T21:33:52+00:00 INFO Running webhook cron.
2026-08-29T21:33:52+00:00 INFO Webhook cron execution completed.
2026-08-29T21:38:22+00:00 INFO Running webhook cron.
2026-08-29T21:38:22+00:00 INFO Webhook cron execution completed.
2026-08-29T22:12:32+00:00 INFO Running webhook cron.
2026-08-29T22:12:33+00:00 INFO Webhook cron execution completed.
2026-08-29T22:47:48+00:00 INFO Running webhook cron.
2026-08-29T22:47:48+00:00 INFO Webhook cron execution completed.
2026-08-29T23:25:49+00:00 INFO Running webhook cron.
2026-08-29T23:25:49+00:00 INFO Webhook cron execution completed.
2026-08-29T23:44:54+00:00 INFO Running webhook cron.
2026-08-29T23:44:54+00:00 INFO Webhook cron execution completed.
