2026-09-06T01:02:23+00:00 INFO Running webhook cron.
2026-09-06T01:02:23+00:00 INFO Webhook cron execution completed.
2026-09-06T02:48:08+00:00 INFO Running webhook cron.
2026-09-06T02:48:08+00:00 INFO Webhook cron execution completed.
2026-09-06T03:01:31+00:00 INFO Running webhook cron.
2026-09-06T03:01:31+00:00 INFO Webhook cron execution completed.
2026-09-06T04:00:10+00:00 INFO Running webhook cron.
2026-09-06T04:00:10+00:00 INFO Webhook cron execution completed.
2026-09-06T04:54:05+00:00 INFO Running webhook cron.
2026-09-06T04:54:05+00:00 INFO Webhook cron execution completed.
2026-09-06T04:54:12+00:00 INFO Running webhook cron.
2026-09-06T04:54:12+00:00 INFO Webhook cron execution completed.
2026-09-06T05:14:52+00:00 INFO Running webhook cron.
2026-09-06T05:14:52+00:00 INFO Webhook cron execution completed.
2026-09-06T05:29:01+00:00 INFO Running webhook cron.
2026-09-06T05:29:01+00:00 INFO Webhook cron execution completed.
2026-09-06T06:26:16+00:00 INFO Running webhook cron.
2026-09-06T06:26:16+00:00 INFO Webhook cron execution completed.
2026-09-06T06:38:44+00:00 INFO Running webhook cron.
2026-09-06T06:38:44+00:00 INFO Webhook cron execution completed.
2026-09-06T07:23:48+00:00 INFO Running webhook cron.
2026-09-06T07:23:49+00:00 INFO Webhook cron execution completed.
2026-09-06T07:54:41+00:00 INFO Running webhook cron.
2026-09-06T07:54:41+00:00 INFO Webhook cron execution completed.
2026-09-06T08:05:31+00:00 INFO Running webhook cron.
2026-09-06T08:05:31+00:00 INFO Webhook cron execution completed.
2026-09-06T08:23:38+00:00 INFO Running webhook cron.
2026-09-06T08:23:38+00:00 INFO Webhook cron execution completed.
2026-09-06T09:07:14+00:00 INFO Running webhook cron.
2026-09-06T09:07:14+00:00 INFO Webhook cron execution completed.
2026-09-06T09:09:32+00:00 INFO Running webhook cron.
2026-09-06T09:09:32+00:00 INFO Webhook cron execution completed.
2026-09-06T09:28:58+00:00 INFO Running webhook cron.
2026-09-06T09:28:58+00:00 INFO Webhook cron execution completed.
2026-09-06T09:45:41+00:00 INFO Running webhook cron.
2026-09-06T09:45:41+00:00 INFO Webhook cron execution completed.
2026-09-06T10:03:17+00:00 INFO Running webhook cron.
2026-09-06T10:03:17+00:00 INFO Webhook cron execution completed.
2026-09-06T10:19:41+00:00 INFO Running webhook cron.
2026-09-06T10:19:41+00:00 INFO Webhook cron execution completed.
2026-09-06T10:28:13+00:00 INFO Running webhook cron.
2026-09-06T10:28:13+00:00 INFO Webhook cron execution completed.
2026-09-06T10:50:09+00:00 INFO Running webhook cron.
2026-09-06T10:50:09+00:00 INFO Webhook cron execution completed.
2026-09-06T11:29:41+00:00 INFO Running webhook cron.
2026-09-06T11:29:41+00:00 INFO Webhook cron execution completed.
2026-09-06T11:41:53+00:00 INFO Running webhook cron.
2026-09-06T11:41:53+00:00 INFO Webhook cron execution completed.
2026-09-06T11:48:44+00:00 INFO Running webhook cron.
2026-09-06T11:48:44+00:00 INFO Webhook cron execution completed.
2026-09-06T11:58:44+00:00 INFO Running webhook cron.
2026-09-06T11:58:44+00:00 INFO Webhook cron execution completed.
2026-09-06T12:00:16+00:00 INFO Running webhook cron.
2026-09-06T12:00:16+00:00 INFO Webhook cron execution completed.
2026-09-06T12:49:09+00:00 INFO Running webhook cron.
2026-09-06T12:49:09+00:00 INFO Webhook cron execution completed.
2026-09-06T12:49:12+00:00 INFO Running webhook cron.
2026-09-06T12:49:12+00:00 INFO Webhook cron execution completed.
2026-09-06T12:58:40+00:00 INFO Running webhook cron.
2026-09-06T12:58:40+00:00 INFO Webhook cron execution completed.
2026-09-06T13:25:15+00:00 INFO Running webhook cron.
2026-09-06T13:25:15+00:00 INFO Webhook cron execution completed.
2026-09-06T13:31:40+00:00 INFO Running webhook cron.
2026-09-06T13:31:40+00:00 INFO Webhook cron execution completed.
2026-09-06T13:46:54+00:00 INFO Running webhook cron.
2026-09-06T13:46:54+00:00 INFO Webhook cron execution completed.
2026-09-06T13:58:44+00:00 INFO Running webhook cron.
2026-09-06T13:58:44+00:00 INFO Webhook cron execution completed.
2026-09-06T14:01:17+00:00 INFO Running webhook cron.
2026-09-06T14:01:17+00:00 INFO Webhook cron execution completed.
2026-09-06T14:27:07+00:00 INFO Running webhook cron.
2026-09-06T14:27:07+00:00 INFO Webhook cron execution completed.
2026-09-06T14:37:41+00:00 INFO Running webhook cron.
2026-09-06T14:37:41+00:00 INFO Webhook cron execution completed.
2026-09-06T14:48:33+00:00 INFO Running webhook cron.
2026-09-06T14:48:33+00:00 INFO Webhook cron execution completed.
2026-09-06T15:11:13+00:00 INFO Running webhook cron.
2026-09-06T15:11:13+00:00 INFO Webhook cron execution completed.
2026-09-06T15:26:14+00:00 INFO Running webhook cron.
2026-09-06T15:26:14+00:00 INFO Webhook cron execution completed.
2026-09-06T15:47:49+00:00 INFO Running webhook cron.
2026-09-06T15:47:49+00:00 INFO Webhook cron execution completed.
2026-09-06T15:57:57+00:00 INFO Running webhook cron.
2026-09-06T15:57:57+00:00 INFO Webhook cron execution completed.
2026-09-06T16:13:28+00:00 INFO Running webhook cron.
2026-09-06T16:13:28+00:00 INFO Webhook cron execution completed.
2026-09-06T16:33:33+00:00 INFO Running webhook cron.
2026-09-06T16:33:33+00:00 INFO Webhook cron execution completed.
2026-09-06T17:01:27+00:00 INFO Running webhook cron.
2026-09-06T17:01:27+00:00 INFO Webhook cron execution completed.
2026-09-06T17:29:04+00:00 INFO Running webhook cron.
2026-09-06T17:29:04+00:00 INFO Webhook cron execution completed.
2026-09-06T17:30:04+00:00 INFO Running webhook cron.
2026-09-06T17:30:04+00:00 INFO Webhook cron execution completed.
2026-09-06T17:46:44+00:00 INFO Running webhook cron.
2026-09-06T17:46:44+00:00 INFO Webhook cron execution completed.
2026-09-06T17:50:49+00:00 INFO Running webhook cron.
2026-09-06T17:50:49+00:00 INFO Webhook cron execution completed.
2026-09-06T18:29:12+00:00 INFO Running webhook cron.
2026-09-06T18:29:12+00:00 INFO Webhook cron execution completed.
2026-09-06T18:43:48+00:00 INFO runOneCCAddressSync: [daily] budget=286.2min (until 05:00 IST)
2026-09-06T18:43:48+00:00 INFO makeAPICall: url: woocommerce/config is success
2026-09-06T18:43:48+00:00 INFO sync: confirmed_order_id=786, maxSeconds=17172
2026-09-06T18:43:48+00:00 INFO makeJSONAPICall: url: woocommerce/ingest is success
2026-09-06T18:43:48+00:00 INFO sync: config_received event sent at order_id=786
2026-09-06T18:43:48+00:00 INFO sync: upper_order_id=786, confirmed_order_id=786
2026-09-06T18:43:48+00:00 INFO getNextBatch: confirmed_order_id=786, orders=0
2026-09-06T18:43:48+00:00 INFO sync: completed. cursor_order_id=786, upper_order_id=786
2026-09-06T18:43:48+00:00 INFO makeJSONAPICall: url: woocommerce/ingest is success
2026-09-06T18:43:48+00:00 INFO Running webhook cron.
2026-09-06T18:43:48+00:00 INFO Webhook cron execution completed.
2026-09-06T19:13:54+00:00 INFO Running webhook cron.
2026-09-06T19:13:54+00:00 INFO Webhook cron execution completed.
2026-09-06T19:15:36+00:00 INFO Running webhook cron.
2026-09-06T19:15:36+00:00 INFO Webhook cron execution completed.
2026-09-06T19:24:15+00:00 INFO Running webhook cron.
2026-09-06T19:24:15+00:00 INFO Webhook cron execution completed.
2026-09-06T19:42:02+00:00 INFO Running webhook cron.
2026-09-06T19:42:02+00:00 INFO Webhook cron execution completed.
2026-09-06T20:07:37+00:00 INFO Running webhook cron.
2026-09-06T20:07:37+00:00 INFO Webhook cron execution completed.
2026-09-06T21:27:30+00:00 INFO Running webhook cron.
2026-09-06T21:27:30+00:00 INFO Webhook cron execution completed.
2026-09-06T21:50:35+00:00 INFO Running webhook cron.
2026-09-06T21:50:35+00:00 INFO Webhook cron execution completed.
2026-09-06T21:54:15+00:00 INFO Running webhook cron.
2026-09-06T21:54:15+00:00 INFO Webhook cron execution completed.
2026-09-06T22:48:21+00:00 INFO Running webhook cron.
2026-09-06T22:48:21+00:00 INFO Webhook cron execution completed.
2026-09-06T22:49:41+00:00 INFO Running webhook cron.
2026-09-06T22:49:41+00:00 INFO Webhook cron execution completed.
2026-09-06T23:39:05+00:00 INFO Running webhook cron.
2026-09-06T23:39:05+00:00 INFO Webhook cron execution completed.
2026-09-06T23:50:25+00:00 INFO Running webhook cron.
2026-09-06T23:50:25+00:00 INFO Webhook cron execution completed.
2026-09-06T23:54:21+00:00 INFO Running webhook cron.
2026-09-06T23:54:21+00:00 INFO Webhook cron execution completed.
