2026-07-23T00:26:07+00:00 INFO Running webhook cron.
2026-07-23T00:26:07+00:00 INFO Webhook cron execution completed.
2026-07-23T01:21:23+00:00 INFO Running webhook cron.
2026-07-23T01:21:23+00:00 INFO Webhook cron execution completed.
2026-07-23T01:53:20+00:00 INFO Running webhook cron.
2026-07-23T01:53:20+00:00 INFO Webhook cron execution completed.
2026-07-23T01:57:58+00:00 INFO Running webhook cron.
2026-07-23T01:57:58+00:00 INFO Webhook cron execution completed.
2026-07-23T02:53:12+00:00 INFO Running webhook cron.
2026-07-23T02:53:12+00:00 INFO Webhook cron execution completed.
2026-07-23T03:16:40+00:00 INFO Running webhook cron.
2026-07-23T03:16:40+00:00 INFO Webhook cron execution completed.
2026-07-23T03:46:59+00:00 INFO Running webhook cron.
2026-07-23T03:46:59+00:00 INFO Webhook cron execution completed.
2026-07-23T03:54:20+00:00 INFO Running webhook cron.
2026-07-23T03:54:20+00:00 INFO Webhook cron execution completed.
2026-07-23T04:31:50+00:00 INFO Running webhook cron.
2026-07-23T04:31:50+00:00 INFO Webhook cron execution completed.
2026-07-23T06:36:45+00:00 INFO Running webhook cron.
2026-07-23T06:36:45+00:00 INFO Webhook cron execution completed.
2026-07-23T07:57:46+00:00 INFO Running webhook cron.
2026-07-23T07:57:46+00:00 INFO Webhook cron execution completed.
2026-07-23T08:42:17+00:00 INFO Running webhook cron.
2026-07-23T08:42:17+00:00 INFO Webhook cron execution completed.
2026-07-23T09:04:42+00:00 INFO Running webhook cron.
2026-07-23T09:04:42+00:00 INFO Webhook cron execution completed.
2026-07-23T09:11:03+00:00 INFO Running webhook cron.
2026-07-23T09:11:03+00:00 INFO Webhook cron execution completed.
2026-07-23T09:34:30+00:00 INFO Running webhook cron.
2026-07-23T09:34:30+00:00 INFO Webhook cron execution completed.
2026-07-23T12:20:36+00:00 INFO Running webhook cron.
2026-07-23T12:20:36+00:00 INFO Webhook cron execution completed.
2026-07-23T12:41:28+00:00 INFO Running webhook cron.
2026-07-23T12:41:28+00:00 INFO Webhook cron execution completed.
2026-07-23T13:06:41+00:00 INFO Running webhook cron.
2026-07-23T13:06:41+00:00 INFO Webhook cron execution completed.
2026-07-23T13:46:05+00:00 INFO Running webhook cron.
2026-07-23T13:46:05+00:00 INFO Webhook cron execution completed.
2026-07-23T14:28:31+00:00 INFO Running webhook cron.
2026-07-23T14:28:31+00:00 INFO Webhook cron execution completed.
2026-07-23T14:37:35+00:00 INFO Running webhook cron.
2026-07-23T14:37:35+00:00 INFO Webhook cron execution completed.
2026-07-23T14:49:35+00:00 INFO Running webhook cron.
2026-07-23T14:49:35+00:00 INFO Webhook cron execution completed.
2026-07-23T15:10:48+00:00 INFO Running webhook cron.
2026-07-23T15:10:48+00:00 INFO Webhook cron execution completed.
2026-07-23T15:15:28+00:00 INFO Running webhook cron.
2026-07-23T15:15:28+00:00 INFO Webhook cron execution completed.
2026-07-23T15:16:58+00:00 INFO Running webhook cron.
2026-07-23T15:16:58+00:00 INFO Webhook cron execution completed.
2026-07-23T15:33:32+00:00 INFO Running webhook cron.
2026-07-23T15:33:32+00:00 INFO Webhook cron execution completed.
2026-07-23T15:37:12+00:00 INFO Running webhook cron.
2026-07-23T15:37:12+00:00 INFO Webhook cron execution completed.
2026-07-23T15:42:35+00:00 INFO Running webhook cron.
2026-07-23T15:42:35+00:00 INFO Webhook cron execution completed.
2026-07-23T15:46:56+00:00 INFO Running webhook cron.
2026-07-23T15:46:56+00:00 INFO Webhook cron execution completed.
2026-07-23T15:51:57+00:00 INFO Running webhook cron.
2026-07-23T15:51:57+00:00 INFO Webhook cron execution completed.
2026-07-23T15:57:03+00:00 INFO Running webhook cron.
2026-07-23T15:57:03+00:00 INFO Webhook cron execution completed.
2026-07-23T16:01:57+00:00 INFO Running webhook cron.
2026-07-23T16:01:57+00:00 INFO Webhook cron execution completed.
2026-07-23T16:07:06+00:00 INFO Running webhook cron.
2026-07-23T16:07:06+00:00 INFO Webhook cron execution completed.
2026-07-23T16:12:24+00:00 INFO Running webhook cron.
2026-07-23T16:12:24+00:00 INFO Webhook cron execution completed.
2026-07-23T16:17:12+00:00 INFO Running webhook cron.
2026-07-23T16:17:12+00:00 INFO Webhook cron execution completed.
2026-07-23T16:21:56+00:00 INFO Running webhook cron.
2026-07-23T16:21:56+00:00 INFO Webhook cron execution completed.
2026-07-23T16:26:59+00:00 INFO Running webhook cron.
2026-07-23T16:26:59+00:00 INFO Webhook cron execution completed.
2026-07-23T16:31:54+00:00 INFO Running webhook cron.
2026-07-23T16:31:54+00:00 INFO Webhook cron execution completed.
2026-07-23T16:37:09+00:00 INFO Running webhook cron.
2026-07-23T16:37:09+00:00 INFO Webhook cron execution completed.
2026-07-23T16:42:11+00:00 INFO Running webhook cron.
2026-07-23T16:42:11+00:00 INFO Webhook cron execution completed.
2026-07-23T16:47:35+00:00 INFO Running webhook cron.
2026-07-23T16:47:35+00:00 INFO Webhook cron execution completed.
2026-07-23T16:52:07+00:00 INFO Running webhook cron.
2026-07-23T16:52:07+00:00 INFO Webhook cron execution completed.
2026-07-23T16:56:57+00:00 INFO Running webhook cron.
2026-07-23T16:56:57+00:00 INFO Webhook cron execution completed.
2026-07-23T17:02:20+00:00 INFO Running webhook cron.
2026-07-23T17:02:20+00:00 INFO Webhook cron execution completed.
2026-07-23T17:07:01+00:00 INFO Running webhook cron.
2026-07-23T17:07:01+00:00 INFO Webhook cron execution completed.
2026-07-23T17:11:54+00:00 INFO Running webhook cron.
2026-07-23T17:11:54+00:00 INFO Webhook cron execution completed.
2026-07-23T17:17:32+00:00 INFO Running webhook cron.
2026-07-23T17:17:32+00:00 INFO Webhook cron execution completed.
2026-07-23T17:22:34+00:00 INFO Running webhook cron.
2026-07-23T17:22:34+00:00 INFO Webhook cron execution completed.
2026-07-23T17:27:34+00:00 INFO Running webhook cron.
2026-07-23T17:27:34+00:00 INFO Webhook cron execution completed.
2026-07-23T17:32:03+00:00 INFO Running webhook cron.
2026-07-23T17:32:03+00:00 INFO Webhook cron execution completed.
2026-07-23T17:36:54+00:00 INFO Running webhook cron.
2026-07-23T17:36:54+00:00 INFO Webhook cron execution completed.
2026-07-23T18:01:03+00:00 INFO Running webhook cron.
2026-07-23T18:01:03+00:00 INFO Webhook cron execution completed.
2026-07-23T18:02:14+00:00 INFO Running webhook cron.
2026-07-23T18:02:14+00:00 INFO Webhook cron execution completed.
2026-07-23T22:45:05+00:00 INFO Running webhook cron.
2026-07-23T22:45:05+00:00 INFO Webhook cron execution completed.
2026-07-23T22:45:05+00:00 INFO runOneCCAddressSync: [daily] budget=44.9min (until 05:00 IST)
2026-07-23T22:45:05+00:00 INFO makeAPICall: url: woocommerce/config is success
2026-07-23T22:45:05+00:00 INFO sync: confirmed_order_id=761, maxSeconds=2695
2026-07-23T22:45:05+00:00 INFO makeJSONAPICall: url: woocommerce/ingest is success
2026-07-23T22:45:05+00:00 INFO sync: config_received event sent at order_id=761
2026-07-23T22:45:05+00:00 INFO sync: upper_order_id=761, confirmed_order_id=761
2026-07-23T22:45:05+00:00 INFO getNextBatch: confirmed_order_id=761, orders=0
2026-07-23T22:45:05+00:00 INFO sync: completed. cursor_order_id=761, upper_order_id=761
2026-07-23T22:45:05+00:00 INFO makeJSONAPICall: url: woocommerce/ingest is success
2026-07-23T22:47:56+00:00 INFO Running webhook cron.
2026-07-23T22:47:56+00:00 INFO Webhook cron execution completed.
2026-07-23T22:59:33+00:00 INFO Running webhook cron.
2026-07-23T22:59:33+00:00 INFO Webhook cron execution completed.
2026-07-23T23:41:17+00:00 INFO Running webhook cron.
2026-07-23T23:41:17+00:00 INFO Webhook cron execution completed.
