2026-08-30T00:23:03+00:00 INFO Running webhook cron.
2026-08-30T00:23:03+00:00 INFO Webhook cron execution completed.
2026-08-30T00:48:48+00:00 INFO Running webhook cron.
2026-08-30T00:48:48+00:00 INFO Webhook cron execution completed.
2026-08-30T01:00:22+00:00 INFO Running webhook cron.
2026-08-30T01:00:22+00:00 INFO Webhook cron execution completed.
2026-08-30T01:13:15+00:00 INFO Running webhook cron.
2026-08-30T01:13:15+00:00 INFO Webhook cron execution completed.
2026-08-30T01:21:23+00:00 INFO Running webhook cron.
2026-08-30T01:21:23+00:00 INFO Webhook cron execution completed.
2026-08-30T01:43:10+00:00 INFO Running webhook cron.
2026-08-30T01:43:10+00:00 INFO Webhook cron execution completed.
2026-08-30T02:16:20+00:00 INFO Running webhook cron.
2026-08-30T02:16:20+00:00 INFO Webhook cron execution completed.
2026-08-30T02:23:02+00:00 INFO Running webhook cron.
2026-08-30T02:23:02+00:00 INFO Webhook cron execution completed.
2026-08-30T02:43:05+00:00 INFO Running webhook cron.
2026-08-30T02:43:05+00:00 INFO Webhook cron execution completed.
2026-08-30T02:54:03+00:00 INFO Running webhook cron.
2026-08-30T02:54:03+00:00 INFO Webhook cron execution completed.
2026-08-30T03:32:10+00:00 INFO Running webhook cron.
2026-08-30T03:32:10+00:00 INFO Webhook cron execution completed.
2026-08-30T04:31:08+00:00 INFO Running webhook cron.
2026-08-30T04:31:08+00:00 INFO Webhook cron execution completed.
2026-08-30T04:48:33+00:00 INFO Running webhook cron.
2026-08-30T04:48:33+00:00 INFO Webhook cron execution completed.
2026-08-30T04:52:49+00:00 INFO Running webhook cron.
2026-08-30T04:52:49+00:00 INFO Webhook cron execution completed.
2026-08-30T05:00:34+00:00 INFO Running webhook cron.
2026-08-30T05:00:34+00:00 INFO Webhook cron execution completed.
2026-08-30T05:06:51+00:00 INFO Running webhook cron.
2026-08-30T05:06:51+00:00 INFO Webhook cron execution completed.
2026-08-30T05:18:06+00:00 INFO Running webhook cron.
2026-08-30T05:18:06+00:00 INFO Webhook cron execution completed.
2026-08-30T05:40:33+00:00 INFO Running webhook cron.
2026-08-30T05:40:33+00:00 INFO Webhook cron execution completed.
2026-08-30T06:06:47+00:00 INFO Running webhook cron.
2026-08-30T06:06:47+00:00 INFO Webhook cron execution completed.
2026-08-30T06:57:42+00:00 INFO Running webhook cron.
2026-08-30T06:57:42+00:00 INFO Webhook cron execution completed.
2026-08-30T08:01:17+00:00 INFO Running webhook cron.
2026-08-30T08:01:17+00:00 INFO Webhook cron execution completed.
2026-08-30T08:46:09+00:00 INFO Running webhook cron.
2026-08-30T08:46:10+00:00 INFO Webhook cron execution completed.
2026-08-30T08:53:34+00:00 INFO Running webhook cron.
2026-08-30T08:53:34+00:00 INFO Webhook cron execution completed.
2026-08-30T09:10:29+00:00 INFO Running webhook cron.
2026-08-30T09:10:29+00:00 INFO Webhook cron execution completed.
2026-08-30T09:32:20+00:00 INFO Running webhook cron.
2026-08-30T09:32:20+00:00 INFO Webhook cron execution completed.
2026-08-30T09:40:43+00:00 INFO Running webhook cron.
2026-08-30T09:40:43+00:00 INFO Webhook cron execution completed.
2026-08-30T09:50:02+00:00 INFO Running webhook cron.
2026-08-30T09:50:02+00:00 INFO Webhook cron execution completed.
2026-08-30T09:57:52+00:00 INFO Running webhook cron.
2026-08-30T09:57:52+00:00 INFO Webhook cron execution completed.
2026-08-30T11:07:15+00:00 INFO Running webhook cron.
2026-08-30T11:07:16+00:00 INFO Webhook cron execution completed.
2026-08-30T11:19:41+00:00 INFO Running webhook cron.
2026-08-30T11:19:41+00:00 INFO Webhook cron execution completed.
2026-08-30T11:39:13+00:00 INFO Running webhook cron.
2026-08-30T11:39:13+00:00 INFO Webhook cron execution completed.
2026-08-30T12:45:18+00:00 INFO Running webhook cron.
2026-08-30T12:45:18+00:00 INFO Webhook cron execution completed.
2026-08-30T13:39:40+00:00 INFO Running webhook cron.
2026-08-30T13:39:40+00:00 INFO Webhook cron execution completed.
2026-08-30T13:54:43+00:00 INFO Running webhook cron.
2026-08-30T13:54:43+00:00 INFO Webhook cron execution completed.
2026-08-30T14:04:45+00:00 INFO Running webhook cron.
2026-08-30T14:04:45+00:00 INFO Webhook cron execution completed.
2026-08-30T15:17:57+00:00 INFO Running webhook cron.
2026-08-30T15:17:58+00:00 INFO Webhook cron execution completed.
2026-08-30T15:22:19+00:00 INFO Running webhook cron.
2026-08-30T15:22:19+00:00 INFO Webhook cron execution completed.
2026-08-30T15:49:26+00:00 INFO Running webhook cron.
2026-08-30T15:49:26+00:00 INFO Webhook cron execution completed.
2026-08-30T16:07:33+00:00 INFO Running webhook cron.
2026-08-30T16:07:33+00:00 INFO Webhook cron execution completed.
2026-08-30T16:41:08+00:00 INFO Running webhook cron.
2026-08-30T16:41:08+00:00 INFO Webhook cron execution completed.
2026-08-30T16:58:05+00:00 INFO Running webhook cron.
2026-08-30T16:58:05+00:00 INFO Webhook cron execution completed.
2026-08-30T17:50:16+00:00 INFO Running webhook cron.
2026-08-30T17:50:16+00:00 INFO Webhook cron execution completed.
2026-08-30T17:54:20+00:00 INFO Running webhook cron.
2026-08-30T17:54:20+00:00 INFO Webhook cron execution completed.
2026-08-30T18:42:35+00:00 INFO Running webhook cron.
2026-08-30T18:42:35+00:00 INFO Webhook cron execution completed.
2026-08-30T18:42:37+00:00 INFO runOneCCAddressSync: [daily] budget=287.4min (until 05:00 IST)
2026-08-30T18:42:37+00:00 INFO makeAPICall: url: woocommerce/config is success
2026-08-30T18:42:37+00:00 INFO sync: confirmed_order_id=786, maxSeconds=17243
2026-08-30T18:42:37+00:00 INFO makeJSONAPICall: url: woocommerce/ingest is success
2026-08-30T18:42:37+00:00 INFO sync: config_received event sent at order_id=786
2026-08-30T18:42:37+00:00 INFO sync: upper_order_id=786, confirmed_order_id=786
2026-08-30T18:42:37+00:00 INFO getNextBatch: confirmed_order_id=786, orders=0
2026-08-30T18:42:37+00:00 INFO sync: completed. cursor_order_id=786, upper_order_id=786
2026-08-30T18:42:37+00:00 INFO makeJSONAPICall: url: woocommerce/ingest is success
2026-08-30T19:29:12+00:00 INFO Running webhook cron.
2026-08-30T19:29:12+00:00 INFO Webhook cron execution completed.
2026-08-30T22:47:23+00:00 INFO Running webhook cron.
2026-08-30T22:47:23+00:00 INFO Webhook cron execution completed.
