2026-08-26T00:45:41+00:00 INFO Running webhook cron.
2026-08-26T00:45:41+00:00 INFO Webhook cron execution completed.
2026-08-26T02:25:25+00:00 INFO Running webhook cron.
2026-08-26T02:25:25+00:00 INFO Webhook cron execution completed.
2026-08-26T02:38:26+00:00 INFO Running webhook cron.
2026-08-26T02:38:26+00:00 INFO Webhook cron execution completed.
2026-08-26T04:15:34+00:00 INFO Running webhook cron.
2026-08-26T04:15:34+00:00 INFO Webhook cron execution completed.
2026-08-26T04:27:42+00:00 INFO Running webhook cron.
2026-08-26T04:27:42+00:00 INFO Webhook cron execution completed.
2026-08-26T04:48:40+00:00 INFO Running webhook cron.
2026-08-26T04:48:40+00:00 INFO Webhook cron execution completed.
2026-08-26T05:49:06+00:00 INFO Running webhook cron.
2026-08-26T05:49:06+00:00 INFO Webhook cron execution completed.
2026-08-26T05:51:11+00:00 INFO Running webhook cron.
2026-08-26T05:51:11+00:00 INFO Webhook cron execution completed.
2026-08-26T06:22:38+00:00 INFO Running webhook cron.
2026-08-26T06:22:38+00:00 INFO Webhook cron execution completed.
2026-08-26T06:30:57+00:00 INFO Running webhook cron.
2026-08-26T06:30:57+00:00 INFO Webhook cron execution completed.
2026-08-26T06:37:53+00:00 INFO Running webhook cron.
2026-08-26T06:37:53+00:00 INFO Webhook cron execution completed.
2026-08-26T06:54:53+00:00 INFO Running webhook cron.
2026-08-26T06:54:53+00:00 INFO Webhook cron execution completed.
2026-08-26T07:43:05+00:00 INFO Running webhook cron.
2026-08-26T07:43:05+00:00 INFO Webhook cron execution completed.
2026-08-26T07:57:21+00:00 INFO Running webhook cron.
2026-08-26T07:57:21+00:00 INFO Webhook cron execution completed.
2026-08-26T08:11:19+00:00 INFO Running webhook cron.
2026-08-26T08:11:19+00:00 INFO Webhook cron execution completed.
2026-08-26T09:17:58+00:00 INFO Running webhook cron.
2026-08-26T09:17:58+00:00 INFO Webhook cron execution completed.
2026-08-26T09:53:00+00:00 INFO Running webhook cron.
2026-08-26T09:53:00+00:00 INFO Webhook cron execution completed.
2026-08-26T10:28:05+00:00 INFO Running webhook cron.
2026-08-26T10:28:05+00:00 INFO Webhook cron execution completed.
2026-08-26T11:24:20+00:00 INFO Running webhook cron.
2026-08-26T11:24:20+00:00 INFO Webhook cron execution completed.
2026-08-26T11:57:33+00:00 INFO Running webhook cron.
2026-08-26T11:57:34+00:00 INFO Webhook cron execution completed.
2026-08-26T12:27:26+00:00 INFO Running webhook cron.
2026-08-26T12:27:26+00:00 INFO Webhook cron execution completed.
2026-08-26T12:32:51+00:00 INFO Running webhook cron.
2026-08-26T12:32:51+00:00 INFO Webhook cron execution completed.
2026-08-26T12:40:39+00:00 INFO Running webhook cron.
2026-08-26T12:40:39+00:00 INFO Webhook cron execution completed.
2026-08-26T13:28:16+00:00 INFO Running webhook cron.
2026-08-26T13:28:16+00:00 INFO Webhook cron execution completed.
2026-08-26T15:20:13+00:00 INFO Running webhook cron.
2026-08-26T15:20:13+00:00 INFO Webhook cron execution completed.
2026-08-26T15:53:44+00:00 INFO Running webhook cron.
2026-08-26T15:53:45+00:00 INFO Webhook cron execution completed.
2026-08-26T16:04:41+00:00 INFO Running webhook cron.
2026-08-26T16:04:41+00:00 INFO Webhook cron execution completed.
2026-08-26T16:25:05+00:00 INFO Running webhook cron.
2026-08-26T16:25:05+00:00 INFO Webhook cron execution completed.
2026-08-26T16:31:51+00:00 INFO Running webhook cron.
2026-08-26T16:31:51+00:00 INFO Webhook cron execution completed.
2026-08-26T17:26:12+00:00 INFO Running webhook cron.
2026-08-26T17:26:12+00:00 INFO Webhook cron execution completed.
2026-08-26T17:53:39+00:00 INFO Running webhook cron.
2026-08-26T17:53:39+00:00 INFO Webhook cron execution completed.
2026-08-26T17:59:41+00:00 INFO Running webhook cron.
2026-08-26T17:59:41+00:00 INFO Webhook cron execution completed.
2026-08-26T18:31:21+00:00 INFO Running webhook cron.
2026-08-26T18:31:21+00:00 INFO Webhook cron execution completed.
2026-08-26T18:31:22+00:00 INFO runOneCCAddressSync: [daily] budget=298.6min (until 05:00 IST)
2026-08-26T18:31:22+00:00 INFO makeAPICall: url: woocommerce/config is success
2026-08-26T18:31:22+00:00 INFO sync: confirmed_order_id=786, maxSeconds=17918
2026-08-26T18:31:22+00:00 INFO makeJSONAPICall: url: woocommerce/ingest is success
2026-08-26T18:31:22+00:00 INFO sync: config_received event sent at order_id=786
2026-08-26T18:31:22+00:00 INFO sync: upper_order_id=786, confirmed_order_id=786
2026-08-26T18:31:22+00:00 INFO getNextBatch: confirmed_order_id=786, orders=0
2026-08-26T18:31:22+00:00 INFO sync: completed. cursor_order_id=786, upper_order_id=786
2026-08-26T18:31:22+00:00 INFO makeJSONAPICall: url: woocommerce/ingest is success
2026-08-26T18:59:22+00:00 INFO Running webhook cron.
2026-08-26T18:59:22+00:00 INFO Webhook cron execution completed.
2026-08-26T19:04:26+00:00 INFO Running webhook cron.
2026-08-26T19:04:26+00:00 INFO Webhook cron execution completed.
2026-08-26T19:24:13+00:00 INFO Running webhook cron.
2026-08-26T19:24:13+00:00 INFO Webhook cron execution completed.
2026-08-26T19:43:38+00:00 INFO Running webhook cron.
2026-08-26T19:43:38+00:00 INFO Webhook cron execution completed.
2026-08-26T19:46:47+00:00 INFO Running webhook cron.
2026-08-26T19:46:47+00:00 INFO Webhook cron execution completed.
2026-08-26T19:56:55+00:00 INFO Running webhook cron.
2026-08-26T19:56:55+00:00 INFO Webhook cron execution completed.
2026-08-26T20:00:21+00:00 INFO Running webhook cron.
2026-08-26T20:00:21+00:00 INFO Webhook cron execution completed.
2026-08-26T20:38:10+00:00 INFO Running webhook cron.
2026-08-26T20:38:10+00:00 INFO Webhook cron execution completed.
2026-08-26T20:50:56+00:00 INFO Running webhook cron.
2026-08-26T20:50:56+00:00 INFO Webhook cron execution completed.
2026-08-26T21:39:47+00:00 INFO Running webhook cron.
2026-08-26T21:39:47+00:00 INFO Webhook cron execution completed.
2026-08-26T22:26:19+00:00 INFO Running webhook cron.
2026-08-26T22:26:19+00:00 INFO Webhook cron execution completed.
2026-08-26T22:48:52+00:00 INFO Running webhook cron.
2026-08-26T22:48:52+00:00 INFO Webhook cron execution completed.
2026-08-26T22:49:34+00:00 INFO Running webhook cron.
2026-08-26T22:49:34+00:00 INFO Webhook cron execution completed.
2026-08-26T22:56:41+00:00 INFO Running webhook cron.
2026-08-26T22:56:41+00:00 INFO Webhook cron execution completed.
2026-08-26T23:00:20+00:00 INFO Running webhook cron.
2026-08-26T23:00:20+00:00 INFO Webhook cron execution completed.
2026-08-26T23:29:58+00:00 INFO Running webhook cron.
2026-08-26T23:29:58+00:00 INFO Webhook cron execution completed.
2026-08-26T23:38:39+00:00 INFO Running webhook cron.
2026-08-26T23:38:39+00:00 INFO Webhook cron execution completed.
