2026-08-31T00:02:45+00:00 INFO Running webhook cron.
2026-08-31T00:02:45+00:00 INFO Webhook cron execution completed.
2026-08-31T02:11:14+00:00 INFO Running webhook cron.
2026-08-31T02:11:14+00:00 INFO Webhook cron execution completed.
2026-08-31T02:24:36+00:00 INFO Running webhook cron.
2026-08-31T02:24:36+00:00 INFO Webhook cron execution completed.
2026-08-31T03:45:36+00:00 INFO Running webhook cron.
2026-08-31T03:45:36+00:00 INFO Webhook cron execution completed.
2026-08-31T04:24:45+00:00 INFO Running webhook cron.
2026-08-31T04:24:45+00:00 INFO Webhook cron execution completed.
2026-08-31T04:51:22+00:00 INFO Running webhook cron.
2026-08-31T04:51:22+00:00 INFO Webhook cron execution completed.
2026-08-31T05:26:41+00:00 INFO Running webhook cron.
2026-08-31T05:26:41+00:00 INFO Webhook cron execution completed.
2026-08-31T06:10:24+00:00 INFO Running webhook cron.
2026-08-31T06:10:24+00:00 INFO Webhook cron execution completed.
2026-08-31T06:14:59+00:00 INFO Running webhook cron.
2026-08-31T06:14:59+00:00 INFO Webhook cron execution completed.
2026-08-31T07:29:13+00:00 INFO Running webhook cron.
2026-08-31T07:29:13+00:00 INFO Webhook cron execution completed.
2026-08-31T07:38:57+00:00 INFO Running webhook cron.
2026-08-31T07:38:57+00:00 INFO Webhook cron execution completed.
2026-08-31T10:52:44+00:00 INFO Running webhook cron.
2026-08-31T10:52:44+00:00 INFO Webhook cron execution completed.
2026-08-31T11:53:55+00:00 INFO Running webhook cron.
2026-08-31T11:53:55+00:00 INFO Webhook cron execution completed.
2026-08-31T12:44:28+00:00 INFO Running webhook cron.
2026-08-31T12:44:28+00:00 INFO Webhook cron execution completed.
2026-08-31T13:12:40+00:00 INFO Running webhook cron.
2026-08-31T13:12:40+00:00 INFO Webhook cron execution completed.
2026-08-31T14:04:53+00:00 INFO Running webhook cron.
2026-08-31T14:04:53+00:00 INFO Webhook cron execution completed.
2026-08-31T14:18:14+00:00 INFO Running webhook cron.
2026-08-31T14:18:14+00:00 INFO Webhook cron execution completed.
2026-08-31T15:09:50+00:00 INFO Running webhook cron.
2026-08-31T15:09:50+00:00 INFO Webhook cron execution completed.
2026-08-31T15:55:28+00:00 INFO Running webhook cron.
2026-08-31T15:55:28+00:00 INFO Webhook cron execution completed.
2026-08-31T16:07:23+00:00 INFO Running webhook cron.
2026-08-31T16:07:23+00:00 INFO Webhook cron execution completed.
2026-08-31T16:38:13+00:00 INFO Running webhook cron.
2026-08-31T16:38:13+00:00 INFO Webhook cron execution completed.
2026-08-31T17:25:23+00:00 INFO Running webhook cron.
2026-08-31T17:25:23+00:00 INFO Webhook cron execution completed.
2026-08-31T18:47:43+00:00 INFO Running webhook cron.
2026-08-31T18:47:43+00:00 INFO Webhook cron execution completed.
2026-08-31T18:47:45+00:00 INFO runOneCCAddressSync: [daily] budget=282.3min (until 05:00 IST)
2026-08-31T18:47:45+00:00 INFO makeAPICall: url: woocommerce/config is success
2026-08-31T18:47:45+00:00 INFO sync: confirmed_order_id=786, maxSeconds=16935
2026-08-31T18:47:45+00:00 INFO makeJSONAPICall: url: woocommerce/ingest is success
2026-08-31T18:47:45+00:00 INFO sync: config_received event sent at order_id=786
2026-08-31T18:47:45+00:00 INFO sync: upper_order_id=786, confirmed_order_id=786
2026-08-31T18:47:45+00:00 INFO getNextBatch: confirmed_order_id=786, orders=0
2026-08-31T18:47:45+00:00 INFO sync: completed. cursor_order_id=786, upper_order_id=786
2026-08-31T18:47:45+00:00 INFO makeJSONAPICall: url: woocommerce/ingest is success
2026-08-31T19:23:44+00:00 INFO Running webhook cron.
2026-08-31T19:23:44+00:00 INFO Webhook cron execution completed.
2026-08-31T19:53:05+00:00 INFO Running webhook cron.
2026-08-31T19:53:05+00:00 INFO Webhook cron execution completed.
2026-08-31T19:54:23+00:00 INFO Running webhook cron.
2026-08-31T19:54:23+00:00 INFO Webhook cron execution completed.
2026-08-31T19:59:19+00:00 INFO Running webhook cron.
2026-08-31T19:59:19+00:00 INFO Webhook cron execution completed.
2026-08-31T20:04:28+00:00 INFO Running webhook cron.
2026-08-31T20:04:28+00:00 INFO Webhook cron execution completed.
2026-08-31T20:22:10+00:00 INFO Running webhook cron.
2026-08-31T20:22:10+00:00 INFO Webhook cron execution completed.
2026-08-31T20:28:23+00:00 INFO Running webhook cron.
2026-08-31T20:28:23+00:00 INFO Webhook cron execution completed.
2026-08-31T21:00:52+00:00 INFO Running webhook cron.
2026-08-31T21:00:52+00:00 INFO Webhook cron execution completed.
2026-08-31T21:05:26+00:00 INFO Running webhook cron.
2026-08-31T21:05:26+00:00 INFO Webhook cron execution completed.
2026-08-31T21:42:57+00:00 INFO Running webhook cron.
2026-08-31T21:42:57+00:00 INFO Webhook cron execution completed.
2026-08-31T22:06:28+00:00 INFO Running webhook cron.
2026-08-31T22:06:28+00:00 INFO Webhook cron execution completed.
2026-08-31T22:27:56+00:00 INFO Running webhook cron.
2026-08-31T22:27:56+00:00 INFO Webhook cron execution completed.
2026-08-31T22:34:05+00:00 INFO Running webhook cron.
2026-08-31T22:34:05+00:00 INFO Webhook cron execution completed.
2026-08-31T22:47:30+00:00 INFO Running webhook cron.
2026-08-31T22:47:30+00:00 INFO Webhook cron execution completed.
2026-08-31T23:32:23+00:00 INFO Running webhook cron.
2026-08-31T23:32:23+00:00 INFO Webhook cron execution completed.
