2026-09-08T00:49:08+00:00 INFO Running webhook cron.
2026-09-08T00:49:08+00:00 INFO Webhook cron execution completed.
2026-09-08T00:58:42+00:00 INFO Running webhook cron.
2026-09-08T00:58:42+00:00 INFO Webhook cron execution completed.
2026-09-08T01:35:27+00:00 INFO Running webhook cron.
2026-09-08T01:35:27+00:00 INFO Webhook cron execution completed.
2026-09-08T01:43:44+00:00 INFO Running webhook cron.
2026-09-08T01:43:44+00:00 INFO Webhook cron execution completed.
2026-09-08T02:06:50+00:00 INFO Running webhook cron.
2026-09-08T02:06:50+00:00 INFO Webhook cron execution completed.
2026-09-08T02:25:24+00:00 INFO Running webhook cron.
2026-09-08T02:25:24+00:00 INFO Webhook cron execution completed.
2026-09-08T02:31:40+00:00 INFO Running webhook cron.
2026-09-08T02:31:40+00:00 INFO Webhook cron execution completed.
2026-09-08T03:04:07+00:00 INFO Running webhook cron.
2026-09-08T03:04:07+00:00 INFO Webhook cron execution completed.
2026-09-08T03:24:07+00:00 INFO Running webhook cron.
2026-09-08T03:24:07+00:00 INFO Webhook cron execution completed.
2026-09-08T03:34:28+00:00 INFO Running webhook cron.
2026-09-08T03:34:28+00:00 INFO Webhook cron execution completed.
2026-09-08T03:50:03+00:00 INFO Running webhook cron.
2026-09-08T03:50:03+00:00 INFO Webhook cron execution completed.
2026-09-08T04:25:54+00:00 INFO Running webhook cron.
2026-09-08T04:25:54+00:00 INFO Webhook cron execution completed.
2026-09-08T04:57:04+00:00 INFO Running webhook cron.
2026-09-08T04:57:04+00:00 INFO Webhook cron execution completed.
2026-09-08T04:57:15+00:00 INFO createOneCCAddressSyncCron: attempting to schedule daily cron
2026-09-08T04:57:15+00:00 INFO createOneCCAddressSyncCron: already scheduled, skipping
2026-09-08T04:57:15+00:00 INFO create one_cc_plugin_sync_cron successful
2026-09-08T04:57:22+00:00 INFO createOneCCAddressSyncCron: attempting to schedule daily cron
2026-09-08T04:57:22+00:00 INFO createOneCCAddressSyncCron: already scheduled, skipping
2026-09-08T04:57:22+00:00 INFO create one_cc_plugin_sync_cron successful
2026-09-08T05:10:28+00:00 INFO Running webhook cron.
2026-09-08T05:10:28+00:00 INFO Webhook cron execution completed.
2026-09-08T05:14:26+00:00 INFO Running webhook cron.
2026-09-08T05:14:26+00:00 INFO Webhook cron execution completed.
2026-09-08T05:21:01+00:00 INFO Running webhook cron.
2026-09-08T05:21:01+00:00 INFO Webhook cron execution completed.
2026-09-08T05:28:50+00:00 INFO Running webhook cron.
2026-09-08T05:28:50+00:00 INFO Webhook cron execution completed.
2026-09-08T05:46:51+00:00 INFO Running webhook cron.
2026-09-08T05:46:51+00:00 INFO Webhook cron execution completed.
2026-09-08T06:26:57+00:00 INFO Running webhook cron.
2026-09-08T06:26:57+00:00 INFO Webhook cron execution completed.
2026-09-08T06:34:27+00:00 INFO Running webhook cron.
2026-09-08T06:34:27+00:00 INFO Webhook cron execution completed.
2026-09-08T07:22:18+00:00 INFO Running webhook cron.
2026-09-08T07:22:18+00:00 INFO Webhook cron execution completed.
2026-09-08T07:44:34+00:00 INFO Running webhook cron.
2026-09-08T07:44:34+00:00 INFO Webhook cron execution completed.
2026-09-08T08:36:56+00:00 INFO Running webhook cron.
2026-09-08T08:36:56+00:00 INFO Webhook cron execution completed.
2026-09-08T09:03:39+00:00 INFO Running webhook cron.
2026-09-08T09:03:39+00:00 INFO Webhook cron execution completed.
2026-09-08T09:38:28+00:00 INFO Running webhook cron.
2026-09-08T09:38:28+00:00 INFO Webhook cron execution completed.
2026-09-08T10:06:06+00:00 INFO Running webhook cron.
2026-09-08T10:06:06+00:00 INFO Webhook cron execution completed.
2026-09-08T10:10:58+00:00 INFO Running webhook cron.
2026-09-08T10:10:58+00:00 INFO Webhook cron execution completed.
2026-09-08T10:28:01+00:00 INFO Running webhook cron.
2026-09-08T10:28:01+00:00 INFO Webhook cron execution completed.
2026-09-08T11:17:57+00:00 INFO Running webhook cron.
2026-09-08T11:17:57+00:00 INFO Webhook cron execution completed.
2026-09-08T11:33:02+00:00 INFO Running webhook cron.
2026-09-08T11:33:02+00:00 INFO Webhook cron execution completed.
2026-09-08T12:26:17+00:00 INFO Running webhook cron.
2026-09-08T12:26:17+00:00 INFO Webhook cron execution completed.
2026-09-08T12:36:34+00:00 INFO Running webhook cron.
2026-09-08T12:36:34+00:00 INFO Webhook cron execution completed.
2026-09-08T13:01:14+00:00 INFO Running webhook cron.
2026-09-08T13:01:14+00:00 INFO Webhook cron execution completed.
2026-09-08T13:34:01+00:00 INFO Running webhook cron.
2026-09-08T13:34:01+00:00 INFO Webhook cron execution completed.
2026-09-08T14:08:11+00:00 INFO Running webhook cron.
2026-09-08T14:08:11+00:00 INFO Webhook cron execution completed.
2026-09-08T14:30:18+00:00 INFO Running webhook cron.
2026-09-08T14:30:18+00:00 INFO Webhook cron execution completed.
2026-09-08T14:42:21+00:00 INFO Running webhook cron.
2026-09-08T14:42:21+00:00 INFO Webhook cron execution completed.
2026-09-08T15:02:25+00:00 INFO Running webhook cron.
2026-09-08T15:02:25+00:00 INFO Webhook cron execution completed.
2026-09-08T15:05:06+00:00 INFO Running webhook cron.
2026-09-08T15:05:06+00:00 INFO Webhook cron execution completed.
2026-09-08T15:34:05+00:00 INFO Running webhook cron.
2026-09-08T15:34:05+00:00 INFO Webhook cron execution completed.
2026-09-08T15:50:05+00:00 INFO Running webhook cron.
2026-09-08T15:50:05+00:00 INFO Webhook cron execution completed.
2026-09-08T16:07:03+00:00 INFO Running webhook cron.
2026-09-08T16:07:03+00:00 INFO Webhook cron execution completed.
2026-09-08T16:56:09+00:00 INFO Running webhook cron.
2026-09-08T16:56:09+00:00 INFO Webhook cron execution completed.
2026-09-08T17:01:27+00:00 INFO Running webhook cron.
2026-09-08T17:01:27+00:00 INFO Webhook cron execution completed.
2026-09-08T17:18:40+00:00 INFO Running webhook cron.
2026-09-08T17:18:40+00:00 INFO Webhook cron execution completed.
2026-09-08T17:37:16+00:00 INFO Running webhook cron.
2026-09-08T17:37:16+00:00 INFO Webhook cron execution completed.
2026-09-08T17:56:07+00:00 INFO Running webhook cron.
2026-09-08T17:56:07+00:00 INFO Webhook cron execution completed.
2026-09-08T18:03:19+00:00 INFO Running webhook cron.
2026-09-08T18:03:19+00:00 INFO Webhook cron execution completed.
2026-09-08T18:12:12+00:00 INFO Running webhook cron.
2026-09-08T18:12:12+00:00 INFO Webhook cron execution completed.
2026-09-08T18:16:06+00:00 INFO Running webhook cron.
2026-09-08T18:16:06+00:00 INFO Webhook cron execution completed.
2026-09-08T18:23:26+00:00 INFO Running webhook cron.
2026-09-08T18:23:26+00:00 INFO Webhook cron execution completed.
2026-09-08T19:23:28+00:00 INFO Running webhook cron.
2026-09-08T19:23:28+00:00 INFO Webhook cron execution completed.
2026-09-08T19:23:28+00:00 INFO runOneCCAddressSync: [daily] budget=246.5min (until 05:00 IST)
2026-09-08T19:23:28+00:00 INFO makeAPICall: url: woocommerce/config is success
2026-09-08T19:23:28+00:00 INFO sync: confirmed_order_id=786, maxSeconds=14792
2026-09-08T19:23:28+00:00 INFO makeJSONAPICall: url: woocommerce/ingest is success
2026-09-08T19:23:28+00:00 INFO sync: config_received event sent at order_id=786
2026-09-08T19:23:28+00:00 INFO sync: upper_order_id=786, confirmed_order_id=786
2026-09-08T19:23:28+00:00 INFO getNextBatch: confirmed_order_id=786, orders=0
2026-09-08T19:23:28+00:00 INFO sync: completed. cursor_order_id=786, upper_order_id=786
2026-09-08T19:23:28+00:00 INFO makeJSONAPICall: url: woocommerce/ingest is success
2026-09-08T19:25:00+00:00 INFO Running webhook cron.
2026-09-08T19:25:00+00:00 INFO Webhook cron execution completed.
2026-09-08T19:56:24+00:00 INFO Running webhook cron.
2026-09-08T19:56:24+00:00 INFO Webhook cron execution completed.
2026-09-08T20:29:21+00:00 INFO Running webhook cron.
2026-09-08T20:29:21+00:00 INFO Webhook cron execution completed.
2026-09-08T20:37:31+00:00 INFO Running webhook cron.
2026-09-08T20:37:31+00:00 INFO Webhook cron execution completed.
2026-09-08T20:44:24+00:00 INFO Running webhook cron.
2026-09-08T20:44:24+00:00 INFO Webhook cron execution completed.
2026-09-08T20:55:49+00:00 INFO Running webhook cron.
2026-09-08T20:55:49+00:00 INFO Webhook cron execution completed.
2026-09-08T21:07:20+00:00 INFO Running webhook cron.
2026-09-08T21:07:20+00:00 INFO Webhook cron execution completed.
2026-09-08T21:32:51+00:00 INFO Running webhook cron.
2026-09-08T21:32:51+00:00 INFO Webhook cron execution completed.
2026-09-08T21:36:33+00:00 INFO Running webhook cron.
2026-09-08T21:36:33+00:00 INFO Webhook cron execution completed.
2026-09-08T22:34:52+00:00 INFO Running webhook cron.
2026-09-08T22:34:52+00:00 INFO Webhook cron execution completed.
2026-09-08T22:41:37+00:00 INFO Running webhook cron.
2026-09-08T22:41:37+00:00 INFO Webhook cron execution completed.
2026-09-08T22:47:27+00:00 INFO Running webhook cron.
2026-09-08T22:47:27+00:00 INFO Webhook cron execution completed.
2026-09-08T23:37:19+00:00 INFO Running webhook cron.
2026-09-08T23:37:19+00:00 INFO Webhook cron execution completed.
2026-09-08T23:49:18+00:00 INFO Running webhook cron.
2026-09-08T23:49:18+00:00 INFO Webhook cron execution completed.
