2026-08-13T07:29:28+00:00 INFO Running webhook cron.
2026-08-13T07:29:28+00:00 INFO Webhook cron execution completed.
2026-08-13T07:29:28+00:00 INFO runOneCCAddressSync: [daily] past 05:00 IST hard stop, skipping this run
2026-08-13T12:15:30+00:00 INFO Running webhook cron.
2026-08-13T12:15:30+00:00 INFO Webhook cron execution completed.
2026-08-13T12:16:32+00:00 INFO Running webhook cron.
2026-08-13T12:16:32+00:00 INFO Webhook cron execution completed.
2026-08-13T12:22:14+00:00 INFO Running webhook cron.
2026-08-13T12:22:14+00:00 INFO Webhook cron execution completed.
2026-08-13T12:27:27+00:00 INFO Running webhook cron.
2026-08-13T12:27:27+00:00 INFO Webhook cron execution completed.
2026-08-13T12:32:30+00:00 INFO Running webhook cron.
2026-08-13T12:32:30+00:00 INFO Webhook cron execution completed.
2026-08-13T12:36:32+00:00 INFO Running webhook cron.
2026-08-13T12:36:32+00:00 INFO Webhook cron execution completed.
2026-08-13T12:45:25+00:00 INFO Running webhook cron.
2026-08-13T12:45:25+00:00 INFO Webhook cron execution completed.
2026-08-13T12:46:34+00:00 INFO Running webhook cron.
2026-08-13T12:46:34+00:00 INFO Webhook cron execution completed.
2026-08-13T12:53:01+00:00 INFO Running webhook cron.
2026-08-13T12:53:01+00:00 INFO Webhook cron execution completed.
2026-08-13T12:57:03+00:00 INFO Running webhook cron.
2026-08-13T12:57:03+00:00 INFO Webhook cron execution completed.
2026-08-13T13:04:56+00:00 INFO Running webhook cron.
2026-08-13T13:04:56+00:00 INFO Webhook cron execution completed.
2026-08-13T13:06:56+00:00 INFO Running webhook cron.
2026-08-13T13:06:56+00:00 INFO Webhook cron execution completed.
2026-08-13T13:11:58+00:00 INFO Running webhook cron.
2026-08-13T13:11:58+00:00 INFO Webhook cron execution completed.
2026-08-13T13:17:01+00:00 INFO Running webhook cron.
2026-08-13T13:17:01+00:00 INFO Webhook cron execution completed.
2026-08-13T13:21:23+00:00 INFO Running webhook cron.
2026-08-13T13:21:23+00:00 INFO Webhook cron execution completed.
2026-08-13T13:27:26+00:00 INFO Running webhook cron.
2026-08-13T13:27:26+00:00 INFO Webhook cron execution completed.
2026-08-13T13:31:42+00:00 INFO Running webhook cron.
2026-08-13T13:31:42+00:00 INFO Webhook cron execution completed.
2026-08-13T13:53:30+00:00 INFO Running webhook cron.
2026-08-13T13:53:30+00:00 INFO Webhook cron execution completed.
2026-08-13T13:56:31+00:00 INFO Running webhook cron.
2026-08-13T13:56:31+00:00 INFO Webhook cron execution completed.
2026-08-13T15:00:08+00:00 INFO Running webhook cron.
2026-08-13T15:00:08+00:00 INFO Webhook cron execution completed.
2026-08-13T15:02:08+00:00 INFO Running webhook cron.
2026-08-13T15:02:08+00:00 INFO Webhook cron execution completed.
2026-08-13T15:07:08+00:00 INFO Running webhook cron.
2026-08-13T15:07:08+00:00 INFO Webhook cron execution completed.
2026-08-13T15:20:42+00:00 INFO Running webhook cron.
2026-08-13T15:20:42+00:00 INFO Webhook cron execution completed.
2026-08-13T15:21:23+00:00 INFO Running webhook cron.
2026-08-13T15:21:23+00:00 INFO Webhook cron execution completed.
2026-08-13T15:31:16+00:00 INFO Running webhook cron.
2026-08-13T15:31:16+00:00 INFO Webhook cron execution completed.
2026-08-13T15:47:18+00:00 INFO Running webhook cron.
2026-08-13T15:47:18+00:00 INFO Webhook cron execution completed.
2026-08-13T15:52:31+00:00 INFO Running webhook cron.
2026-08-13T15:52:31+00:00 INFO Webhook cron execution completed.
2026-08-13T15:57:28+00:00 INFO Running webhook cron.
2026-08-13T15:57:28+00:00 INFO Webhook cron execution completed.
2026-08-13T16:20:46+00:00 INFO Running webhook cron.
2026-08-13T16:20:46+00:00 INFO Webhook cron execution completed.
2026-08-13T16:22:10+00:00 INFO Running webhook cron.
2026-08-13T16:22:10+00:00 INFO Webhook cron execution completed.
2026-08-13T16:32:19+00:00 INFO Running webhook cron.
2026-08-13T16:32:19+00:00 INFO Webhook cron execution completed.
2026-08-13T18:19:09+00:00 INFO Running webhook cron.
2026-08-13T18:19:09+00:00 INFO Webhook cron execution completed.
2026-08-13T18:35:44+00:00 INFO Running webhook cron.
2026-08-13T18:35:44+00:00 INFO Webhook cron execution completed.
2026-08-13T18:35:44+00:00 INFO runOneCCAddressSync: [daily] budget=294.3min (until 05:00 IST)
2026-08-13T18:35:46+00:00 INFO makeAPICall: url: woocommerce/config is success
2026-08-13T18:35:46+00:00 INFO sync: confirmed_order_id=771, maxSeconds=17656
2026-08-13T18:35:47+00:00 INFO makeJSONAPICall: url: woocommerce/ingest is success
2026-08-13T18:35:47+00:00 INFO sync: config_received event sent at order_id=771
2026-08-13T18:35:47+00:00 INFO sync: upper_order_id=776, confirmed_order_id=771
2026-08-13T18:35:47+00:00 INFO getNextBatch: confirmed_order_id=771, orders=3
2026-08-13T18:35:47+00:00 INFO sync: posting 3 addresses at order_id=776
2026-08-13T18:35:48+00:00 INFO makeJSONAPICall: url: woocommerce/ingest is success
2026-08-13T18:35:50+00:00 INFO getNextBatch: confirmed_order_id=776, orders=0
2026-08-13T18:35:50+00:00 INFO sync: completed. cursor_order_id=776, upper_order_id=776
2026-08-13T18:35:50+00:00 INFO makeJSONAPICall: url: woocommerce/ingest is success
2026-08-13T18:36:24+00:00 INFO Running webhook cron.
2026-08-13T18:36:24+00:00 INFO Webhook cron execution completed.
2026-08-13T18:41:19+00:00 INFO Running webhook cron.
2026-08-13T18:41:19+00:00 INFO Webhook cron execution completed.
2026-08-13T18:46:26+00:00 INFO Running webhook cron.
2026-08-13T18:46:26+00:00 INFO Webhook cron execution completed.
2026-08-13T18:51:23+00:00 INFO Running webhook cron.
2026-08-13T18:51:23+00:00 INFO Webhook cron execution completed.
2026-08-13T18:56:28+00:00 INFO Running webhook cron.
2026-08-13T18:56:28+00:00 INFO Webhook cron execution completed.
2026-08-13T19:01:19+00:00 INFO Running webhook cron.
2026-08-13T19:01:19+00:00 INFO Webhook cron execution completed.
2026-08-13T19:06:54+00:00 INFO Running webhook cron.
2026-08-13T19:06:54+00:00 INFO Webhook cron execution completed.
2026-08-13T19:12:57+00:00 INFO Running webhook cron.
2026-08-13T19:12:57+00:00 INFO Webhook cron execution completed.
2026-08-13T19:16:59+00:00 INFO Running webhook cron.
2026-08-13T19:16:59+00:00 INFO Webhook cron execution completed.
2026-08-13T19:41:25+00:00 INFO Running webhook cron.
2026-08-13T19:41:25+00:00 INFO Webhook cron execution completed.
