2026-08-22T00:53:23+00:00 INFO Running webhook cron.
2026-08-22T00:53:23+00:00 INFO Webhook cron execution completed.
2026-08-22T01:18:24+00:00 INFO Running webhook cron.
2026-08-22T01:18:24+00:00 INFO Webhook cron execution completed.
2026-08-22T01:47:07+00:00 INFO Running webhook cron.
2026-08-22T01:47:07+00:00 INFO Webhook cron execution completed.
2026-08-22T01:49:58+00:00 INFO Running webhook cron.
2026-08-22T01:49:58+00:00 INFO Webhook cron execution completed.
2026-08-22T02:28:06+00:00 INFO Running webhook cron.
2026-08-22T02:28:06+00:00 INFO Webhook cron execution completed.
2026-08-22T02:44:41+00:00 INFO Running webhook cron.
2026-08-22T02:44:41+00:00 INFO Webhook cron execution completed.
2026-08-22T02:51:42+00:00 INFO Running webhook cron.
2026-08-22T02:51:42+00:00 INFO Webhook cron execution completed.
2026-08-22T03:39:59+00:00 INFO Running webhook cron.
2026-08-22T03:39:59+00:00 INFO Webhook cron execution completed.
2026-08-22T03:48:19+00:00 INFO Running webhook cron.
2026-08-22T03:48:19+00:00 INFO Webhook cron execution completed.
2026-08-22T04:46:43+00:00 INFO Running webhook cron.
2026-08-22T04:46:43+00:00 INFO Webhook cron execution completed.
2026-08-22T04:50:04+00:00 INFO Running webhook cron.
2026-08-22T04:50:04+00:00 INFO Webhook cron execution completed.
2026-08-22T05:11:56+00:00 INFO Running webhook cron.
2026-08-22T05:11:56+00:00 INFO Webhook cron execution completed.
2026-08-22T05:35:20+00:00 INFO Running webhook cron.
2026-08-22T05:35:20+00:00 INFO Webhook cron execution completed.
2026-08-22T05:39:33+00:00 INFO Running webhook cron.
2026-08-22T05:39:33+00:00 INFO Webhook cron execution completed.
2026-08-22T06:08:56+00:00 INFO Running webhook cron.
2026-08-22T06:08:56+00:00 INFO Webhook cron execution completed.
2026-08-22T06:25:56+00:00 INFO Running webhook cron.
2026-08-22T06:25:56+00:00 INFO Webhook cron execution completed.
2026-08-22T06:38:33+00:00 INFO Running webhook cron.
2026-08-22T06:38:33+00:00 INFO Webhook cron execution completed.
2026-08-22T06:44:51+00:00 INFO Running webhook cron.
2026-08-22T06:44:51+00:00 INFO Webhook cron execution completed.
2026-08-22T07:00:51+00:00 INFO Running webhook cron.
2026-08-22T07:00:51+00:00 INFO Webhook cron execution completed.
2026-08-22T07:48:21+00:00 INFO Running webhook cron.
2026-08-22T07:48:21+00:00 INFO Webhook cron execution completed.
2026-08-22T08:12:04+00:00 INFO Running webhook cron.
2026-08-22T08:12:04+00:00 INFO Webhook cron execution completed.
2026-08-22T08:42:25+00:00 INFO Running webhook cron.
2026-08-22T08:42:25+00:00 INFO Webhook cron execution completed.
2026-08-22T08:45:08+00:00 INFO Running webhook cron.
2026-08-22T08:45:08+00:00 INFO Webhook cron execution completed.
2026-08-22T09:32:40+00:00 INFO Running webhook cron.
2026-08-22T09:32:40+00:00 INFO Webhook cron execution completed.
2026-08-22T09:46:27+00:00 INFO Running webhook cron.
2026-08-22T09:46:27+00:00 INFO Webhook cron execution completed.
2026-08-22T10:23:30+00:00 INFO Running webhook cron.
2026-08-22T10:23:30+00:00 INFO Webhook cron execution completed.
2026-08-22T11:02:15+00:00 INFO Running webhook cron.
2026-08-22T11:02:15+00:00 INFO Webhook cron execution completed.
2026-08-22T11:10:37+00:00 INFO Running webhook cron.
2026-08-22T11:10:37+00:00 INFO Webhook cron execution completed.
2026-08-22T11:21:45+00:00 INFO Running webhook cron.
2026-08-22T11:21:45+00:00 INFO Webhook cron execution completed.
2026-08-22T11:31:43+00:00 INFO Running webhook cron.
2026-08-22T11:31:43+00:00 INFO Webhook cron execution completed.
2026-08-22T11:41:13+00:00 INFO Running webhook cron.
2026-08-22T11:41:13+00:00 INFO Webhook cron execution completed.
2026-08-22T11:45:21+00:00 INFO Running webhook cron.
2026-08-22T11:45:21+00:00 INFO Webhook cron execution completed.
2026-08-22T12:36:27+00:00 INFO Running webhook cron.
2026-08-22T12:36:27+00:00 INFO Webhook cron execution completed.
2026-08-22T12:44:17+00:00 INFO Running webhook cron.
2026-08-22T12:44:17+00:00 INFO Webhook cron execution completed.
2026-08-22T13:11:50+00:00 INFO Running webhook cron.
2026-08-22T13:11:50+00:00 INFO Webhook cron execution completed.
2026-08-22T13:18:17+00:00 INFO Running webhook cron.
2026-08-22T13:18:17+00:00 INFO Webhook cron execution completed.
2026-08-22T13:27:13+00:00 INFO Running webhook cron.
2026-08-22T13:27:13+00:00 INFO Webhook cron execution completed.
2026-08-22T15:17:42+00:00 INFO Running webhook cron.
2026-08-22T15:17:42+00:00 INFO Webhook cron execution completed.
2026-08-22T15:43:37+00:00 INFO Running webhook cron.
2026-08-22T15:43:37+00:00 INFO Webhook cron execution completed.
2026-08-22T16:24:22+00:00 INFO Running webhook cron.
2026-08-22T16:24:22+00:00 INFO Webhook cron execution completed.
2026-08-22T17:33:31+00:00 INFO Running webhook cron.
2026-08-22T17:33:31+00:00 INFO Webhook cron execution completed.
2026-08-22T17:58:25+00:00 INFO Running webhook cron.
2026-08-22T17:58:25+00:00 INFO Webhook cron execution completed.
2026-08-22T18:20:44+00:00 INFO Running webhook cron.
2026-08-22T18:20:44+00:00 INFO Webhook cron execution completed.
2026-08-22T18:31:20+00:00 INFO Running webhook cron.
2026-08-22T18:31:20+00:00 INFO Webhook cron execution completed.
2026-08-22T18:31:20+00:00 INFO runOneCCAddressSync: [daily] budget=298.7min (until 05:00 IST)
2026-08-22T18:31:21+00:00 INFO makeAPICall: url: woocommerce/config is success
2026-08-22T18:31:21+00:00 INFO sync: confirmed_order_id=786, maxSeconds=17920
2026-08-22T18:31:21+00:00 INFO makeJSONAPICall: url: woocommerce/ingest is success
2026-08-22T18:31:21+00:00 INFO sync: config_received event sent at order_id=786
2026-08-22T18:31:21+00:00 INFO sync: upper_order_id=786, confirmed_order_id=786
2026-08-22T18:31:21+00:00 INFO getNextBatch: confirmed_order_id=786, orders=0
2026-08-22T18:31:21+00:00 INFO sync: completed. cursor_order_id=786, upper_order_id=786
2026-08-22T18:31:21+00:00 INFO makeJSONAPICall: url: woocommerce/ingest is success
2026-08-22T18:54:38+00:00 INFO Running webhook cron.
2026-08-22T18:54:38+00:00 INFO Webhook cron execution completed.
2026-08-22T19:28:59+00:00 INFO Running webhook cron.
2026-08-22T19:28:59+00:00 INFO Webhook cron execution completed.
2026-08-22T20:49:15+00:00 INFO Running webhook cron.
2026-08-22T20:49:15+00:00 INFO Webhook cron execution completed.
2026-08-22T21:32:00+00:00 INFO Running webhook cron.
2026-08-22T21:32:01+00:00 INFO Webhook cron execution completed.
2026-08-22T21:42:48+00:00 INFO Running webhook cron.
2026-08-22T21:42:49+00:00 INFO Webhook cron execution completed.
2026-08-22T22:48:51+00:00 INFO Running webhook cron.
2026-08-22T22:48:51+00:00 INFO Webhook cron execution completed.
2026-08-22T23:14:22+00:00 INFO Running webhook cron.
2026-08-22T23:14:22+00:00 INFO Webhook cron execution completed.
2026-08-22T23:30:23+00:00 INFO Running webhook cron.
2026-08-22T23:30:23+00:00 INFO Webhook cron execution completed.
2026-08-22T23:49:06+00:00 INFO Running webhook cron.
2026-08-22T23:49:06+00:00 INFO Webhook cron execution completed.
