2026-08-19T00:24:40+00:00 INFO Running webhook cron.
2026-08-19T00:24:40+00:00 INFO Webhook cron execution completed.
2026-08-19T01:27:17+00:00 INFO Running webhook cron.
2026-08-19T01:27:17+00:00 INFO Webhook cron execution completed.
2026-08-19T02:25:48+00:00 INFO Running webhook cron.
2026-08-19T02:25:48+00:00 INFO Webhook cron execution completed.
2026-08-19T02:36:09+00:00 INFO Running webhook cron.
2026-08-19T02:36:09+00:00 INFO Webhook cron execution completed.
2026-08-19T03:35:27+00:00 INFO Running webhook cron.
2026-08-19T03:35:27+00:00 INFO Webhook cron execution completed.
2026-08-19T03:51:24+00:00 INFO Running webhook cron.
2026-08-19T03:51:24+00:00 INFO Webhook cron execution completed.
2026-08-19T04:42:25+00:00 INFO Running webhook cron.
2026-08-19T04:42:25+00:00 INFO Webhook cron execution completed.
2026-08-19T04:42:35+00:00 INFO createOneCCAddressSyncCron: attempting to schedule daily cron
2026-08-19T04:42:35+00:00 INFO createOneCCAddressSyncCron: already scheduled, skipping
2026-08-19T04:42:35+00:00 INFO create one_cc_plugin_sync_cron successful
2026-08-19T04:49:16+00:00 INFO Running webhook cron.
2026-08-19T04:49:16+00:00 INFO Webhook cron execution completed.
2026-08-19T05:25:00+00:00 INFO Running webhook cron.
2026-08-19T05:25:00+00:00 INFO Webhook cron execution completed.
2026-08-19T06:02:49+00:00 INFO Running webhook cron.
2026-08-19T06:02:49+00:00 INFO Webhook cron execution completed.
2026-08-19T06:09:04+00:00 INFO Running webhook cron.
2026-08-19T06:09:04+00:00 INFO Webhook cron execution completed.
2026-08-19T06:38:45+00:00 INFO Running webhook cron.
2026-08-19T06:38:45+00:00 INFO Webhook cron execution completed.
2026-08-19T07:41:26+00:00 INFO Running webhook cron.
2026-08-19T07:41:26+00:00 INFO Webhook cron execution completed.
2026-08-19T07:58:03+00:00 INFO Running webhook cron.
2026-08-19T07:58:03+00:00 INFO Webhook cron execution completed.
2026-08-19T08:53:15+00:00 INFO Running webhook cron.
2026-08-19T08:53:15+00:00 INFO Webhook cron execution completed.
2026-08-19T09:01:55+00:00 INFO Running webhook cron.
2026-08-19T09:01:55+00:00 INFO Webhook cron execution completed.
2026-08-19T09:36:22+00:00 INFO Running webhook cron.
2026-08-19T09:36:22+00:00 INFO Webhook cron execution completed.
2026-08-19T09:46:06+00:00 INFO Running webhook cron.
2026-08-19T09:46:06+00:00 INFO Webhook cron execution completed.
2026-08-19T10:08:10+00:00 INFO Running webhook cron.
2026-08-19T10:08:10+00:00 INFO Webhook cron execution completed.
2026-08-19T10:50:22+00:00 INFO Running webhook cron.
2026-08-19T10:50:22+00:00 INFO Webhook cron execution completed.
2026-08-19T12:02:37+00:00 INFO Running webhook cron.
2026-08-19T12:02:37+00:00 INFO Webhook cron execution completed.
2026-08-19T12:21:20+00:00 INFO Running webhook cron.
2026-08-19T12:21:20+00:00 INFO Webhook cron execution completed.
2026-08-19T12:43:41+00:00 INFO Running webhook cron.
2026-08-19T12:43:41+00:00 INFO Webhook cron execution completed.
2026-08-19T12:52:48+00:00 INFO Running webhook cron.
2026-08-19T12:52:48+00:00 INFO Webhook cron execution completed.
2026-08-19T12:55:24+00:00 INFO Running webhook cron.
2026-08-19T12:55:24+00:00 INFO Webhook cron execution completed.
2026-08-19T14:29:50+00:00 INFO Running webhook cron.
2026-08-19T14:29:50+00:00 INFO Webhook cron execution completed.
2026-08-19T14:34:59+00:00 INFO Running webhook cron.
2026-08-19T14:34:59+00:00 INFO Webhook cron execution completed.
2026-08-19T14:40:04+00:00 INFO Running webhook cron.
2026-08-19T14:40:04+00:00 INFO Webhook cron execution completed.
2026-08-19T16:46:10+00:00 INFO Running webhook cron.
2026-08-19T16:46:10+00:00 INFO Webhook cron execution completed.
2026-08-19T17:28:33+00:00 INFO Running webhook cron.
2026-08-19T17:28:33+00:00 INFO Webhook cron execution completed.
2026-08-19T17:46:25+00:00 INFO Running webhook cron.
2026-08-19T17:46:26+00:00 INFO Webhook cron execution completed.
2026-08-19T17:49:49+00:00 INFO Running webhook cron.
2026-08-19T17:49:49+00:00 INFO Webhook cron execution completed.
2026-08-19T17:55:52+00:00 INFO Running webhook cron.
2026-08-19T17:55:52+00:00 INFO Webhook cron execution completed.
2026-08-19T18:07:48+00:00 INFO Running webhook cron.
2026-08-19T18:07:48+00:00 INFO Webhook cron execution completed.
2026-08-19T18:25:02+00:00 INFO Running webhook cron.
2026-08-19T18:25:02+00:00 INFO Webhook cron execution completed.
2026-08-19T18:48:58+00:00 INFO Running webhook cron.
2026-08-19T18:48:58+00:00 INFO Webhook cron execution completed.
2026-08-19T18:48:58+00:00 INFO runOneCCAddressSync: [daily] budget=281min (until 05:00 IST)
2026-08-19T18:48:59+00:00 INFO makeAPICall: url: woocommerce/config is success
2026-08-19T18:48:59+00:00 INFO sync: confirmed_order_id=784, maxSeconds=16862
2026-08-19T18:48:59+00:00 INFO makeJSONAPICall: url: woocommerce/ingest is success
2026-08-19T18:48:59+00:00 INFO sync: config_received event sent at order_id=784
2026-08-19T18:48:59+00:00 INFO sync: upper_order_id=778, confirmed_order_id=784
2026-08-19T18:48:59+00:00 INFO getNextBatch: confirmed_order_id=784, orders=0
2026-08-19T18:48:59+00:00 INFO sync: completed. cursor_order_id=784, upper_order_id=778
2026-08-19T18:48:59+00:00 INFO makeJSONAPICall: url: woocommerce/ingest is success
2026-08-19T18:54:10+00:00 INFO Running webhook cron.
2026-08-19T18:54:10+00:00 INFO Webhook cron execution completed.
2026-08-19T19:14:25+00:00 INFO Running webhook cron.
2026-08-19T19:14:25+00:00 INFO Webhook cron execution completed.
2026-08-19T20:39:00+00:00 INFO Running webhook cron.
2026-08-19T20:39:00+00:00 INFO Webhook cron execution completed.
2026-08-19T21:24:37+00:00 INFO Running webhook cron.
2026-08-19T21:24:37+00:00 INFO Webhook cron execution completed.
2026-08-19T22:35:19+00:00 INFO Running webhook cron.
2026-08-19T22:35:19+00:00 INFO Webhook cron execution completed.
2026-08-19T22:48:02+00:00 INFO Running webhook cron.
2026-08-19T22:48:02+00:00 INFO Webhook cron execution completed.
2026-08-19T23:17:23+00:00 INFO Running webhook cron.
2026-08-19T23:17:23+00:00 INFO Webhook cron execution completed.
2026-08-19T23:22:17+00:00 INFO Running webhook cron.
2026-08-19T23:22:17+00:00 INFO Webhook cron execution completed.
2026-08-19T23:56:17+00:00 INFO Running webhook cron.
2026-08-19T23:56:17+00:00 INFO Webhook cron execution completed.
