2026-07-22T00:06:41+00:00 INFO Running webhook cron.
2026-07-22T00:06:41+00:00 INFO Webhook cron execution completed.
2026-07-22T00:07:48+00:00 INFO Running webhook cron.
2026-07-22T00:07:48+00:00 INFO Webhook cron execution completed.
2026-07-22T00:13:09+00:00 INFO Running webhook cron.
2026-07-22T00:13:09+00:00 INFO Webhook cron execution completed.
2026-07-22T00:18:59+00:00 INFO Running webhook cron.
2026-07-22T00:18:59+00:00 INFO Webhook cron execution completed.
2026-07-22T00:24:08+00:00 INFO Running webhook cron.
2026-07-22T00:24:08+00:00 INFO Webhook cron execution completed.
2026-07-22T00:28:33+00:00 INFO Running webhook cron.
2026-07-22T00:28:33+00:00 INFO Webhook cron execution completed.
2026-07-22T00:33:06+00:00 INFO Running webhook cron.
2026-07-22T00:33:06+00:00 INFO Webhook cron execution completed.
2026-07-22T00:37:47+00:00 INFO Running webhook cron.
2026-07-22T00:37:47+00:00 INFO Webhook cron execution completed.
2026-07-22T00:43:17+00:00 INFO Running webhook cron.
2026-07-22T00:43:17+00:00 INFO Webhook cron execution completed.
2026-07-22T00:50:11+00:00 INFO Running webhook cron.
2026-07-22T00:50:11+00:00 INFO Webhook cron execution completed.
2026-07-22T00:52:09+00:00 INFO Running webhook cron.
2026-07-22T00:52:09+00:00 INFO Webhook cron execution completed.
2026-07-22T01:21:31+00:00 INFO Running webhook cron.
2026-07-22T01:21:31+00:00 INFO Webhook cron execution completed.
2026-07-22T01:27:58+00:00 INFO Running webhook cron.
2026-07-22T01:27:58+00:00 INFO Webhook cron execution completed.
2026-07-22T01:53:01+00:00 INFO Running webhook cron.
2026-07-22T01:53:01+00:00 INFO Webhook cron execution completed.
2026-07-22T02:27:58+00:00 INFO Running webhook cron.
2026-07-22T02:27:58+00:00 INFO Webhook cron execution completed.
2026-07-22T02:45:31+00:00 INFO Running webhook cron.
2026-07-22T02:45:31+00:00 INFO Webhook cron execution completed.
2026-07-22T02:58:53+00:00 INFO Running webhook cron.
2026-07-22T02:58:53+00:00 INFO Webhook cron execution completed.
2026-07-22T03:17:49+00:00 INFO Running webhook cron.
2026-07-22T03:17:49+00:00 INFO Webhook cron execution completed.
2026-07-22T03:27:47+00:00 INFO Running webhook cron.
2026-07-22T03:27:47+00:00 INFO Webhook cron execution completed.
2026-07-22T03:53:16+00:00 INFO Running webhook cron.
2026-07-22T03:53:16+00:00 INFO Webhook cron execution completed.
2026-07-22T04:27:39+00:00 INFO Running webhook cron.
2026-07-22T04:27:39+00:00 INFO Webhook cron execution completed.
2026-07-22T06:32:01+00:00 INFO Running webhook cron.
2026-07-22T06:32:01+00:00 INFO Webhook cron execution completed.
2026-07-22T06:53:30+00:00 INFO Running webhook cron.
2026-07-22T06:53:30+00:00 INFO Webhook cron execution completed.
2026-07-22T07:07:46+00:00 INFO Running webhook cron.
2026-07-22T07:07:46+00:00 INFO Webhook cron execution completed.
2026-07-22T07:47:05+00:00 INFO Running webhook cron.
2026-07-22T07:47:05+00:00 INFO Webhook cron execution completed.
2026-07-22T08:17:25+00:00 INFO Running webhook cron.
2026-07-22T08:17:25+00:00 INFO Webhook cron execution completed.
2026-07-22T09:01:28+00:00 INFO Running webhook cron.
2026-07-22T09:01:28+00:00 INFO Webhook cron execution completed.
2026-07-22T09:04:45+00:00 INFO Running webhook cron.
2026-07-22T09:04:45+00:00 INFO Webhook cron execution completed.
2026-07-22T10:23:07+00:00 INFO Running webhook cron.
2026-07-22T10:23:07+00:00 INFO Webhook cron execution completed.
2026-07-22T11:17:33+00:00 INFO Running webhook cron.
2026-07-22T11:17:33+00:00 INFO Webhook cron execution completed.
2026-07-22T13:00:29+00:00 INFO Running webhook cron.
2026-07-22T13:00:29+00:00 INFO Webhook cron execution completed.
2026-07-22T13:04:51+00:00 INFO Running webhook cron.
2026-07-22T13:04:51+00:00 INFO Webhook cron execution completed.
2026-07-22T13:31:22+00:00 INFO Running webhook cron.
2026-07-22T13:31:22+00:00 INFO Webhook cron execution completed.
2026-07-22T14:24:17+00:00 INFO Running webhook cron.
2026-07-22T14:24:17+00:00 INFO Webhook cron execution completed.
2026-07-22T14:39:00+00:00 INFO Running webhook cron.
2026-07-22T14:39:00+00:00 INFO Webhook cron execution completed.
2026-07-22T14:41:54+00:00 INFO Running webhook cron.
2026-07-22T14:41:54+00:00 INFO Webhook cron execution completed.
2026-07-22T14:46:55+00:00 INFO Running webhook cron.
2026-07-22T14:46:55+00:00 INFO Webhook cron execution completed.
2026-07-22T14:51:55+00:00 INFO Running webhook cron.
2026-07-22T14:51:55+00:00 INFO Webhook cron execution completed.
2026-07-22T14:56:58+00:00 INFO Running webhook cron.
2026-07-22T14:56:58+00:00 INFO Webhook cron execution completed.
2026-07-22T15:02:52+00:00 INFO Running webhook cron.
2026-07-22T15:02:52+00:00 INFO Webhook cron execution completed.
2026-07-22T15:07:03+00:00 INFO Running webhook cron.
2026-07-22T15:07:03+00:00 INFO Webhook cron execution completed.
2026-07-22T15:11:57+00:00 INFO Running webhook cron.
2026-07-22T15:11:57+00:00 INFO Webhook cron execution completed.
2026-07-22T15:18:42+00:00 INFO Running webhook cron.
2026-07-22T15:18:42+00:00 INFO Webhook cron execution completed.
2026-07-22T15:23:45+00:00 INFO Running webhook cron.
2026-07-22T15:23:45+00:00 INFO Webhook cron execution completed.
2026-07-22T15:27:49+00:00 INFO Running webhook cron.
2026-07-22T15:27:49+00:00 INFO Webhook cron execution completed.
2026-07-22T15:32:00+00:00 INFO Running webhook cron.
2026-07-22T15:32:00+00:00 INFO Webhook cron execution completed.
2026-07-22T15:37:52+00:00 INFO Running webhook cron.
2026-07-22T15:37:52+00:00 INFO Webhook cron execution completed.
2026-07-22T15:42:53+00:00 INFO Running webhook cron.
2026-07-22T15:42:53+00:00 INFO Webhook cron execution completed.
2026-07-22T15:47:24+00:00 INFO Running webhook cron.
2026-07-22T15:47:24+00:00 INFO Webhook cron execution completed.
2026-07-22T15:51:57+00:00 INFO Running webhook cron.
2026-07-22T15:51:57+00:00 INFO Webhook cron execution completed.
2026-07-22T15:57:06+00:00 INFO Running webhook cron.
2026-07-22T15:57:06+00:00 INFO Webhook cron execution completed.
2026-07-22T16:02:35+00:00 INFO Running webhook cron.
2026-07-22T16:02:35+00:00 INFO Webhook cron execution completed.
2026-07-22T16:07:26+00:00 INFO Running webhook cron.
2026-07-22T16:07:26+00:00 INFO Webhook cron execution completed.
2026-07-22T16:13:29+00:00 INFO Running webhook cron.
2026-07-22T16:13:29+00:00 INFO Webhook cron execution completed.
2026-07-22T16:17:46+00:00 INFO Running webhook cron.
2026-07-22T16:17:46+00:00 INFO Webhook cron execution completed.
2026-07-22T16:22:21+00:00 INFO Running webhook cron.
2026-07-22T16:22:21+00:00 INFO Webhook cron execution completed.
2026-07-22T16:26:57+00:00 INFO Running webhook cron.
2026-07-22T16:26:57+00:00 INFO Webhook cron execution completed.
2026-07-22T16:32:44+00:00 INFO Running webhook cron.
2026-07-22T16:32:44+00:00 INFO Webhook cron execution completed.
2026-07-22T16:37:29+00:00 INFO Running webhook cron.
2026-07-22T16:37:29+00:00 INFO Webhook cron execution completed.
2026-07-22T16:42:23+00:00 INFO Running webhook cron.
2026-07-22T16:42:23+00:00 INFO Webhook cron execution completed.
2026-07-22T18:56:22+00:00 INFO Running webhook cron.
2026-07-22T18:56:22+00:00 INFO Webhook cron execution completed.
2026-07-22T18:56:24+00:00 INFO runOneCCAddressSync: [daily] budget=273.6min (until 05:00 IST)
2026-07-22T18:56:24+00:00 INFO makeAPICall: url: woocommerce/config is success
2026-07-22T18:56:24+00:00 INFO sync: confirmed_order_id=761, maxSeconds=16416
2026-07-22T18:56:24+00:00 INFO makeJSONAPICall: url: woocommerce/ingest is success
2026-07-22T18:56:24+00:00 INFO sync: config_received event sent at order_id=761
2026-07-22T18:56:24+00:00 INFO sync: upper_order_id=761, confirmed_order_id=761
2026-07-22T18:56:24+00:00 INFO getNextBatch: confirmed_order_id=761, orders=0
2026-07-22T18:56:24+00:00 INFO sync: completed. cursor_order_id=761, upper_order_id=761
2026-07-22T18:56:24+00:00 INFO makeJSONAPICall: url: woocommerce/ingest is success
2026-07-22T20:02:31+00:00 INFO Running webhook cron.
2026-07-22T20:02:31+00:00 INFO Webhook cron execution completed.
2026-07-22T20:57:07+00:00 INFO Running webhook cron.
2026-07-22T20:57:07+00:00 INFO Webhook cron execution completed.
2026-07-22T21:08:44+00:00 INFO Running webhook cron.
2026-07-22T21:08:44+00:00 INFO Webhook cron execution completed.
2026-07-22T21:31:26+00:00 INFO Running webhook cron.
2026-07-22T21:31:26+00:00 INFO Webhook cron execution completed.
2026-07-22T21:39:08+00:00 INFO Running webhook cron.
2026-07-22T21:39:08+00:00 INFO Webhook cron execution completed.
2026-07-22T21:43:32+00:00 INFO Running webhook cron.
2026-07-22T21:43:32+00:00 INFO Webhook cron execution completed.
2026-07-22T22:48:12+00:00 INFO Running webhook cron.
2026-07-22T22:48:12+00:00 INFO Webhook cron execution completed.
2026-07-22T23:10:28+00:00 INFO Running webhook cron.
2026-07-22T23:10:28+00:00 INFO Webhook cron execution completed.
