2026-08-21T00:30:21+00:00 INFO Running webhook cron.
2026-08-21T00:30:21+00:00 INFO Webhook cron execution completed.
2026-08-21T00:35:03+00:00 INFO Running webhook cron.
2026-08-21T00:35:03+00:00 INFO Webhook cron execution completed.
2026-08-21T01:29:54+00:00 INFO Running webhook cron.
2026-08-21T01:29:54+00:00 INFO Webhook cron execution completed.
2026-08-21T01:56:52+00:00 INFO Running webhook cron.
2026-08-21T01:56:52+00:00 INFO Webhook cron execution completed.
2026-08-21T02:48:42+00:00 INFO Running webhook cron.
2026-08-21T02:48:42+00:00 INFO Webhook cron execution completed.
2026-08-21T03:33:40+00:00 INFO Running webhook cron.
2026-08-21T03:33:40+00:00 INFO Webhook cron execution completed.
2026-08-21T03:49:55+00:00 INFO Running webhook cron.
2026-08-21T03:49:55+00:00 INFO Webhook cron execution completed.
2026-08-21T04:28:52+00:00 INFO Running webhook cron.
2026-08-21T04:28:52+00:00 INFO Webhook cron execution completed.
2026-08-21T04:42:32+00:00 INFO Running webhook cron.
2026-08-21T04:42:32+00:00 INFO Webhook cron execution completed.
2026-08-21T04:46:50+00:00 INFO Running webhook cron.
2026-08-21T04:46:50+00:00 INFO Webhook cron execution completed.
2026-08-21T05:20:55+00:00 INFO Running webhook cron.
2026-08-21T05:20:55+00:00 INFO Webhook cron execution completed.
2026-08-21T05:25:38+00:00 INFO Running webhook cron.
2026-08-21T05:25:38+00:00 INFO Webhook cron execution completed.
2026-08-21T05:32:10+00:00 INFO Running webhook cron.
2026-08-21T05:32:10+00:00 INFO Webhook cron execution completed.
2026-08-21T05:36:55+00:00 INFO Running webhook cron.
2026-08-21T05:36:55+00:00 INFO Webhook cron execution completed.
2026-08-21T05:55:54+00:00 INFO Running webhook cron.
2026-08-21T05:55:54+00:00 INFO Webhook cron execution completed.
2026-08-21T07:00:38+00:00 INFO Running webhook cron.
2026-08-21T07:00:38+00:00 INFO Webhook cron execution completed.
2026-08-21T07:35:08+00:00 INFO Running webhook cron.
2026-08-21T07:35:08+00:00 INFO Webhook cron execution completed.
2026-08-21T07:48:03+00:00 INFO Running webhook cron.
2026-08-21T07:48:03+00:00 INFO Webhook cron execution completed.
2026-08-21T08:35:29+00:00 INFO Running webhook cron.
2026-08-21T08:35:29+00:00 INFO Webhook cron execution completed.
2026-08-21T09:47:57+00:00 INFO Running webhook cron.
2026-08-21T09:47:57+00:00 INFO Webhook cron execution completed.
2026-08-21T09:55:07+00:00 INFO Running webhook cron.
2026-08-21T09:55:07+00:00 INFO Webhook cron execution completed.
2026-08-21T10:06:41+00:00 INFO Running webhook cron.
2026-08-21T10:06:41+00:00 INFO Webhook cron execution completed.
2026-08-21T10:35:52+00:00 INFO Running webhook cron.
2026-08-21T10:35:52+00:00 INFO Webhook cron execution completed.
2026-08-21T11:09:53+00:00 INFO Running webhook cron.
2026-08-21T11:09:53+00:00 INFO Webhook cron execution completed.
2026-08-21T11:18:02+00:00 INFO Running webhook cron.
2026-08-21T11:18:02+00:00 INFO Webhook cron execution completed.
2026-08-21T11:40:32+00:00 INFO Running webhook cron.
2026-08-21T11:40:32+00:00 INFO Webhook cron execution completed.
2026-08-21T12:59:02+00:00 INFO Running webhook cron.
2026-08-21T12:59:02+00:00 INFO Webhook cron execution completed.
2026-08-21T13:29:32+00:00 INFO Running webhook cron.
2026-08-21T13:29:32+00:00 INFO Webhook cron execution completed.
2026-08-21T13:56:23+00:00 INFO Running webhook cron.
2026-08-21T13:56:23+00:00 INFO Webhook cron execution completed.
2026-08-21T14:27:20+00:00 INFO Running webhook cron.
2026-08-21T14:27:21+00:00 INFO Webhook cron execution completed.
2026-08-21T14:31:08+00:00 INFO Running webhook cron.
2026-08-21T14:31:08+00:00 INFO Webhook cron execution completed.
2026-08-21T14:53:47+00:00 INFO Running webhook cron.
2026-08-21T14:53:47+00:00 INFO Webhook cron execution completed.
2026-08-21T15:02:41+00:00 INFO Running webhook cron.
2026-08-21T15:02:41+00:00 INFO Webhook cron execution completed.
2026-08-21T15:30:03+00:00 INFO Running webhook cron.
2026-08-21T15:30:03+00:00 INFO Webhook cron execution completed.
2026-08-21T15:37:55+00:00 INFO Running webhook cron.
2026-08-21T15:37:55+00:00 INFO Webhook cron execution completed.
2026-08-21T16:28:16+00:00 INFO Running webhook cron.
2026-08-21T16:28:16+00:00 INFO Webhook cron execution completed.
2026-08-21T16:55:37+00:00 INFO Running webhook cron.
2026-08-21T16:55:37+00:00 INFO Webhook cron execution completed.
2026-08-21T17:36:33+00:00 INFO Running webhook cron.
2026-08-21T17:36:33+00:00 INFO Webhook cron execution completed.
2026-08-21T17:58:26+00:00 INFO Running webhook cron.
2026-08-21T17:58:27+00:00 INFO Webhook cron execution completed.
2026-08-21T18:04:27+00:00 INFO Running webhook cron.
2026-08-21T18:04:27+00:00 INFO Webhook cron execution completed.
2026-08-21T18:36:07+00:00 INFO Running webhook cron.
2026-08-21T18:36:07+00:00 INFO Webhook cron execution completed.
2026-08-21T18:36:08+00:00 INFO runOneCCAddressSync: [daily] budget=293.9min (until 05:00 IST)
2026-08-21T18:36:08+00:00 INFO makeAPICall: url: woocommerce/config is success
2026-08-21T18:36:08+00:00 INFO sync: confirmed_order_id=786, maxSeconds=17632
2026-08-21T18:36:08+00:00 INFO makeJSONAPICall: url: woocommerce/ingest is success
2026-08-21T18:36:08+00:00 INFO sync: config_received event sent at order_id=786
2026-08-21T18:36:08+00:00 INFO sync: upper_order_id=786, confirmed_order_id=786
2026-08-21T18:36:08+00:00 INFO getNextBatch: confirmed_order_id=786, orders=0
2026-08-21T18:36:08+00:00 INFO sync: completed. cursor_order_id=786, upper_order_id=786
2026-08-21T18:36:08+00:00 INFO makeJSONAPICall: url: woocommerce/ingest is success
2026-08-21T18:50:47+00:00 INFO Running webhook cron.
2026-08-21T18:50:47+00:00 INFO Webhook cron execution completed.
2026-08-21T19:19:42+00:00 INFO Running webhook cron.
2026-08-21T19:19:42+00:00 INFO Webhook cron execution completed.
2026-08-21T19:39:17+00:00 INFO Running webhook cron.
2026-08-21T19:39:17+00:00 INFO Webhook cron execution completed.
2026-08-21T19:46:12+00:00 INFO Running webhook cron.
2026-08-21T19:46:12+00:00 INFO Webhook cron execution completed.
2026-08-21T19:50:04+00:00 INFO Running webhook cron.
2026-08-21T19:50:04+00:00 INFO Webhook cron execution completed.
2026-08-21T20:25:15+00:00 INFO Running webhook cron.
2026-08-21T20:25:15+00:00 INFO Webhook cron execution completed.
2026-08-21T20:40:51+00:00 INFO Running webhook cron.
2026-08-21T20:40:51+00:00 INFO Webhook cron execution completed.
2026-08-21T21:26:26+00:00 INFO Running webhook cron.
2026-08-21T21:26:26+00:00 INFO Webhook cron execution completed.
2026-08-21T21:52:02+00:00 INFO Running webhook cron.
2026-08-21T21:52:02+00:00 INFO Webhook cron execution completed.
2026-08-21T22:00:26+00:00 INFO Running webhook cron.
2026-08-21T22:00:26+00:00 INFO Webhook cron execution completed.
2026-08-21T22:25:48+00:00 INFO Running webhook cron.
2026-08-21T22:25:48+00:00 INFO Webhook cron execution completed.
2026-08-21T22:41:46+00:00 INFO Running webhook cron.
2026-08-21T22:41:46+00:00 INFO Webhook cron execution completed.
2026-08-21T22:48:18+00:00 INFO Running webhook cron.
2026-08-21T22:48:18+00:00 INFO Webhook cron execution completed.
2026-08-21T23:39:58+00:00 INFO Running webhook cron.
2026-08-21T23:39:58+00:00 INFO Webhook cron execution completed.
2026-08-21T23:55:29+00:00 INFO Running webhook cron.
2026-08-21T23:55:29+00:00 INFO Webhook cron execution completed.
