2026-09-05T01:34:25+00:00 INFO Running webhook cron.
2026-09-05T01:34:25+00:00 INFO Webhook cron execution completed.
2026-09-05T02:33:59+00:00 INFO Running webhook cron.
2026-09-05T02:33:59+00:00 INFO Webhook cron execution completed.
2026-09-05T02:51:07+00:00 INFO Running webhook cron.
2026-09-05T02:51:07+00:00 INFO Webhook cron execution completed.
2026-09-05T03:53:58+00:00 INFO Running webhook cron.
2026-09-05T03:53:58+00:00 INFO Webhook cron execution completed.
2026-09-05T03:56:39+00:00 INFO Running webhook cron.
2026-09-05T03:56:39+00:00 INFO Webhook cron execution completed.
2026-09-05T04:54:05+00:00 INFO Running webhook cron.
2026-09-05T04:54:05+00:00 INFO Webhook cron execution completed.
2026-09-05T04:54:13+00:00 INFO Running webhook cron.
2026-09-05T04:54:13+00:00 INFO Webhook cron execution completed.
2026-09-05T05:27:42+00:00 INFO Running webhook cron.
2026-09-05T05:27:42+00:00 INFO Webhook cron execution completed.
2026-09-05T06:01:03+00:00 INFO Running webhook cron.
2026-09-05T06:01:03+00:00 INFO Webhook cron execution completed.
2026-09-05T06:24:34+00:00 INFO Running webhook cron.
2026-09-05T06:24:34+00:00 INFO Webhook cron execution completed.
2026-09-05T07:42:15+00:00 INFO Running webhook cron.
2026-09-05T07:42:15+00:00 INFO Webhook cron execution completed.
2026-09-05T09:39:18+00:00 INFO Running webhook cron.
2026-09-05T09:39:18+00:00 INFO Webhook cron execution completed.
2026-09-05T10:03:10+00:00 INFO Running webhook cron.
2026-09-05T10:03:10+00:00 INFO Webhook cron execution completed.
2026-09-05T11:08:21+00:00 INFO Running webhook cron.
2026-09-05T11:08:21+00:00 INFO Webhook cron execution completed.
2026-09-05T11:14:56+00:00 INFO Running webhook cron.
2026-09-05T11:14:56+00:00 INFO Webhook cron execution completed.
2026-09-05T11:28:15+00:00 INFO Running webhook cron.
2026-09-05T11:28:15+00:00 INFO Webhook cron execution completed.
2026-09-05T11:55:54+00:00 INFO Running webhook cron.
2026-09-05T11:55:54+00:00 INFO Webhook cron execution completed.
2026-09-05T12:07:34+00:00 INFO Running webhook cron.
2026-09-05T12:07:34+00:00 INFO Webhook cron execution completed.
2026-09-05T12:43:58+00:00 INFO Running webhook cron.
2026-09-05T12:43:58+00:00 INFO Webhook cron execution completed.
2026-09-05T13:51:40+00:00 INFO Running webhook cron.
2026-09-05T13:51:40+00:00 INFO Webhook cron execution completed.
2026-09-05T13:58:53+00:00 INFO Running webhook cron.
2026-09-05T13:58:53+00:00 INFO Webhook cron execution completed.
2026-09-05T14:09:42+00:00 INFO Running webhook cron.
2026-09-05T14:09:42+00:00 INFO Webhook cron execution completed.
2026-09-05T15:31:54+00:00 INFO Running webhook cron.
2026-09-05T15:31:54+00:00 INFO Webhook cron execution completed.
2026-09-05T17:17:31+00:00 INFO Running webhook cron.
2026-09-05T17:17:31+00:00 INFO Webhook cron execution completed.
2026-09-05T17:24:40+00:00 INFO Running webhook cron.
2026-09-05T17:24:40+00:00 INFO Webhook cron execution completed.
2026-09-05T17:49:57+00:00 INFO Running webhook cron.
2026-09-05T17:49:57+00:00 INFO Webhook cron execution completed.
2026-09-05T18:57:23+00:00 INFO Running webhook cron.
2026-09-05T18:57:23+00:00 INFO Webhook cron execution completed.
2026-09-05T18:57:24+00:00 INFO runOneCCAddressSync: [daily] budget=272.6min (until 05:00 IST)
2026-09-05T18:57:24+00:00 INFO makeAPICall: url: woocommerce/config is success
2026-09-05T18:57:24+00:00 INFO sync: confirmed_order_id=786, maxSeconds=16356
2026-09-05T18:57:24+00:00 INFO makeJSONAPICall: url: woocommerce/ingest is success
2026-09-05T18:57:24+00:00 INFO sync: config_received event sent at order_id=786
2026-09-05T18:57:24+00:00 INFO sync: upper_order_id=786, confirmed_order_id=786
2026-09-05T18:57:24+00:00 INFO getNextBatch: confirmed_order_id=786, orders=0
2026-09-05T18:57:24+00:00 INFO sync: completed. cursor_order_id=786, upper_order_id=786
2026-09-05T18:57:24+00:00 INFO makeJSONAPICall: url: woocommerce/ingest is success
2026-09-05T20:38:23+00:00 INFO Running webhook cron.
2026-09-05T20:38:23+00:00 INFO Webhook cron execution completed.
2026-09-05T22:48:15+00:00 INFO Running webhook cron.
2026-09-05T22:48:15+00:00 INFO Webhook cron execution completed.
2026-09-05T23:24:52+00:00 INFO Running webhook cron.
2026-09-05T23:24:52+00:00 INFO Webhook cron execution completed.
