2026-09-03T00:02:39+00:00 INFO Running webhook cron.
2026-09-03T00:02:39+00:00 INFO Webhook cron execution completed.
2026-09-03T00:05:47+00:00 INFO Running webhook cron.
2026-09-03T00:05:47+00:00 INFO Webhook cron execution completed.
2026-09-03T00:34:27+00:00 INFO Running webhook cron.
2026-09-03T00:34:27+00:00 INFO Webhook cron execution completed.
2026-09-03T01:58:03+00:00 INFO Running webhook cron.
2026-09-03T01:58:03+00:00 INFO Webhook cron execution completed.
2026-09-03T02:04:39+00:00 INFO Running webhook cron.
2026-09-03T02:04:39+00:00 INFO Webhook cron execution completed.
2026-09-03T03:39:19+00:00 INFO Running webhook cron.
2026-09-03T03:39:19+00:00 INFO Webhook cron execution completed.
2026-09-03T04:51:05+00:00 INFO Running webhook cron.
2026-09-03T04:51:05+00:00 INFO Webhook cron execution completed.
2026-09-03T05:08:24+00:00 INFO Running webhook cron.
2026-09-03T05:08:24+00:00 INFO Webhook cron execution completed.
2026-09-03T05:11:06+00:00 INFO Running webhook cron.
2026-09-03T05:11:06+00:00 INFO Webhook cron execution completed.
2026-09-03T05:20:39+00:00 INFO Running webhook cron.
2026-09-03T05:20:39+00:00 INFO Webhook cron execution completed.
2026-09-03T05:39:14+00:00 INFO Running webhook cron.
2026-09-03T05:39:14+00:00 INFO Webhook cron execution completed.
2026-09-03T06:06:21+00:00 INFO Running webhook cron.
2026-09-03T06:06:21+00:00 INFO Webhook cron execution completed.
2026-09-03T06:18:47+00:00 INFO Running webhook cron.
2026-09-03T06:18:47+00:00 INFO Webhook cron execution completed.
2026-09-03T06:55:35+00:00 INFO Running webhook cron.
2026-09-03T06:55:35+00:00 INFO Webhook cron execution completed.
2026-09-03T07:21:19+00:00 INFO Running webhook cron.
2026-09-03T07:21:19+00:00 INFO Webhook cron execution completed.
2026-09-03T07:38:18+00:00 INFO Running webhook cron.
2026-09-03T07:38:18+00:00 INFO Webhook cron execution completed.
2026-09-03T07:46:08+00:00 INFO Running webhook cron.
2026-09-03T07:46:08+00:00 INFO Webhook cron execution completed.
2026-09-03T07:52:12+00:00 INFO Running webhook cron.
2026-09-03T07:52:12+00:00 INFO Webhook cron execution completed.
2026-09-03T08:40:35+00:00 INFO Running webhook cron.
2026-09-03T08:40:35+00:00 INFO Webhook cron execution completed.
2026-09-03T09:40:18+00:00 INFO Running webhook cron.
2026-09-03T09:40:18+00:00 INFO Webhook cron execution completed.
2026-09-03T10:36:32+00:00 INFO Running webhook cron.
2026-09-03T10:36:32+00:00 INFO Webhook cron execution completed.
2026-09-03T11:24:28+00:00 INFO Running webhook cron.
2026-09-03T11:24:28+00:00 INFO Webhook cron execution completed.
2026-09-03T11:47:25+00:00 INFO Running webhook cron.
2026-09-03T11:47:25+00:00 INFO Webhook cron execution completed.
2026-09-03T12:16:08+00:00 INFO Running webhook cron.
2026-09-03T12:16:08+00:00 INFO Webhook cron execution completed.
2026-09-03T12:49:08+00:00 INFO Running webhook cron.
2026-09-03T12:49:08+00:00 INFO Webhook cron execution completed.
2026-09-03T13:32:07+00:00 INFO Running webhook cron.
2026-09-03T13:32:07+00:00 INFO Webhook cron execution completed.
2026-09-03T13:50:53+00:00 INFO Running webhook cron.
2026-09-03T13:50:53+00:00 INFO Webhook cron execution completed.
2026-09-03T14:06:34+00:00 INFO Running webhook cron.
2026-09-03T14:06:34+00:00 INFO Webhook cron execution completed.
2026-09-03T15:10:54+00:00 INFO Running webhook cron.
2026-09-03T15:10:54+00:00 INFO Webhook cron execution completed.
2026-09-03T15:44:17+00:00 INFO Running webhook cron.
2026-09-03T15:44:17+00:00 INFO Webhook cron execution completed.
2026-09-03T15:51:25+00:00 INFO Running webhook cron.
2026-09-03T15:51:25+00:00 INFO Webhook cron execution completed.
2026-09-03T15:55:20+00:00 INFO Running webhook cron.
2026-09-03T15:55:20+00:00 INFO Webhook cron execution completed.
2026-09-03T16:01:32+00:00 INFO Running webhook cron.
2026-09-03T16:01:32+00:00 INFO Webhook cron execution completed.
2026-09-03T17:39:50+00:00 INFO Running webhook cron.
2026-09-03T17:39:50+00:00 INFO Webhook cron execution completed.
2026-09-03T18:05:35+00:00 INFO Running webhook cron.
2026-09-03T18:05:35+00:00 INFO Webhook cron execution completed.
2026-09-03T18:14:49+00:00 INFO Running webhook cron.
2026-09-03T18:14:49+00:00 INFO Webhook cron execution completed.
2026-09-03T18:38:02+00:00 INFO Running webhook cron.
2026-09-03T18:38:02+00:00 INFO Webhook cron execution completed.
2026-09-03T18:38:02+00:00 INFO runOneCCAddressSync: [daily] budget=292min (until 05:00 IST)
2026-09-03T18:38:02+00:00 INFO makeAPICall: url: woocommerce/config is success
2026-09-03T18:38:02+00:00 INFO sync: confirmed_order_id=786, maxSeconds=17518
2026-09-03T18:38:02+00:00 INFO makeJSONAPICall: url: woocommerce/ingest is success
2026-09-03T18:38:02+00:00 INFO sync: config_received event sent at order_id=786
2026-09-03T18:38:02+00:00 INFO sync: upper_order_id=786, confirmed_order_id=786
2026-09-03T18:38:02+00:00 INFO getNextBatch: confirmed_order_id=786, orders=0
2026-09-03T18:38:02+00:00 INFO sync: completed. cursor_order_id=786, upper_order_id=786
2026-09-03T18:38:02+00:00 INFO makeJSONAPICall: url: woocommerce/ingest is success
2026-09-03T18:48:25+00:00 INFO Running webhook cron.
2026-09-03T18:48:25+00:00 INFO Webhook cron execution completed.
2026-09-03T18:58:13+00:00 INFO Running webhook cron.
2026-09-03T18:58:13+00:00 INFO Webhook cron execution completed.
2026-09-03T19:02:18+00:00 INFO Running webhook cron.
2026-09-03T19:02:18+00:00 INFO Webhook cron execution completed.
2026-09-03T19:05:50+00:00 INFO Running webhook cron.
2026-09-03T19:05:50+00:00 INFO Webhook cron execution completed.
2026-09-03T19:14:59+00:00 INFO Running webhook cron.
2026-09-03T19:14:59+00:00 INFO Webhook cron execution completed.
2026-09-03T19:30:28+00:00 INFO Running webhook cron.
2026-09-03T19:30:28+00:00 INFO Webhook cron execution completed.
2026-09-03T19:47:58+00:00 INFO Running webhook cron.
2026-09-03T19:47:58+00:00 INFO Webhook cron execution completed.
2026-09-03T19:59:16+00:00 INFO Running webhook cron.
2026-09-03T19:59:16+00:00 INFO Webhook cron execution completed.
2026-09-03T20:08:08+00:00 INFO Running webhook cron.
2026-09-03T20:08:08+00:00 INFO Webhook cron execution completed.
2026-09-03T20:11:39+00:00 INFO Running webhook cron.
2026-09-03T20:11:39+00:00 INFO Webhook cron execution completed.
2026-09-03T20:16:11+00:00 INFO Running webhook cron.
2026-09-03T20:16:11+00:00 INFO Webhook cron execution completed.
2026-09-03T20:22:21+00:00 INFO Running webhook cron.
2026-09-03T20:22:21+00:00 INFO Webhook cron execution completed.
2026-09-03T20:30:09+00:00 INFO Running webhook cron.
2026-09-03T20:30:09+00:00 INFO Webhook cron execution completed.
2026-09-03T20:35:00+00:00 INFO Running webhook cron.
2026-09-03T20:35:00+00:00 INFO Webhook cron execution completed.
2026-09-03T20:44:01+00:00 INFO Running webhook cron.
2026-09-03T20:44:01+00:00 INFO Webhook cron execution completed.
2026-09-03T20:48:20+00:00 INFO Running webhook cron.
2026-09-03T20:48:20+00:00 INFO Webhook cron execution completed.
2026-09-03T20:57:02+00:00 INFO Running webhook cron.
2026-09-03T20:57:02+00:00 INFO Webhook cron execution completed.
2026-09-03T21:00:18+00:00 INFO Running webhook cron.
2026-09-03T21:00:18+00:00 INFO Webhook cron execution completed.
2026-09-03T21:07:31+00:00 INFO Running webhook cron.
2026-09-03T21:07:31+00:00 INFO Webhook cron execution completed.
2026-09-03T21:31:06+00:00 INFO Running webhook cron.
2026-09-03T21:31:06+00:00 INFO Webhook cron execution completed.
2026-09-03T21:39:53+00:00 INFO Running webhook cron.
2026-09-03T21:39:53+00:00 INFO Webhook cron execution completed.
2026-09-03T21:44:54+00:00 INFO Running webhook cron.
2026-09-03T21:44:54+00:00 INFO Webhook cron execution completed.
2026-09-03T21:53:43+00:00 INFO Running webhook cron.
2026-09-03T21:53:43+00:00 INFO Webhook cron execution completed.
2026-09-03T22:01:52+00:00 INFO Running webhook cron.
2026-09-03T22:01:52+00:00 INFO Webhook cron execution completed.
2026-09-03T22:12:13+00:00 INFO Running webhook cron.
2026-09-03T22:12:13+00:00 INFO Webhook cron execution completed.
2026-09-03T22:44:42+00:00 INFO Running webhook cron.
2026-09-03T22:44:42+00:00 INFO Webhook cron execution completed.
2026-09-03T23:01:00+00:00 INFO Running webhook cron.
2026-09-03T23:01:00+00:00 INFO Webhook cron execution completed.
2026-09-03T23:11:31+00:00 INFO Running webhook cron.
2026-09-03T23:11:31+00:00 INFO Webhook cron execution completed.
2026-09-03T23:36:44+00:00 INFO Running webhook cron.
2026-09-03T23:36:44+00:00 INFO Webhook cron execution completed.
