2026-09-13T00:55:33+00:00 INFO Running webhook cron.
2026-09-13T00:55:33+00:00 INFO Webhook cron execution completed.
2026-09-13T01:43:04+00:00 INFO Running webhook cron.
2026-09-13T01:43:04+00:00 INFO Webhook cron execution completed.
2026-09-13T01:54:26+00:00 INFO Running webhook cron.
2026-09-13T01:54:26+00:00 INFO Webhook cron execution completed.
2026-09-13T02:05:22+00:00 INFO Running webhook cron.
2026-09-13T02:05:22+00:00 INFO Webhook cron execution completed.
2026-09-13T04:36:05+00:00 INFO Running webhook cron.
2026-09-13T04:36:05+00:00 INFO Webhook cron execution completed.
2026-09-13T04:57:25+00:00 INFO Running webhook cron.
2026-09-13T04:57:25+00:00 INFO Webhook cron execution completed.
2026-09-13T05:00:04+00:00 INFO Running webhook cron.
2026-09-13T05:00:04+00:00 INFO Webhook cron execution completed.
2026-09-13T05:06:25+00:00 INFO Running webhook cron.
2026-09-13T05:06:25+00:00 INFO Webhook cron execution completed.
2026-09-13T05:53:56+00:00 INFO Running webhook cron.
2026-09-13T05:53:56+00:00 INFO Webhook cron execution completed.
2026-09-13T06:14:53+00:00 INFO Running webhook cron.
2026-09-13T06:14:53+00:00 INFO Webhook cron execution completed.
2026-09-13T06:22:20+00:00 INFO Running webhook cron.
2026-09-13T06:22:20+00:00 INFO Webhook cron execution completed.
2026-09-13T06:46:39+00:00 INFO Running webhook cron.
2026-09-13T06:46:39+00:00 INFO Webhook cron execution completed.
2026-09-13T07:07:24+00:00 INFO Running webhook cron.
2026-09-13T07:07:24+00:00 INFO Webhook cron execution completed.
2026-09-13T08:45:13+00:00 INFO Running webhook cron.
2026-09-13T08:45:13+00:00 INFO Webhook cron execution completed.
2026-09-13T09:15:54+00:00 INFO Running webhook cron.
2026-09-13T09:15:54+00:00 INFO Webhook cron execution completed.
2026-09-13T09:22:36+00:00 INFO Running webhook cron.
2026-09-13T09:22:36+00:00 INFO Webhook cron execution completed.
2026-09-13T09:37:06+00:00 INFO Running webhook cron.
2026-09-13T09:37:06+00:00 INFO Webhook cron execution completed.
2026-09-13T11:54:32+00:00 INFO Running webhook cron.
2026-09-13T11:54:32+00:00 INFO Webhook cron execution completed.
2026-09-13T12:10:34+00:00 INFO Running webhook cron.
2026-09-13T12:10:34+00:00 INFO Webhook cron execution completed.
2026-09-13T12:34:50+00:00 INFO Running webhook cron.
2026-09-13T12:34:50+00:00 INFO Webhook cron execution completed.
2026-09-13T13:40:42+00:00 INFO Running webhook cron.
2026-09-13T13:40:42+00:00 INFO Webhook cron execution completed.
2026-09-13T15:51:00+00:00 INFO Running webhook cron.
2026-09-13T15:51:00+00:00 INFO Webhook cron execution completed.
2026-09-13T16:07:16+00:00 INFO Running webhook cron.
2026-09-13T16:07:16+00:00 INFO Webhook cron execution completed.
2026-09-13T16:26:19+00:00 INFO Running webhook cron.
2026-09-13T16:26:19+00:00 INFO Webhook cron execution completed.
2026-09-13T16:46:08+00:00 INFO Running webhook cron.
2026-09-13T16:46:08+00:00 INFO Webhook cron execution completed.
2026-09-13T17:24:39+00:00 INFO Running webhook cron.
2026-09-13T17:24:39+00:00 INFO Webhook cron execution completed.
2026-09-13T18:32:13+00:00 INFO Running webhook cron.
2026-09-13T18:32:13+00:00 INFO Webhook cron execution completed.
2026-09-13T18:32:15+00:00 INFO runOneCCAddressSync: [daily] budget=297.8min (until 05:00 IST)
2026-09-13T18:32:15+00:00 INFO makeAPICall: url: woocommerce/config is success
2026-09-13T18:32:15+00:00 INFO sync: confirmed_order_id=786, maxSeconds=17865
2026-09-13T18:32:15+00:00 INFO makeJSONAPICall: url: woocommerce/ingest is success
2026-09-13T18:32:15+00:00 INFO sync: config_received event sent at order_id=786
2026-09-13T18:32:15+00:00 INFO sync: upper_order_id=786, confirmed_order_id=786
2026-09-13T18:32:15+00:00 INFO getNextBatch: confirmed_order_id=786, orders=0
2026-09-13T18:32:15+00:00 INFO sync: completed. cursor_order_id=786, upper_order_id=786
2026-09-13T18:32:15+00:00 INFO makeJSONAPICall: url: woocommerce/ingest is success
2026-09-13T18:48:44+00:00 INFO Running webhook cron.
2026-09-13T18:48:44+00:00 INFO Webhook cron execution completed.
2026-09-13T18:56:35+00:00 INFO Running webhook cron.
2026-09-13T18:56:35+00:00 INFO Webhook cron execution completed.
2026-09-13T19:06:50+00:00 INFO Running webhook cron.
2026-09-13T19:06:50+00:00 INFO Webhook cron execution completed.
2026-09-13T19:18:17+00:00 INFO Running webhook cron.
2026-09-13T19:18:17+00:00 INFO Webhook cron execution completed.
2026-09-13T19:55:03+00:00 INFO Running webhook cron.
2026-09-13T19:55:03+00:00 INFO Webhook cron execution completed.
2026-09-13T20:29:08+00:00 INFO Running webhook cron.
2026-09-13T20:29:08+00:00 INFO Webhook cron execution completed.
2026-09-13T21:08:55+00:00 INFO Running webhook cron.
2026-09-13T21:08:55+00:00 INFO Webhook cron execution completed.
2026-09-13T21:28:29+00:00 INFO Running webhook cron.
2026-09-13T21:28:29+00:00 INFO Webhook cron execution completed.
2026-09-13T21:33:17+00:00 INFO Running webhook cron.
2026-09-13T21:33:17+00:00 INFO Webhook cron execution completed.
2026-09-13T21:42:51+00:00 INFO Running webhook cron.
2026-09-13T21:42:51+00:00 INFO Webhook cron execution completed.
2026-09-13T22:29:28+00:00 INFO Running webhook cron.
2026-09-13T22:29:28+00:00 INFO Webhook cron execution completed.
2026-09-13T22:37:00+00:00 INFO Running webhook cron.
2026-09-13T22:37:00+00:00 INFO Webhook cron execution completed.
2026-09-13T22:47:21+00:00 INFO Running webhook cron.
2026-09-13T22:47:21+00:00 INFO Webhook cron execution completed.
2026-09-13T23:16:04+00:00 INFO Running webhook cron.
2026-09-13T23:16:04+00:00 INFO Webhook cron execution completed.
2026-09-13T23:29:01+00:00 INFO Running webhook cron.
2026-09-13T23:29:01+00:00 INFO Webhook cron execution completed.
