2026-08-28T00:24:32+00:00 INFO Running webhook cron.
2026-08-28T00:24:32+00:00 INFO Webhook cron execution completed.
2026-08-28T01:44:22+00:00 INFO Running webhook cron.
2026-08-28T01:44:22+00:00 INFO Webhook cron execution completed.
2026-08-28T02:31:33+00:00 INFO Running webhook cron.
2026-08-28T02:31:33+00:00 INFO Webhook cron execution completed.
2026-08-28T02:53:32+00:00 INFO Running webhook cron.
2026-08-28T02:53:32+00:00 INFO Webhook cron execution completed.
2026-08-28T03:41:49+00:00 INFO Running webhook cron.
2026-08-28T03:41:49+00:00 INFO Webhook cron execution completed.
2026-08-28T03:53:30+00:00 INFO Running webhook cron.
2026-08-28T03:53:30+00:00 INFO Webhook cron execution completed.
2026-08-28T04:44:34+00:00 INFO Running webhook cron.
2026-08-28T04:44:34+00:00 INFO Webhook cron execution completed.
2026-08-28T04:59:22+00:00 INFO Running webhook cron.
2026-08-28T04:59:22+00:00 INFO Webhook cron execution completed.
2026-08-28T06:01:23+00:00 INFO Running webhook cron.
2026-08-28T06:01:23+00:00 INFO Webhook cron execution completed.
2026-08-28T06:32:37+00:00 INFO Running webhook cron.
2026-08-28T06:32:37+00:00 INFO Webhook cron execution completed.
2026-08-28T06:36:11+00:00 INFO Running webhook cron.
2026-08-28T06:36:11+00:00 INFO Webhook cron execution completed.
2026-08-28T06:54:25+00:00 INFO Running webhook cron.
2026-08-28T06:54:25+00:00 INFO Webhook cron execution completed.
2026-08-28T07:23:50+00:00 INFO Running webhook cron.
2026-08-28T07:23:50+00:00 INFO Webhook cron execution completed.
2026-08-28T07:58:41+00:00 INFO Running webhook cron.
2026-08-28T07:58:41+00:00 INFO Webhook cron execution completed.
2026-08-28T08:21:23+00:00 INFO Running webhook cron.
2026-08-28T08:21:23+00:00 INFO Webhook cron execution completed.
2026-08-28T08:29:39+00:00 INFO Running webhook cron.
2026-08-28T08:29:39+00:00 INFO Webhook cron execution completed.
2026-08-28T09:01:53+00:00 INFO Running webhook cron.
2026-08-28T09:01:53+00:00 INFO Webhook cron execution completed.
2026-08-28T09:22:17+00:00 INFO Running webhook cron.
2026-08-28T09:22:17+00:00 INFO Webhook cron execution completed.
2026-08-28T09:57:32+00:00 INFO Running webhook cron.
2026-08-28T09:57:32+00:00 INFO Webhook cron execution completed.
2026-08-28T10:28:14+00:00 INFO Running webhook cron.
2026-08-28T10:28:14+00:00 INFO Webhook cron execution completed.
2026-08-28T10:31:03+00:00 INFO Running webhook cron.
2026-08-28T10:31:03+00:00 INFO Webhook cron execution completed.
2026-08-28T10:56:22+00:00 INFO Running webhook cron.
2026-08-28T10:56:22+00:00 INFO Webhook cron execution completed.
2026-08-28T11:14:57+00:00 INFO Running webhook cron.
2026-08-28T11:14:57+00:00 INFO Webhook cron execution completed.
2026-08-28T11:22:44+00:00 INFO Running webhook cron.
2026-08-28T11:22:44+00:00 INFO Webhook cron execution completed.
2026-08-28T11:41:20+00:00 INFO Running webhook cron.
2026-08-28T11:41:21+00:00 INFO Webhook cron execution completed.
2026-08-28T12:32:50+00:00 INFO Running webhook cron.
2026-08-28T12:32:50+00:00 INFO Webhook cron execution completed.
2026-08-28T12:39:12+00:00 INFO Running webhook cron.
2026-08-28T12:39:12+00:00 INFO Webhook cron execution completed.
2026-08-28T12:39:13+00:00 INFO Running webhook cron.
2026-08-28T12:39:13+00:00 INFO Webhook cron execution completed.
2026-08-28T12:46:53+00:00 INFO Running webhook cron.
2026-08-28T12:46:53+00:00 INFO Webhook cron execution completed.
2026-08-28T13:08:22+00:00 INFO Running webhook cron.
2026-08-28T13:08:22+00:00 INFO Webhook cron execution completed.
2026-08-28T13:38:59+00:00 INFO Running webhook cron.
2026-08-28T13:38:59+00:00 INFO Webhook cron execution completed.
2026-08-28T14:01:57+00:00 INFO Running webhook cron.
2026-08-28T14:01:57+00:00 INFO Webhook cron execution completed.
2026-08-28T14:46:07+00:00 INFO Running webhook cron.
2026-08-28T14:46:07+00:00 INFO Webhook cron execution completed.
2026-08-28T15:25:08+00:00 INFO Running webhook cron.
2026-08-28T15:25:08+00:00 INFO Webhook cron execution completed.
2026-08-28T15:42:01+00:00 INFO Running webhook cron.
2026-08-28T15:42:01+00:00 INFO Webhook cron execution completed.
2026-08-28T15:49:29+00:00 INFO Running webhook cron.
2026-08-28T15:49:29+00:00 INFO Webhook cron execution completed.
2026-08-28T16:23:23+00:00 INFO Running webhook cron.
2026-08-28T16:23:23+00:00 INFO Webhook cron execution completed.
2026-08-28T16:27:06+00:00 INFO Running webhook cron.
2026-08-28T16:27:06+00:00 INFO Webhook cron execution completed.
2026-08-28T17:31:54+00:00 INFO Running webhook cron.
2026-08-28T17:31:54+00:00 INFO Webhook cron execution completed.
2026-08-28T18:28:00+00:00 INFO Running webhook cron.
2026-08-28T18:28:00+00:00 INFO Webhook cron execution completed.
2026-08-28T18:42:21+00:00 INFO Running webhook cron.
2026-08-28T18:42:21+00:00 INFO Webhook cron execution completed.
2026-08-28T18:42:21+00:00 INFO runOneCCAddressSync: [daily] budget=287.7min (until 05:00 IST)
2026-08-28T18:42:21+00:00 INFO makeAPICall: url: woocommerce/config is success
2026-08-28T18:42:21+00:00 INFO sync: confirmed_order_id=786, maxSeconds=17259
2026-08-28T18:42:21+00:00 INFO makeJSONAPICall: url: woocommerce/ingest is success
2026-08-28T18:42:21+00:00 INFO sync: config_received event sent at order_id=786
2026-08-28T18:42:21+00:00 INFO sync: upper_order_id=786, confirmed_order_id=786
2026-08-28T18:42:21+00:00 INFO getNextBatch: confirmed_order_id=786, orders=0
2026-08-28T18:42:21+00:00 INFO sync: completed. cursor_order_id=786, upper_order_id=786
2026-08-28T18:42:21+00:00 INFO makeJSONAPICall: url: woocommerce/ingest is success
2026-08-28T19:14:53+00:00 INFO Running webhook cron.
2026-08-28T19:14:53+00:00 INFO Webhook cron execution completed.
2026-08-28T19:40:50+00:00 INFO Running webhook cron.
2026-08-28T19:40:50+00:00 INFO Webhook cron execution completed.
2026-08-28T19:46:43+00:00 INFO Running webhook cron.
2026-08-28T19:46:43+00:00 INFO Webhook cron execution completed.
2026-08-28T21:03:51+00:00 INFO Running webhook cron.
2026-08-28T21:03:51+00:00 INFO Webhook cron execution completed.
2026-08-28T21:37:54+00:00 INFO Running webhook cron.
2026-08-28T21:37:54+00:00 INFO Webhook cron execution completed.
2026-08-28T22:38:45+00:00 INFO Running webhook cron.
2026-08-28T22:38:45+00:00 INFO Webhook cron execution completed.
2026-08-28T22:47:24+00:00 INFO Running webhook cron.
2026-08-28T22:47:24+00:00 INFO Webhook cron execution completed.
2026-08-28T23:11:52+00:00 INFO Running webhook cron.
2026-08-28T23:11:52+00:00 INFO Webhook cron execution completed.
2026-08-28T23:24:25+00:00 INFO Running webhook cron.
2026-08-28T23:24:25+00:00 INFO Webhook cron execution completed.
2026-08-28T23:39:19+00:00 INFO Running webhook cron.
2026-08-28T23:39:19+00:00 INFO Webhook cron execution completed.
