2026-09-11T01:13:38+00:00 INFO Running webhook cron.
2026-09-11T01:13:38+00:00 INFO Webhook cron execution completed.
2026-09-11T02:07:12+00:00 INFO Running webhook cron.
2026-09-11T02:07:12+00:00 INFO Webhook cron execution completed.
2026-09-11T02:13:55+00:00 INFO Running webhook cron.
2026-09-11T02:13:55+00:00 INFO Webhook cron execution completed.
2026-09-11T03:34:50+00:00 INFO Running webhook cron.
2026-09-11T03:34:50+00:00 INFO Webhook cron execution completed.
2026-09-11T03:49:08+00:00 INFO Running webhook cron.
2026-09-11T03:49:08+00:00 INFO Webhook cron execution completed.
2026-09-11T03:49:13+00:00 INFO Running webhook cron.
2026-09-11T03:49:13+00:00 INFO Webhook cron execution completed.
2026-09-11T03:58:52+00:00 INFO Running webhook cron.
2026-09-11T03:58:52+00:00 INFO Webhook cron execution completed.
2026-09-11T04:51:52+00:00 INFO Running webhook cron.
2026-09-11T04:51:52+00:00 INFO Webhook cron execution completed.
2026-09-11T04:57:02+00:00 INFO Running webhook cron.
2026-09-11T04:57:02+00:00 INFO Webhook cron execution completed.
2026-09-11T05:12:25+00:00 INFO Running webhook cron.
2026-09-11T05:12:25+00:00 INFO Webhook cron execution completed.
2026-09-11T05:58:07+00:00 INFO Running webhook cron.
2026-09-11T05:58:07+00:00 INFO Webhook cron execution completed.
2026-09-11T06:23:43+00:00 INFO Running webhook cron.
2026-09-11T06:23:43+00:00 INFO Webhook cron execution completed.
2026-09-11T06:39:52+00:00 INFO Running webhook cron.
2026-09-11T06:39:52+00:00 INFO Webhook cron execution completed.
2026-09-11T06:53:47+00:00 INFO Running webhook cron.
2026-09-11T06:53:47+00:00 INFO Webhook cron execution completed.
2026-09-11T07:39:55+00:00 INFO Running webhook cron.
2026-09-11T07:39:55+00:00 INFO Webhook cron execution completed.
2026-09-11T07:51:34+00:00 INFO Running webhook cron.
2026-09-11T07:51:34+00:00 INFO Webhook cron execution completed.
2026-09-11T07:54:12+00:00 INFO Running webhook cron.
2026-09-11T07:54:12+00:00 INFO Webhook cron execution completed.
2026-09-11T08:37:17+00:00 INFO Running webhook cron.
2026-09-11T08:37:17+00:00 INFO Webhook cron execution completed.
2026-09-11T08:50:15+00:00 INFO Running webhook cron.
2026-09-11T08:50:15+00:00 INFO Webhook cron execution completed.
2026-09-11T09:26:09+00:00 INFO Running webhook cron.
2026-09-11T09:26:09+00:00 INFO Webhook cron execution completed.
2026-09-11T09:53:13+00:00 INFO Running webhook cron.
2026-09-11T09:53:13+00:00 INFO Webhook cron execution completed.
2026-09-11T11:05:15+00:00 INFO Running webhook cron.
2026-09-11T11:05:15+00:00 INFO Webhook cron execution completed.
2026-09-11T11:33:48+00:00 INFO Running webhook cron.
2026-09-11T11:33:48+00:00 INFO Webhook cron execution completed.
2026-09-11T11:35:33+00:00 INFO Running webhook cron.
2026-09-11T11:35:33+00:00 INFO Webhook cron execution completed.
2026-09-11T12:08:14+00:00 INFO Running webhook cron.
2026-09-11T12:08:14+00:00 INFO Webhook cron execution completed.
2026-09-11T12:33:46+00:00 INFO Running webhook cron.
2026-09-11T12:33:46+00:00 INFO Webhook cron execution completed.
2026-09-11T12:36:16+00:00 INFO Running webhook cron.
2026-09-11T12:36:16+00:00 INFO Webhook cron execution completed.
2026-09-11T13:11:22+00:00 INFO Running webhook cron.
2026-09-11T13:11:22+00:00 INFO Webhook cron execution completed.
2026-09-11T13:26:27+00:00 INFO Running webhook cron.
2026-09-11T13:26:27+00:00 INFO Webhook cron execution completed.
2026-09-11T13:50:07+00:00 INFO Running webhook cron.
2026-09-11T13:50:07+00:00 INFO Webhook cron execution completed.
2026-09-11T14:38:14+00:00 INFO Running webhook cron.
2026-09-11T14:38:14+00:00 INFO Webhook cron execution completed.
2026-09-11T15:18:21+00:00 INFO Running webhook cron.
2026-09-11T15:18:21+00:00 INFO Webhook cron execution completed.
2026-09-11T15:28:47+00:00 INFO Running webhook cron.
2026-09-11T15:28:47+00:00 INFO Webhook cron execution completed.
2026-09-11T16:19:47+00:00 INFO Running webhook cron.
2026-09-11T16:19:47+00:00 INFO Webhook cron execution completed.
2026-09-11T16:32:14+00:00 INFO Running webhook cron.
2026-09-11T16:32:14+00:00 INFO Webhook cron execution completed.
2026-09-11T16:49:47+00:00 INFO Running webhook cron.
2026-09-11T16:49:47+00:00 INFO Webhook cron execution completed.
2026-09-11T17:14:28+00:00 INFO Running webhook cron.
2026-09-11T17:14:28+00:00 INFO Webhook cron execution completed.
2026-09-11T17:29:33+00:00 INFO Running webhook cron.
2026-09-11T17:29:33+00:00 INFO Webhook cron execution completed.
2026-09-11T19:04:49+00:00 INFO Running webhook cron.
2026-09-11T19:04:49+00:00 INFO Webhook cron execution completed.
2026-09-11T19:04:51+00:00 INFO runOneCCAddressSync: [daily] budget=265.2min (until 05:00 IST)
2026-09-11T19:04:51+00:00 INFO makeAPICall: url: woocommerce/config is success
2026-09-11T19:04:51+00:00 INFO sync: confirmed_order_id=786, maxSeconds=15909
2026-09-11T19:04:51+00:00 INFO makeJSONAPICall: url: woocommerce/ingest is success
2026-09-11T19:04:51+00:00 INFO sync: config_received event sent at order_id=786
2026-09-11T19:04:51+00:00 INFO sync: upper_order_id=786, confirmed_order_id=786
2026-09-11T19:04:51+00:00 INFO getNextBatch: confirmed_order_id=786, orders=0
2026-09-11T19:04:51+00:00 INFO sync: completed. cursor_order_id=786, upper_order_id=786
2026-09-11T19:04:51+00:00 INFO makeJSONAPICall: url: woocommerce/ingest is success
2026-09-11T19:13:37+00:00 INFO Running webhook cron.
2026-09-11T19:13:37+00:00 INFO Webhook cron execution completed.
2026-09-11T19:23:05+00:00 INFO Running webhook cron.
2026-09-11T19:23:05+00:00 INFO Webhook cron execution completed.
2026-09-11T19:43:30+00:00 INFO Running webhook cron.
2026-09-11T19:43:30+00:00 INFO Webhook cron execution completed.
2026-09-11T20:58:21+00:00 INFO Running webhook cron.
2026-09-11T20:58:21+00:00 INFO Webhook cron execution completed.
2026-09-11T21:48:08+00:00 INFO Running webhook cron.
2026-09-11T21:48:08+00:00 INFO Webhook cron execution completed.
2026-09-11T21:59:16+00:00 INFO Running webhook cron.
2026-09-11T21:59:16+00:00 INFO Webhook cron execution completed.
2026-09-11T22:47:30+00:00 INFO Running webhook cron.
2026-09-11T22:47:30+00:00 INFO Webhook cron execution completed.
2026-09-11T22:52:36+00:00 INFO Running webhook cron.
2026-09-11T22:52:36+00:00 INFO Webhook cron execution completed.
2026-09-11T22:58:17+00:00 INFO Running webhook cron.
2026-09-11T22:58:17+00:00 INFO Webhook cron execution completed.
2026-09-11T23:01:20+00:00 INFO Running webhook cron.
2026-09-11T23:01:20+00:00 INFO Webhook cron execution completed.
