2026-08-25T01:38:59+00:00 INFO Running webhook cron.
2026-08-25T01:38:59+00:00 INFO Webhook cron execution completed.
2026-08-25T01:48:35+00:00 INFO Running webhook cron.
2026-08-25T01:48:35+00:00 INFO Webhook cron execution completed.
2026-08-25T03:02:54+00:00 INFO Running webhook cron.
2026-08-25T03:02:54+00:00 INFO Webhook cron execution completed.
2026-08-25T03:31:11+00:00 INFO Running webhook cron.
2026-08-25T03:31:11+00:00 INFO Webhook cron execution completed.
2026-08-25T04:36:32+00:00 INFO Running webhook cron.
2026-08-25T04:36:32+00:00 INFO Webhook cron execution completed.
2026-08-25T04:45:20+00:00 INFO Running webhook cron.
2026-08-25T04:45:20+00:00 INFO Webhook cron execution completed.
2026-08-25T05:10:16+00:00 INFO Running webhook cron.
2026-08-25T05:10:16+00:00 INFO Webhook cron execution completed.
2026-08-25T05:14:49+00:00 INFO Running webhook cron.
2026-08-25T05:14:49+00:00 INFO Webhook cron execution completed.
2026-08-25T05:19:37+00:00 INFO Running webhook cron.
2026-08-25T05:19:37+00:00 INFO Webhook cron execution completed.
2026-08-25T05:43:06+00:00 INFO Running webhook cron.
2026-08-25T05:43:06+00:00 INFO Webhook cron execution completed.
2026-08-25T05:53:09+00:00 INFO Running webhook cron.
2026-08-25T05:53:09+00:00 INFO Webhook cron execution completed.
2026-08-25T06:53:06+00:00 INFO Running webhook cron.
2026-08-25T06:53:06+00:00 INFO Webhook cron execution completed.
2026-08-25T06:58:03+00:00 INFO Running webhook cron.
2026-08-25T06:58:03+00:00 INFO Webhook cron execution completed.
2026-08-25T07:28:07+00:00 INFO Running webhook cron.
2026-08-25T07:28:07+00:00 INFO Webhook cron execution completed.
2026-08-25T07:31:23+00:00 INFO Running webhook cron.
2026-08-25T07:31:23+00:00 INFO Webhook cron execution completed.
2026-08-25T07:49:17+00:00 INFO Running webhook cron.
2026-08-25T07:49:17+00:00 INFO Webhook cron execution completed.
2026-08-25T08:05:46+00:00 INFO Running webhook cron.
2026-08-25T08:05:46+00:00 INFO Webhook cron execution completed.
2026-08-25T08:28:59+00:00 INFO Running webhook cron.
2026-08-25T08:28:59+00:00 INFO Webhook cron execution completed.
2026-08-25T08:41:17+00:00 INFO Running webhook cron.
2026-08-25T08:41:17+00:00 INFO Webhook cron execution completed.
2026-08-25T08:52:52+00:00 INFO Running webhook cron.
2026-08-25T08:52:52+00:00 INFO Webhook cron execution completed.
2026-08-25T09:22:10+00:00 INFO Running webhook cron.
2026-08-25T09:22:10+00:00 INFO Webhook cron execution completed.
2026-08-25T09:24:12+00:00 INFO Running webhook cron.
2026-08-25T09:24:12+00:00 INFO Webhook cron execution completed.
2026-08-25T09:32:16+00:00 INFO Running webhook cron.
2026-08-25T09:32:16+00:00 INFO Webhook cron execution completed.
2026-08-25T09:53:21+00:00 INFO Running webhook cron.
2026-08-25T09:53:21+00:00 INFO Webhook cron execution completed.
2026-08-25T10:04:46+00:00 INFO Running webhook cron.
2026-08-25T10:04:46+00:00 INFO Webhook cron execution completed.
2026-08-25T10:41:13+00:00 INFO Running webhook cron.
2026-08-25T10:41:13+00:00 INFO Webhook cron execution completed.
2026-08-25T12:06:10+00:00 INFO Running webhook cron.
2026-08-25T12:06:10+00:00 INFO Webhook cron execution completed.
2026-08-25T12:28:41+00:00 INFO Running webhook cron.
2026-08-25T12:28:41+00:00 INFO Webhook cron execution completed.
2026-08-25T12:38:51+00:00 INFO Running webhook cron.
2026-08-25T12:38:51+00:00 INFO Webhook cron execution completed.
2026-08-25T12:41:36+00:00 INFO Running webhook cron.
2026-08-25T12:41:36+00:00 INFO Webhook cron execution completed.
2026-08-25T14:16:15+00:00 INFO Running webhook cron.
2026-08-25T14:16:15+00:00 INFO Webhook cron execution completed.
2026-08-25T14:34:05+00:00 INFO Running webhook cron.
2026-08-25T14:34:05+00:00 INFO Webhook cron execution completed.
2026-08-25T14:38:07+00:00 INFO Running webhook cron.
2026-08-25T14:38:07+00:00 INFO Webhook cron execution completed.
2026-08-25T15:01:50+00:00 INFO Running webhook cron.
2026-08-25T15:01:50+00:00 INFO Webhook cron execution completed.
2026-08-25T15:18:42+00:00 INFO Running webhook cron.
2026-08-25T15:18:42+00:00 INFO Webhook cron execution completed.
2026-08-25T16:38:36+00:00 INFO Running webhook cron.
2026-08-25T16:38:36+00:00 INFO Webhook cron execution completed.
2026-08-25T17:03:33+00:00 INFO Running webhook cron.
2026-08-25T17:03:33+00:00 INFO Webhook cron execution completed.
2026-08-25T17:17:28+00:00 INFO Running webhook cron.
2026-08-25T17:17:28+00:00 INFO Webhook cron execution completed.
2026-08-25T17:24:27+00:00 INFO Running webhook cron.
2026-08-25T17:24:27+00:00 INFO Webhook cron execution completed.
2026-08-25T17:34:54+00:00 INFO Running webhook cron.
2026-08-25T17:34:54+00:00 INFO Webhook cron execution completed.
2026-08-25T17:43:01+00:00 INFO Running webhook cron.
2026-08-25T17:43:01+00:00 INFO Webhook cron execution completed.
2026-08-25T18:33:49+00:00 INFO Running webhook cron.
2026-08-25T18:33:49+00:00 INFO Webhook cron execution completed.
2026-08-25T18:33:49+00:00 INFO runOneCCAddressSync: [daily] budget=296.2min (until 05:00 IST)
2026-08-25T18:33:50+00:00 INFO makeAPICall: url: woocommerce/config is success
2026-08-25T18:33:50+00:00 INFO sync: confirmed_order_id=786, maxSeconds=17771
2026-08-25T18:33:50+00:00 INFO makeJSONAPICall: url: woocommerce/ingest is success
2026-08-25T18:33:50+00:00 INFO sync: config_received event sent at order_id=786
2026-08-25T18:33:50+00:00 INFO sync: upper_order_id=786, confirmed_order_id=786
2026-08-25T18:33:50+00:00 INFO getNextBatch: confirmed_order_id=786, orders=0
2026-08-25T18:33:50+00:00 INFO sync: completed. cursor_order_id=786, upper_order_id=786
2026-08-25T18:33:50+00:00 INFO makeJSONAPICall: url: woocommerce/ingest is success
2026-08-25T19:55:33+00:00 INFO Running webhook cron.
2026-08-25T19:55:33+00:00 INFO Webhook cron execution completed.
2026-08-25T20:24:47+00:00 INFO Running webhook cron.
2026-08-25T20:24:47+00:00 INFO Webhook cron execution completed.
2026-08-25T21:09:46+00:00 INFO Running webhook cron.
2026-08-25T21:09:46+00:00 INFO Webhook cron execution completed.
2026-08-25T21:52:18+00:00 INFO Running webhook cron.
2026-08-25T21:52:18+00:00 INFO Webhook cron execution completed.
2026-08-25T21:57:05+00:00 INFO Running webhook cron.
2026-08-25T21:57:05+00:00 INFO Webhook cron execution completed.
2026-08-25T22:33:47+00:00 INFO Running webhook cron.
2026-08-25T22:33:47+00:00 INFO Webhook cron execution completed.
2026-08-25T22:48:20+00:00 INFO Running webhook cron.
2026-08-25T22:48:20+00:00 INFO Webhook cron execution completed.
2026-08-25T22:59:33+00:00 INFO Running webhook cron.
2026-08-25T22:59:33+00:00 INFO Webhook cron execution completed.
2026-08-25T23:07:12+00:00 INFO Running webhook cron.
2026-08-25T23:07:12+00:00 INFO Webhook cron execution completed.
2026-08-25T23:19:45+00:00 INFO Running webhook cron.
2026-08-25T23:19:45+00:00 INFO Webhook cron execution completed.
2026-08-25T23:56:51+00:00 INFO Running webhook cron.
2026-08-25T23:56:51+00:00 INFO Webhook cron execution completed.
