Dec 21 2020 07:40:55
{"type":8,"message":"Constant WP_DEBUG already defined","file":"\/home\/v2janxvx1l4h\/public_html\/wp\/wp-config.php","line":117}

Dec 21 2020 07:40:55
{"type":8,"message":"Constant WP_DEBUG already defined","file":"\/home\/v2janxvx1l4h\/public_html\/wp\/wp-config.php","line":117}

Dec 21 2020 07:40:55
{"type":8,"message":"Constant WP_DEBUG already defined","file":"\/home\/v2janxvx1l4h\/public_html\/wp\/wp-config.php","line":117}

Dec 21 2020 07:40:56
{"type":8,"message":"Constant WP_DEBUG already defined","file":"\/home\/v2janxvx1l4h\/public_html\/wp\/wp-config.php","line":117}

Dec 21 2020 07:41:05
{"type":8,"message":"Constant WP_DEBUG already defined","file":"\/home\/v2janxvx1l4h\/public_html\/wp\/wp-config.php","line":117}

Dec 21 2020 07:41:18
{"type":8,"message":"Constant WP_DEBUG already defined","file":"\/home\/v2janxvx1l4h\/public_html\/wp\/wp-config.php","line":117}

Dec 21 2020 07:41:33
{"type":8,"message":"Constant WP_DEBUG already defined","file":"\/home\/v2janxvx1l4h\/public_html\/wp\/wp-config.php","line":117}

Dec 21 2020 07:41:44
{"type":8,"message":"Constant WP_DEBUG already defined","file":"\/home\/v2janxvx1l4h\/public_html\/wp\/wp-config.php","line":117}

Dec 21 2020 07:41:57
{"type":8,"message":"Constant WP_DEBUG already defined","file":"\/home\/v2janxvx1l4h\/public_html\/wp\/wp-config.php","line":117}

Dec 21 2020 07:42:10
{"type":8,"message":"Constant WP_DEBUG already defined","file":"\/home\/v2janxvx1l4h\/public_html\/wp\/wp-config.php","line":117}

Dec 21 2020 07:42:20
{"type":8,"message":"Constant WP_DEBUG already defined","file":"\/home\/v2janxvx1l4h\/public_html\/wp\/wp-config.php","line":117}

Dec 21 2020 07:42:31
{"type":8,"message":"Constant WP_DEBUG already defined","file":"\/home\/v2janxvx1l4h\/public_html\/wp\/wp-config.php","line":117}

Dec 21 2020 07:42:43
{"type":8,"message":"Constant WP_DEBUG already defined","file":"\/home\/v2janxvx1l4h\/public_html\/wp\/wp-config.php","line":117}

Dec 21 2020 07:42:56
{"type":8,"message":"Constant WP_DEBUG already defined","file":"\/home\/v2janxvx1l4h\/public_html\/wp\/wp-config.php","line":117}

Dec 21 2020 07:43:07
{"type":8,"message":"Constant WP_DEBUG already defined","file":"\/home\/v2janxvx1l4h\/public_html\/wp\/wp-config.php","line":117}

Dec 21 2020 07:43:18
{"type":8,"message":"Constant WP_DEBUG already defined","file":"\/home\/v2janxvx1l4h\/public_html\/wp\/wp-config.php","line":117}

Dec 21 2020 07:43:31
{"type":8,"message":"Constant WP_DEBUG already defined","file":"\/home\/v2janxvx1l4h\/public_html\/wp\/wp-config.php","line":117}

Dec 21 2020 07:43:44
{"type":8,"message":"Constant WP_DEBUG already defined","file":"\/home\/v2janxvx1l4h\/public_html\/wp\/wp-config.php","line":117}

Dec 21 2020 07:43:54
{"type":8,"message":"Constant WP_DEBUG already defined","file":"\/home\/v2janxvx1l4h\/public_html\/wp\/wp-config.php","line":117}

Dec 21 2020 07:44:11
{"type":8,"message":"Constant WP_DEBUG already defined","file":"\/home\/v2janxvx1l4h\/public_html\/wp\/wp-config.php","line":117}

Dec 21 2020 07:44:23
{"type":8,"message":"Constant WP_DEBUG already defined","file":"\/home\/v2janxvx1l4h\/public_html\/wp\/wp-config.php","line":117}

Dec 21 2020 07:44:35
{"type":8,"message":"Constant WP_DEBUG already defined","file":"\/home\/v2janxvx1l4h\/public_html\/wp\/wp-config.php","line":117}

Dec 21 2020 07:44:51
{"type":8,"message":"Constant WP_DEBUG already defined","file":"\/home\/v2janxvx1l4h\/public_html\/wp\/wp-config.php","line":117}

Dec 21 2020 07:44:52
{"type":8,"message":"Constant WP_DEBUG already defined","file":"\/home\/v2janxvx1l4h\/public_html\/wp\/wp-config.php","line":117}

Dec 21 2020 07:44:55
{"type":8,"message":"Constant WP_DEBUG already defined","file":"\/home\/v2janxvx1l4h\/public_html\/wp\/wp-config.php","line":117}

Dec 21 2020 07:44:59
{"type":8,"message":"Constant WP_DEBUG already defined","file":"\/home\/v2janxvx1l4h\/public_html\/wp\/wp-config.php","line":117}

Dec 21 2020 07:45:00
{"type":8,"message":"Constant WP_DEBUG already defined","file":"\/home\/v2janxvx1l4h\/public_html\/wp\/wp-config.php","line":117}

Dec 21 2020 07:45:00
{"type":8,"message":"Constant WP_DEBUG already defined","file":"\/home\/v2janxvx1l4h\/public_html\/wp\/wp-config.php","line":117}

Jan 26 2021 10:34:00
{"type":8,"message":"Constant WP_DEBUG already defined","file":"\/home\/v2janxvx1l4h\/public_html\/wp\/wp-config.php","line":98}

Jan 26 2021 10:34:03
{"type":8,"message":"Constant WP_DEBUG already defined","file":"\/home\/v2janxvx1l4h\/public_html\/wp\/wp-config.php","line":98}

Jan 26 2021 10:34:05
{"type":8,"message":"Constant WP_DEBUG already defined","file":"\/home\/v2janxvx1l4h\/public_html\/wp\/wp-config.php","line":98}

Jan 26 2021 10:34:06
{"type":8,"message":"Constant WP_DEBUG already defined","file":"\/home\/v2janxvx1l4h\/public_html\/wp\/wp-config.php","line":98}

Jan 26 2021 10:34:24
{"type":8,"message":"Constant WP_DEBUG already defined","file":"\/home\/v2janxvx1l4h\/public_html\/wp\/wp-config.php","line":98}

Jan 26 2021 10:34:37
{"type":8,"message":"Constant WP_DEBUG already defined","file":"\/home\/v2janxvx1l4h\/public_html\/wp\/wp-config.php","line":98}

Jan 26 2021 10:34:50
{"type":8,"message":"Constant WP_DEBUG already defined","file":"\/home\/v2janxvx1l4h\/public_html\/wp\/wp-config.php","line":98}

Jan 26 2021 10:35:07
{"type":8,"message":"Constant WP_DEBUG already defined","file":"\/home\/v2janxvx1l4h\/public_html\/wp\/wp-config.php","line":98}

Jan 26 2021 10:35:20
{"type":8,"message":"Constant WP_DEBUG already defined","file":"\/home\/v2janxvx1l4h\/public_html\/wp\/wp-config.php","line":98}

Jan 26 2021 10:35:34
{"type":8,"message":"Constant WP_DEBUG already defined","file":"\/home\/v2janxvx1l4h\/public_html\/wp\/wp-config.php","line":98}

Jan 26 2021 10:35:50
{"type":8,"message":"Constant WP_DEBUG already defined","file":"\/home\/v2janxvx1l4h\/public_html\/wp\/wp-config.php","line":98}

Jan 26 2021 10:36:01
{"type":8,"message":"Constant WP_DEBUG already defined","file":"\/home\/v2janxvx1l4h\/public_html\/wp\/wp-config.php","line":98}

Jan 26 2021 10:36:13
{"type":8,"message":"Constant WP_DEBUG already defined","file":"\/home\/v2janxvx1l4h\/public_html\/wp\/wp-config.php","line":98}

Jan 26 2021 10:36:24
{"type":8,"message":"Constant WP_DEBUG already defined","file":"\/home\/v2janxvx1l4h\/public_html\/wp\/wp-config.php","line":98}

Jan 26 2021 10:36:35
{"type":8,"message":"Constant WP_DEBUG already defined","file":"\/home\/v2janxvx1l4h\/public_html\/wp\/wp-config.php","line":98}

Jan 26 2021 10:36:46
{"type":8,"message":"Constant WP_DEBUG already defined","file":"\/home\/v2janxvx1l4h\/public_html\/wp\/wp-config.php","line":98}

Jan 26 2021 10:36:59
{"type":8,"message":"Constant WP_DEBUG already defined","file":"\/home\/v2janxvx1l4h\/public_html\/wp\/wp-config.php","line":98}

Jan 26 2021 10:37:13
{"type":8,"message":"Constant WP_DEBUG already defined","file":"\/home\/v2janxvx1l4h\/public_html\/wp\/wp-config.php","line":98}

Jan 26 2021 10:37:28
{"type":8,"message":"Constant WP_DEBUG already defined","file":"\/home\/v2janxvx1l4h\/public_html\/wp\/wp-config.php","line":98}

Jan 26 2021 10:37:39
{"type":8,"message":"Constant WP_DEBUG already defined","file":"\/home\/v2janxvx1l4h\/public_html\/wp\/wp-config.php","line":98}

Jan 26 2021 10:37:57
{"type":8,"message":"Constant WP_DEBUG already defined","file":"\/home\/v2janxvx1l4h\/public_html\/wp\/wp-config.php","line":98}

Jan 26 2021 10:38:10
{"type":8,"message":"Constant WP_DEBUG already defined","file":"\/home\/v2janxvx1l4h\/public_html\/wp\/wp-config.php","line":98}

Jan 26 2021 10:38:22
{"type":8,"message":"Constant WP_DEBUG already defined","file":"\/home\/v2janxvx1l4h\/public_html\/wp\/wp-config.php","line":98}

Jan 26 2021 10:38:36
{"type":8,"message":"Constant WP_DEBUG already defined","file":"\/home\/v2janxvx1l4h\/public_html\/wp\/wp-config.php","line":98}

Jan 26 2021 10:38:49
{"type":8,"message":"Constant WP_DEBUG already defined","file":"\/home\/v2janxvx1l4h\/public_html\/wp\/wp-config.php","line":98}

Jan 26 2021 10:39:04
{"type":8,"message":"Constant WP_DEBUG already defined","file":"\/home\/v2janxvx1l4h\/public_html\/wp\/wp-config.php","line":98}

Jan 26 2021 10:39:16
{"type":8,"message":"Constant WP_DEBUG already defined","file":"\/home\/v2janxvx1l4h\/public_html\/wp\/wp-config.php","line":98}

Jan 26 2021 10:39:35
{"type":8,"message":"Constant WP_DEBUG already defined","file":"\/home\/v2janxvx1l4h\/public_html\/wp\/wp-config.php","line":98}

Jan 26 2021 10:39:47
{"type":8,"message":"Constant WP_DEBUG already defined","file":"\/home\/v2janxvx1l4h\/public_html\/wp\/wp-config.php","line":98}

Jan 26 2021 10:39:59
{"type":8,"message":"Constant WP_DEBUG already defined","file":"\/home\/v2janxvx1l4h\/public_html\/wp\/wp-config.php","line":98}

Jan 26 2021 10:40:12
{"type":8,"message":"Constant WP_DEBUG already defined","file":"\/home\/v2janxvx1l4h\/public_html\/wp\/wp-config.php","line":98}

Jan 26 2021 10:40:24
{"type":8,"message":"Constant WP_DEBUG already defined","file":"\/home\/v2janxvx1l4h\/public_html\/wp\/wp-config.php","line":98}

Jan 26 2021 10:40:37
{"type":8,"message":"Constant WP_DEBUG already defined","file":"\/home\/v2janxvx1l4h\/public_html\/wp\/wp-config.php","line":98}

Jan 26 2021 10:40:42
{"type":8,"message":"Constant WP_DEBUG already defined","file":"\/home\/v2janxvx1l4h\/public_html\/wp\/wp-config.php","line":98}

Jan 26 2021 10:40:48
{"type":8,"message":"Constant WP_DEBUG already defined","file":"\/home\/v2janxvx1l4h\/public_html\/wp\/wp-config.php","line":98}

Jan 26 2021 10:40:50
{"type":8,"message":"Constant WP_DEBUG already defined","file":"\/home\/v2janxvx1l4h\/public_html\/wp\/wp-config.php","line":98}

Jan 26 2021 10:40:52
{"type":8,"message":"Constant WP_DEBUG already defined","file":"\/home\/v2janxvx1l4h\/public_html\/wp\/wp-config.php","line":98}

Jan 26 2021 10:40:53
{"type":8,"message":"Constant WP_DEBUG already defined","file":"\/home\/v2janxvx1l4h\/public_html\/wp\/wp-config.php","line":98}

Sep 18 2021 05:58:17
{"type":8,"message":"Constant WP_DEBUG already defined","file":"\/home\/v2janxvx1l4h\/public_html\/wp\/wp-config.php","line":104}

Sep 18 2021 05:58:18
{"type":8,"message":"Constant WP_DEBUG already defined","file":"\/home\/v2janxvx1l4h\/public_html\/wp\/wp-config.php","line":104}

Sep 18 2021 05:58:18
{"type":8,"message":"Constant WP_DEBUG already defined","file":"\/home\/v2janxvx1l4h\/public_html\/wp\/wp-config.php","line":104}

Sep 18 2021 05:58:19
{"type":8,"message":"Constant WP_DEBUG already defined","file":"\/home\/v2janxvx1l4h\/public_html\/wp\/wp-config.php","line":104}

Sep 18 2021 05:58:36
{"type":8,"message":"Constant WP_DEBUG already defined","file":"\/home\/v2janxvx1l4h\/public_html\/wp\/wp-config.php","line":104}

Sep 18 2021 05:58:47
{"type":8,"message":"Constant WP_DEBUG already defined","file":"\/home\/v2janxvx1l4h\/public_html\/wp\/wp-config.php","line":104}

Sep 18 2021 05:59:00
{"type":8,"message":"Constant WP_DEBUG already defined","file":"\/home\/v2janxvx1l4h\/public_html\/wp\/wp-config.php","line":104}

Sep 18 2021 05:59:13
{"type":8,"message":"Constant WP_DEBUG already defined","file":"\/home\/v2janxvx1l4h\/public_html\/wp\/wp-config.php","line":104}

Sep 18 2021 05:59:26
{"type":8,"message":"Constant WP_DEBUG already defined","file":"\/home\/v2janxvx1l4h\/public_html\/wp\/wp-config.php","line":104}

Sep 18 2021 05:59:36
{"type":8,"message":"Constant WP_DEBUG already defined","file":"\/home\/v2janxvx1l4h\/public_html\/wp\/wp-config.php","line":104}

Sep 18 2021 05:59:50
{"type":8,"message":"Constant WP_DEBUG already defined","file":"\/home\/v2janxvx1l4h\/public_html\/wp\/wp-config.php","line":104}

Sep 18 2021 06:00:02
{"type":8,"message":"Constant WP_DEBUG already defined","file":"\/home\/v2janxvx1l4h\/public_html\/wp\/wp-config.php","line":104}

Sep 18 2021 06:00:15
{"type":8,"message":"Constant WP_DEBUG already defined","file":"\/home\/v2janxvx1l4h\/public_html\/wp\/wp-config.php","line":104}

Sep 18 2021 06:00:26
{"type":8,"message":"Constant WP_DEBUG already defined","file":"\/home\/v2janxvx1l4h\/public_html\/wp\/wp-config.php","line":104}

Sep 18 2021 06:00:42
{"type":8,"message":"Constant WP_DEBUG already defined","file":"\/home\/v2janxvx1l4h\/public_html\/wp\/wp-config.php","line":104}

Sep 18 2021 06:00:52
{"type":8,"message":"Constant WP_DEBUG already defined","file":"\/home\/v2janxvx1l4h\/public_html\/wp\/wp-config.php","line":104}

Sep 18 2021 06:01:08
{"type":8,"message":"Constant WP_DEBUG already defined","file":"\/home\/v2janxvx1l4h\/public_html\/wp\/wp-config.php","line":104}

Sep 18 2021 06:01:22
{"type":8,"message":"Constant WP_DEBUG already defined","file":"\/home\/v2janxvx1l4h\/public_html\/wp\/wp-config.php","line":104}

Sep 18 2021 06:01:34
{"type":8,"message":"Constant WP_DEBUG already defined","file":"\/home\/v2janxvx1l4h\/public_html\/wp\/wp-config.php","line":104}

Sep 18 2021 06:01:45
{"type":8,"message":"Constant WP_DEBUG already defined","file":"\/home\/v2janxvx1l4h\/public_html\/wp\/wp-config.php","line":104}

Sep 18 2021 06:01:57
{"type":8,"message":"Constant WP_DEBUG already defined","file":"\/home\/v2janxvx1l4h\/public_html\/wp\/wp-config.php","line":104}

Sep 18 2021 06:02:08
{"type":8,"message":"Constant WP_DEBUG already defined","file":"\/home\/v2janxvx1l4h\/public_html\/wp\/wp-config.php","line":104}

Sep 18 2021 06:02:20
{"type":8,"message":"Constant WP_DEBUG already defined","file":"\/home\/v2janxvx1l4h\/public_html\/wp\/wp-config.php","line":104}

Sep 18 2021 06:02:31
{"type":8,"message":"Constant WP_DEBUG already defined","file":"\/home\/v2janxvx1l4h\/public_html\/wp\/wp-config.php","line":104}

Sep 18 2021 06:02:42
{"type":8,"message":"Constant WP_DEBUG already defined","file":"\/home\/v2janxvx1l4h\/public_html\/wp\/wp-config.php","line":104}

Sep 18 2021 06:02:53
{"type":8,"message":"Constant WP_DEBUG already defined","file":"\/home\/v2janxvx1l4h\/public_html\/wp\/wp-config.php","line":104}

Sep 18 2021 06:03:11
{"type":8,"message":"Constant WP_DEBUG already defined","file":"\/home\/v2janxvx1l4h\/public_html\/wp\/wp-config.php","line":104}

Sep 18 2021 06:03:22
{"type":8,"message":"Constant WP_DEBUG already defined","file":"\/home\/v2janxvx1l4h\/public_html\/wp\/wp-config.php","line":104}

Sep 18 2021 06:03:36
{"type":8,"message":"Constant WP_DEBUG already defined","file":"\/home\/v2janxvx1l4h\/public_html\/wp\/wp-config.php","line":104}

Sep 18 2021 06:03:47
{"type":8,"message":"Constant WP_DEBUG already defined","file":"\/home\/v2janxvx1l4h\/public_html\/wp\/wp-config.php","line":104}

Sep 18 2021 06:03:59
{"type":8,"message":"Constant WP_DEBUG already defined","file":"\/home\/v2janxvx1l4h\/public_html\/wp\/wp-config.php","line":104}

Sep 18 2021 06:04:10
{"type":8,"message":"Constant WP_DEBUG already defined","file":"\/home\/v2janxvx1l4h\/public_html\/wp\/wp-config.php","line":104}

Sep 18 2021 06:04:21
{"type":8,"message":"Constant WP_DEBUG already defined","file":"\/home\/v2janxvx1l4h\/public_html\/wp\/wp-config.php","line":104}

Sep 18 2021 06:04:33
{"type":8,"message":"Constant WP_DEBUG already defined","file":"\/home\/v2janxvx1l4h\/public_html\/wp\/wp-config.php","line":104}

Sep 18 2021 06:04:37
{"type":8,"message":"Constant WP_DEBUG already defined","file":"\/home\/v2janxvx1l4h\/public_html\/wp\/wp-config.php","line":104}

Sep 18 2021 06:04:47
{"type":8,"message":"Constant WP_DEBUG already defined","file":"\/home\/v2janxvx1l4h\/public_html\/wp\/wp-config.php","line":104}

Sep 18 2021 06:04:52
{"type":8,"message":"Constant WP_DEBUG already defined","file":"\/home\/v2janxvx1l4h\/public_html\/wp\/wp-config.php","line":104}

Sep 18 2021 06:04:53
{"type":8,"message":"Constant WP_DEBUG already defined","file":"\/home\/v2janxvx1l4h\/public_html\/wp\/wp-config.php","line":104}

Sep 18 2021 06:04:53
{"type":8,"message":"Constant WP_DEBUG already defined","file":"\/home\/v2janxvx1l4h\/public_html\/wp\/wp-config.php","line":104}

Jul 31 2026 07:42:11
{"type":8192,"message":"Return type of Ai1wm_Recursive_Newline_Filter::accept() should either be compatible with FilterIterator::accept(): bool, or the #[\\ReturnTypeWillChange] attribute should be used to temporarily suppress the notice","file":"C:\\Users\\Admin\\Local Sites\\weavira\\app\\public\\wp-content\\plugins\\all-in-one-wp-migration\\lib\\vendor\\servmask\\filter\\class-ai1wm-recursive-newline-filter.php","line":28}

Jul 31 2026 07:42:11
{"type":8192,"message":"Return type of Ai1wm_Recursive_Newline_Filter::accept() should either be compatible with FilterIterator::accept(): bool, or the #[\\ReturnTypeWillChange] attribute should be used to temporarily suppress the notice","file":"C:\\Users\\Admin\\Local Sites\\weavira\\app\\public\\wp-content\\plugins\\all-in-one-wp-migration\\lib\\vendor\\servmask\\filter\\class-ai1wm-recursive-newline-filter.php","line":28}

Jul 31 2026 07:42:11
{"type":8192,"message":"Return type of Ai1wm_Recursive_Newline_Filter::accept() should either be compatible with FilterIterator::accept(): bool, or the #[\\ReturnTypeWillChange] attribute should be used to temporarily suppress the notice","file":"C:\\Users\\Admin\\Local Sites\\weavira\\app\\public\\wp-content\\plugins\\all-in-one-wp-migration\\lib\\vendor\\servmask\\filter\\class-ai1wm-recursive-newline-filter.php","line":28}

Jul 31 2026 07:42:12
{"type":8192,"message":"Return type of Ai1wm_Recursive_Newline_Filter::accept() should either be compatible with FilterIterator::accept(): bool, or the #[\\ReturnTypeWillChange] attribute should be used to temporarily suppress the notice","file":"C:\\Users\\Admin\\Local Sites\\weavira\\app\\public\\wp-content\\plugins\\all-in-one-wp-migration\\lib\\vendor\\servmask\\filter\\class-ai1wm-recursive-newline-filter.php","line":28}

Jul 31 2026 07:42:12
{"type":8192,"message":"Return type of Ai1wm_Recursive_Newline_Filter::accept() should either be compatible with FilterIterator::accept(): bool, or the #[\\ReturnTypeWillChange] attribute should be used to temporarily suppress the notice","file":"C:\\Users\\Admin\\Local Sites\\weavira\\app\\public\\wp-content\\plugins\\all-in-one-wp-migration\\lib\\vendor\\servmask\\filter\\class-ai1wm-recursive-newline-filter.php","line":28}

Jul 31 2026 07:42:17
{"type":8192,"message":"Return type of Ai1wm_Recursive_Newline_Filter::accept() should either be compatible with FilterIterator::accept(): bool, or the #[\\ReturnTypeWillChange] attribute should be used to temporarily suppress the notice","file":"C:\\Users\\Admin\\Local Sites\\weavira\\app\\public\\wp-content\\plugins\\all-in-one-wp-migration\\lib\\vendor\\servmask\\filter\\class-ai1wm-recursive-newline-filter.php","line":28}

Jul 31 2026 07:42:18
{"type":8192,"message":"Return type of Ai1wm_Recursive_Newline_Filter::accept() should either be compatible with FilterIterator::accept(): bool, or the #[\\ReturnTypeWillChange] attribute should be used to temporarily suppress the notice","file":"C:\\Users\\Admin\\Local Sites\\weavira\\app\\public\\wp-content\\plugins\\all-in-one-wp-migration\\lib\\vendor\\servmask\\filter\\class-ai1wm-recursive-newline-filter.php","line":28}

Jul 31 2026 07:42:18
{"type":8192,"message":"Return type of Ai1wm_Recursive_Newline_Filter::accept() should either be compatible with FilterIterator::accept(): bool, or the #[\\ReturnTypeWillChange] attribute should be used to temporarily suppress the notice","file":"C:\\Users\\Admin\\Local Sites\\weavira\\app\\public\\wp-content\\plugins\\all-in-one-wp-migration\\lib\\vendor\\servmask\\filter\\class-ai1wm-recursive-newline-filter.php","line":28}

Jul 31 2026 07:42:18
{"type":8192,"message":"Return type of Ai1wm_Recursive_Newline_Filter::accept() should either be compatible with FilterIterator::accept(): bool, or the #[\\ReturnTypeWillChange] attribute should be used to temporarily suppress the notice","file":"C:\\Users\\Admin\\Local Sites\\weavira\\app\\public\\wp-content\\plugins\\all-in-one-wp-migration\\lib\\vendor\\servmask\\filter\\class-ai1wm-recursive-newline-filter.php","line":28}

Jul 31 2026 07:42:18
{"type":8192,"message":"Return type of Ai1wm_Recursive_Newline_Filter::accept() should either be compatible with FilterIterator::accept(): bool, or the #[\\ReturnTypeWillChange] attribute should be used to temporarily suppress the notice","file":"C:\\Users\\Admin\\Local Sites\\weavira\\app\\public\\wp-content\\plugins\\all-in-one-wp-migration\\lib\\vendor\\servmask\\filter\\class-ai1wm-recursive-newline-filter.php","line":28}

Jul 31 2026 07:42:19
{"type":8192,"message":"Return type of Ai1wm_Recursive_Newline_Filter::accept() should either be compatible with FilterIterator::accept(): bool, or the #[\\ReturnTypeWillChange] attribute should be used to temporarily suppress the notice","file":"C:\\Users\\Admin\\Local Sites\\weavira\\app\\public\\wp-content\\plugins\\all-in-one-wp-migration\\lib\\vendor\\servmask\\filter\\class-ai1wm-recursive-newline-filter.php","line":28}

Jul 31 2026 07:42:19
{"type":8192,"message":"Return type of Ai1wm_Recursive_Newline_Filter::accept() should either be compatible with FilterIterator::accept(): bool, or the #[\\ReturnTypeWillChange] attribute should be used to temporarily suppress the notice","file":"C:\\Users\\Admin\\Local Sites\\weavira\\app\\public\\wp-content\\plugins\\all-in-one-wp-migration\\lib\\vendor\\servmask\\filter\\class-ai1wm-recursive-newline-filter.php","line":28}

Jul 31 2026 07:42:19
{"type":8192,"message":"Return type of Ai1wm_Recursive_Newline_Filter::accept() should either be compatible with FilterIterator::accept(): bool, or the #[\\ReturnTypeWillChange] attribute should be used to temporarily suppress the notice","file":"C:\\Users\\Admin\\Local Sites\\weavira\\app\\public\\wp-content\\plugins\\all-in-one-wp-migration\\lib\\vendor\\servmask\\filter\\class-ai1wm-recursive-newline-filter.php","line":28}

Jul 31 2026 07:42:20
{"type":8192,"message":"Return type of Ai1wm_Recursive_Newline_Filter::accept() should either be compatible with FilterIterator::accept(): bool, or the #[\\ReturnTypeWillChange] attribute should be used to temporarily suppress the notice","file":"C:\\Users\\Admin\\Local Sites\\weavira\\app\\public\\wp-content\\plugins\\all-in-one-wp-migration\\lib\\vendor\\servmask\\filter\\class-ai1wm-recursive-newline-filter.php","line":28}

Jul 31 2026 07:42:20
{"type":8192,"message":"Return type of Ai1wm_Recursive_Newline_Filter::accept() should either be compatible with FilterIterator::accept(): bool, or the #[\\ReturnTypeWillChange] attribute should be used to temporarily suppress the notice","file":"C:\\Users\\Admin\\Local Sites\\weavira\\app\\public\\wp-content\\plugins\\all-in-one-wp-migration\\lib\\vendor\\servmask\\filter\\class-ai1wm-recursive-newline-filter.php","line":28}

Jul 31 2026 07:42:27
{"type":8192,"message":"Return type of Ai1wm_Recursive_Newline_Filter::accept() should either be compatible with FilterIterator::accept(): bool, or the #[\\ReturnTypeWillChange] attribute should be used to temporarily suppress the notice","file":"C:\\Users\\Admin\\Local Sites\\weavira\\app\\public\\wp-content\\plugins\\all-in-one-wp-migration\\lib\\vendor\\servmask\\filter\\class-ai1wm-recursive-newline-filter.php","line":28}

Jul 31 2026 07:42:33
{"type":8192,"message":"Return type of Ai1wm_Recursive_Newline_Filter::accept() should either be compatible with FilterIterator::accept(): bool, or the #[\\ReturnTypeWillChange] attribute should be used to temporarily suppress the notice","file":"C:\\Users\\Admin\\Local Sites\\weavira\\app\\public\\wp-content\\plugins\\all-in-one-wp-migration\\lib\\vendor\\servmask\\filter\\class-ai1wm-recursive-newline-filter.php","line":28}

Jul 31 2026 07:42:33
{"type":8192,"message":"Return type of Ai1wm_Recursive_Newline_Filter::accept() should either be compatible with FilterIterator::accept(): bool, or the #[\\ReturnTypeWillChange] attribute should be used to temporarily suppress the notice","file":"C:\\Users\\Admin\\Local Sites\\weavira\\app\\public\\wp-content\\plugins\\all-in-one-wp-migration\\lib\\vendor\\servmask\\filter\\class-ai1wm-recursive-newline-filter.php","line":28}

Jul 31 2026 07:42:33
{"type":8192,"message":"Return type of Ai1wm_Recursive_Newline_Filter::accept() should either be compatible with FilterIterator::accept(): bool, or the #[\\ReturnTypeWillChange] attribute should be used to temporarily suppress the notice","file":"C:\\Users\\Admin\\Local Sites\\weavira\\app\\public\\wp-content\\plugins\\all-in-one-wp-migration\\lib\\vendor\\servmask\\filter\\class-ai1wm-recursive-newline-filter.php","line":28}

Jul 31 2026 07:42:34
{"type":8192,"message":"Return type of Ai1wm_Recursive_Newline_Filter::accept() should either be compatible with FilterIterator::accept(): bool, or the #[\\ReturnTypeWillChange] attribute should be used to temporarily suppress the notice","file":"C:\\Users\\Admin\\Local Sites\\weavira\\app\\public\\wp-content\\plugins\\all-in-one-wp-migration\\lib\\vendor\\servmask\\filter\\class-ai1wm-recursive-newline-filter.php","line":28}

Jul 31 2026 07:42:34
{"type":8192,"message":"Return type of Ai1wm_Recursive_Newline_Filter::accept() should either be compatible with FilterIterator::accept(): bool, or the #[\\ReturnTypeWillChange] attribute should be used to temporarily suppress the notice","file":"C:\\Users\\Admin\\Local Sites\\weavira\\app\\public\\wp-content\\plugins\\all-in-one-wp-migration\\lib\\vendor\\servmask\\filter\\class-ai1wm-recursive-newline-filter.php","line":28}

Jul 31 2026 07:42:34
{"type":8192,"message":"Return type of Ai1wm_Recursive_Newline_Filter::accept() should either be compatible with FilterIterator::accept(): bool, or the #[\\ReturnTypeWillChange] attribute should be used to temporarily suppress the notice","file":"C:\\Users\\Admin\\Local Sites\\weavira\\app\\public\\wp-content\\plugins\\all-in-one-wp-migration\\lib\\vendor\\servmask\\filter\\class-ai1wm-recursive-newline-filter.php","line":28}

Jul 31 2026 07:42:35
{"type":8192,"message":"Return type of Ai1wm_Recursive_Newline_Filter::accept() should either be compatible with FilterIterator::accept(): bool, or the #[\\ReturnTypeWillChange] attribute should be used to temporarily suppress the notice","file":"C:\\Users\\Admin\\Local Sites\\weavira\\app\\public\\wp-content\\plugins\\all-in-one-wp-migration\\lib\\vendor\\servmask\\filter\\class-ai1wm-recursive-newline-filter.php","line":28}

Jul 31 2026 07:42:35
{"type":8192,"message":"Return type of Ai1wm_Recursive_Newline_Filter::accept() should either be compatible with FilterIterator::accept(): bool, or the #[\\ReturnTypeWillChange] attribute should be used to temporarily suppress the notice","file":"C:\\Users\\Admin\\Local Sites\\weavira\\app\\public\\wp-content\\plugins\\all-in-one-wp-migration\\lib\\vendor\\servmask\\filter\\class-ai1wm-recursive-newline-filter.php","line":28}

Jul 31 2026 07:42:35
{"type":8192,"message":"Return type of Ai1wm_Recursive_Newline_Filter::accept() should either be compatible with FilterIterator::accept(): bool, or the #[\\ReturnTypeWillChange] attribute should be used to temporarily suppress the notice","file":"C:\\Users\\Admin\\Local Sites\\weavira\\app\\public\\wp-content\\plugins\\all-in-one-wp-migration\\lib\\vendor\\servmask\\filter\\class-ai1wm-recursive-newline-filter.php","line":28}

Jul 31 2026 07:42:35
{"type":8192,"message":"Return type of Ai1wm_Recursive_Newline_Filter::accept() should either be compatible with FilterIterator::accept(): bool, or the #[\\ReturnTypeWillChange] attribute should be used to temporarily suppress the notice","file":"C:\\Users\\Admin\\Local Sites\\weavira\\app\\public\\wp-content\\plugins\\all-in-one-wp-migration\\lib\\vendor\\servmask\\filter\\class-ai1wm-recursive-newline-filter.php","line":28}

Jul 31 2026 07:42:36
{"type":8192,"message":"Return type of Ai1wm_Recursive_Newline_Filter::accept() should either be compatible with FilterIterator::accept(): bool, or the #[\\ReturnTypeWillChange] attribute should be used to temporarily suppress the notice","file":"C:\\Users\\Admin\\Local Sites\\weavira\\app\\public\\wp-content\\plugins\\all-in-one-wp-migration\\lib\\vendor\\servmask\\filter\\class-ai1wm-recursive-newline-filter.php","line":28}

Jul 31 2026 07:42:36
{"type":8192,"message":"Return type of Ai1wm_Recursive_Newline_Filter::accept() should either be compatible with FilterIterator::accept(): bool, or the #[\\ReturnTypeWillChange] attribute should be used to temporarily suppress the notice","file":"C:\\Users\\Admin\\Local Sites\\weavira\\app\\public\\wp-content\\plugins\\all-in-one-wp-migration\\lib\\vendor\\servmask\\filter\\class-ai1wm-recursive-newline-filter.php","line":28}

Jul 31 2026 07:42:36
{"type":8192,"message":"Return type of Ai1wm_Recursive_Newline_Filter::accept() should either be compatible with FilterIterator::accept(): bool, or the #[\\ReturnTypeWillChange] attribute should be used to temporarily suppress the notice","file":"C:\\Users\\Admin\\Local Sites\\weavira\\app\\public\\wp-content\\plugins\\all-in-one-wp-migration\\lib\\vendor\\servmask\\filter\\class-ai1wm-recursive-newline-filter.php","line":28}

Jul 31 2026 07:42:37
{"type":8192,"message":"Return type of Ai1wm_Recursive_Newline_Filter::accept() should either be compatible with FilterIterator::accept(): bool, or the #[\\ReturnTypeWillChange] attribute should be used to temporarily suppress the notice","file":"C:\\Users\\Admin\\Local Sites\\weavira\\app\\public\\wp-content\\plugins\\all-in-one-wp-migration\\lib\\vendor\\servmask\\filter\\class-ai1wm-recursive-newline-filter.php","line":28}

Jul 31 2026 07:42:37
{"type":8192,"message":"Return type of Ai1wm_Recursive_Newline_Filter::accept() should either be compatible with FilterIterator::accept(): bool, or the #[\\ReturnTypeWillChange] attribute should be used to temporarily suppress the notice","file":"C:\\Users\\Admin\\Local Sites\\weavira\\app\\public\\wp-content\\plugins\\all-in-one-wp-migration\\lib\\vendor\\servmask\\filter\\class-ai1wm-recursive-newline-filter.php","line":28}

Jul 31 2026 07:42:37
{"type":8192,"message":"Return type of Ai1wm_Recursive_Newline_Filter::accept() should either be compatible with FilterIterator::accept(): bool, or the #[\\ReturnTypeWillChange] attribute should be used to temporarily suppress the notice","file":"C:\\Users\\Admin\\Local Sites\\weavira\\app\\public\\wp-content\\plugins\\all-in-one-wp-migration\\lib\\vendor\\servmask\\filter\\class-ai1wm-recursive-newline-filter.php","line":28}

Jul 31 2026 07:42:37
{"type":8192,"message":"Return type of Ai1wm_Recursive_Newline_Filter::accept() should either be compatible with FilterIterator::accept(): bool, or the #[\\ReturnTypeWillChange] attribute should be used to temporarily suppress the notice","file":"C:\\Users\\Admin\\Local Sites\\weavira\\app\\public\\wp-content\\plugins\\all-in-one-wp-migration\\lib\\vendor\\servmask\\filter\\class-ai1wm-recursive-newline-filter.php","line":28}

Jul 31 2026 07:42:37
{"type":8192,"message":"Return type of Ai1wm_Recursive_Newline_Filter::accept() should either be compatible with FilterIterator::accept(): bool, or the #[\\ReturnTypeWillChange] attribute should be used to temporarily suppress the notice","file":"C:\\Users\\Admin\\Local Sites\\weavira\\app\\public\\wp-content\\plugins\\all-in-one-wp-migration\\lib\\vendor\\servmask\\filter\\class-ai1wm-recursive-newline-filter.php","line":28}

Jul 31 2026 07:42:38
{"type":8192,"message":"Return type of Ai1wm_Recursive_Newline_Filter::accept() should either be compatible with FilterIterator::accept(): bool, or the #[\\ReturnTypeWillChange] attribute should be used to temporarily suppress the notice","file":"C:\\Users\\Admin\\Local Sites\\weavira\\app\\public\\wp-content\\plugins\\all-in-one-wp-migration\\lib\\vendor\\servmask\\filter\\class-ai1wm-recursive-newline-filter.php","line":28}

Jul 31 2026 07:42:38
{"type":8192,"message":"Return type of Ai1wm_Recursive_Newline_Filter::accept() should either be compatible with FilterIterator::accept(): bool, or the #[\\ReturnTypeWillChange] attribute should be used to temporarily suppress the notice","file":"C:\\Users\\Admin\\Local Sites\\weavira\\app\\public\\wp-content\\plugins\\all-in-one-wp-migration\\lib\\vendor\\servmask\\filter\\class-ai1wm-recursive-newline-filter.php","line":28}

Jul 31 2026 07:42:38
{"type":8192,"message":"Return type of Ai1wm_Recursive_Newline_Filter::accept() should either be compatible with FilterIterator::accept(): bool, or the #[\\ReturnTypeWillChange] attribute should be used to temporarily suppress the notice","file":"C:\\Users\\Admin\\Local Sites\\weavira\\app\\public\\wp-content\\plugins\\all-in-one-wp-migration\\lib\\vendor\\servmask\\filter\\class-ai1wm-recursive-newline-filter.php","line":28}

Jul 31 2026 07:42:38
{"type":8192,"message":"Return type of Ai1wm_Recursive_Newline_Filter::accept() should either be compatible with FilterIterator::accept(): bool, or the #[\\ReturnTypeWillChange] attribute should be used to temporarily suppress the notice","file":"C:\\Users\\Admin\\Local Sites\\weavira\\app\\public\\wp-content\\plugins\\all-in-one-wp-migration\\lib\\vendor\\servmask\\filter\\class-ai1wm-recursive-newline-filter.php","line":28}

Jul 31 2026 07:42:38
{"type":8192,"message":"Return type of Ai1wm_Recursive_Newline_Filter::accept() should either be compatible with FilterIterator::accept(): bool, or the #[\\ReturnTypeWillChange] attribute should be used to temporarily suppress the notice","file":"C:\\Users\\Admin\\Local Sites\\weavira\\app\\public\\wp-content\\plugins\\all-in-one-wp-migration\\lib\\vendor\\servmask\\filter\\class-ai1wm-recursive-newline-filter.php","line":28}

Jul 31 2026 07:42:39
{"type":8192,"message":"Return type of Ai1wm_Recursive_Newline_Filter::accept() should either be compatible with FilterIterator::accept(): bool, or the #[\\ReturnTypeWillChange] attribute should be used to temporarily suppress the notice","file":"C:\\Users\\Admin\\Local Sites\\weavira\\app\\public\\wp-content\\plugins\\all-in-one-wp-migration\\lib\\vendor\\servmask\\filter\\class-ai1wm-recursive-newline-filter.php","line":28}

Jul 31 2026 07:42:39
{"type":8192,"message":"Return type of Ai1wm_Recursive_Newline_Filter::accept() should either be compatible with FilterIterator::accept(): bool, or the #[\\ReturnTypeWillChange] attribute should be used to temporarily suppress the notice","file":"C:\\Users\\Admin\\Local Sites\\weavira\\app\\public\\wp-content\\plugins\\all-in-one-wp-migration\\lib\\vendor\\servmask\\filter\\class-ai1wm-recursive-newline-filter.php","line":28}

Jul 31 2026 07:42:39
{"type":8192,"message":"Return type of Ai1wm_Recursive_Newline_Filter::accept() should either be compatible with FilterIterator::accept(): bool, or the #[\\ReturnTypeWillChange] attribute should be used to temporarily suppress the notice","file":"C:\\Users\\Admin\\Local Sites\\weavira\\app\\public\\wp-content\\plugins\\all-in-one-wp-migration\\lib\\vendor\\servmask\\filter\\class-ai1wm-recursive-newline-filter.php","line":28}

Jul 31 2026 07:42:39
{"type":8192,"message":"Return type of Ai1wm_Recursive_Newline_Filter::accept() should either be compatible with FilterIterator::accept(): bool, or the #[\\ReturnTypeWillChange] attribute should be used to temporarily suppress the notice","file":"C:\\Users\\Admin\\Local Sites\\weavira\\app\\public\\wp-content\\plugins\\all-in-one-wp-migration\\lib\\vendor\\servmask\\filter\\class-ai1wm-recursive-newline-filter.php","line":28}

Jul 31 2026 07:42:40
{"type":8192,"message":"Return type of Ai1wm_Recursive_Newline_Filter::accept() should either be compatible with FilterIterator::accept(): bool, or the #[\\ReturnTypeWillChange] attribute should be used to temporarily suppress the notice","file":"C:\\Users\\Admin\\Local Sites\\weavira\\app\\public\\wp-content\\plugins\\all-in-one-wp-migration\\lib\\vendor\\servmask\\filter\\class-ai1wm-recursive-newline-filter.php","line":28}

Jul 31 2026 07:42:40
{"type":8192,"message":"Return type of Ai1wm_Recursive_Newline_Filter::accept() should either be compatible with FilterIterator::accept(): bool, or the #[\\ReturnTypeWillChange] attribute should be used to temporarily suppress the notice","file":"C:\\Users\\Admin\\Local Sites\\weavira\\app\\public\\wp-content\\plugins\\all-in-one-wp-migration\\lib\\vendor\\servmask\\filter\\class-ai1wm-recursive-newline-filter.php","line":28}

Jul 31 2026 07:42:40
{"type":8192,"message":"Return type of Ai1wm_Recursive_Newline_Filter::accept() should either be compatible with FilterIterator::accept(): bool, or the #[\\ReturnTypeWillChange] attribute should be used to temporarily suppress the notice","file":"C:\\Users\\Admin\\Local Sites\\weavira\\app\\public\\wp-content\\plugins\\all-in-one-wp-migration\\lib\\vendor\\servmask\\filter\\class-ai1wm-recursive-newline-filter.php","line":28}

Jul 31 2026 07:42:40
{"type":8192,"message":"Return type of Ai1wm_Recursive_Newline_Filter::accept() should either be compatible with FilterIterator::accept(): bool, or the #[\\ReturnTypeWillChange] attribute should be used to temporarily suppress the notice","file":"C:\\Users\\Admin\\Local Sites\\weavira\\app\\public\\wp-content\\plugins\\all-in-one-wp-migration\\lib\\vendor\\servmask\\filter\\class-ai1wm-recursive-newline-filter.php","line":28}

Jul 31 2026 07:42:40
{"type":8192,"message":"Return type of Ai1wm_Recursive_Newline_Filter::accept() should either be compatible with FilterIterator::accept(): bool, or the #[\\ReturnTypeWillChange] attribute should be used to temporarily suppress the notice","file":"C:\\Users\\Admin\\Local Sites\\weavira\\app\\public\\wp-content\\plugins\\all-in-one-wp-migration\\lib\\vendor\\servmask\\filter\\class-ai1wm-recursive-newline-filter.php","line":28}

Jul 31 2026 07:42:41
{"type":8192,"message":"Return type of Ai1wm_Recursive_Newline_Filter::accept() should either be compatible with FilterIterator::accept(): bool, or the #[\\ReturnTypeWillChange] attribute should be used to temporarily suppress the notice","file":"C:\\Users\\Admin\\Local Sites\\weavira\\app\\public\\wp-content\\plugins\\all-in-one-wp-migration\\lib\\vendor\\servmask\\filter\\class-ai1wm-recursive-newline-filter.php","line":28}

Jul 31 2026 07:42:41
{"type":8192,"message":"Return type of Ai1wm_Recursive_Newline_Filter::accept() should either be compatible with FilterIterator::accept(): bool, or the #[\\ReturnTypeWillChange] attribute should be used to temporarily suppress the notice","file":"C:\\Users\\Admin\\Local Sites\\weavira\\app\\public\\wp-content\\plugins\\all-in-one-wp-migration\\lib\\vendor\\servmask\\filter\\class-ai1wm-recursive-newline-filter.php","line":28}

Jul 31 2026 07:42:41
{"type":8192,"message":"Return type of Ai1wm_Recursive_Newline_Filter::accept() should either be compatible with FilterIterator::accept(): bool, or the #[\\ReturnTypeWillChange] attribute should be used to temporarily suppress the notice","file":"C:\\Users\\Admin\\Local Sites\\weavira\\app\\public\\wp-content\\plugins\\all-in-one-wp-migration\\lib\\vendor\\servmask\\filter\\class-ai1wm-recursive-newline-filter.php","line":28}

Jul 31 2026 07:42:41
{"type":8192,"message":"Return type of Ai1wm_Recursive_Newline_Filter::accept() should either be compatible with FilterIterator::accept(): bool, or the #[\\ReturnTypeWillChange] attribute should be used to temporarily suppress the notice","file":"C:\\Users\\Admin\\Local Sites\\weavira\\app\\public\\wp-content\\plugins\\all-in-one-wp-migration\\lib\\vendor\\servmask\\filter\\class-ai1wm-recursive-newline-filter.php","line":28}

Jul 31 2026 07:42:41
{"type":8192,"message":"Return type of Ai1wm_Recursive_Newline_Filter::accept() should either be compatible with FilterIterator::accept(): bool, or the #[\\ReturnTypeWillChange] attribute should be used to temporarily suppress the notice","file":"C:\\Users\\Admin\\Local Sites\\weavira\\app\\public\\wp-content\\plugins\\all-in-one-wp-migration\\lib\\vendor\\servmask\\filter\\class-ai1wm-recursive-newline-filter.php","line":28}

Jul 31 2026 07:42:42
{"type":8192,"message":"Return type of Ai1wm_Recursive_Newline_Filter::accept() should either be compatible with FilterIterator::accept(): bool, or the #[\\ReturnTypeWillChange] attribute should be used to temporarily suppress the notice","file":"C:\\Users\\Admin\\Local Sites\\weavira\\app\\public\\wp-content\\plugins\\all-in-one-wp-migration\\lib\\vendor\\servmask\\filter\\class-ai1wm-recursive-newline-filter.php","line":28}

Jul 31 2026 07:42:42
{"type":8192,"message":"Return type of Ai1wm_Recursive_Newline_Filter::accept() should either be compatible with FilterIterator::accept(): bool, or the #[\\ReturnTypeWillChange] attribute should be used to temporarily suppress the notice","file":"C:\\Users\\Admin\\Local Sites\\weavira\\app\\public\\wp-content\\plugins\\all-in-one-wp-migration\\lib\\vendor\\servmask\\filter\\class-ai1wm-recursive-newline-filter.php","line":28}

Jul 31 2026 07:42:42
{"type":8192,"message":"Return type of Ai1wm_Recursive_Newline_Filter::accept() should either be compatible with FilterIterator::accept(): bool, or the #[\\ReturnTypeWillChange] attribute should be used to temporarily suppress the notice","file":"C:\\Users\\Admin\\Local Sites\\weavira\\app\\public\\wp-content\\plugins\\all-in-one-wp-migration\\lib\\vendor\\servmask\\filter\\class-ai1wm-recursive-newline-filter.php","line":28}

Jul 31 2026 07:42:43
{"type":8192,"message":"Return type of Ai1wm_Recursive_Newline_Filter::accept() should either be compatible with FilterIterator::accept(): bool, or the #[\\ReturnTypeWillChange] attribute should be used to temporarily suppress the notice","file":"C:\\Users\\Admin\\Local Sites\\weavira\\app\\public\\wp-content\\plugins\\all-in-one-wp-migration\\lib\\vendor\\servmask\\filter\\class-ai1wm-recursive-newline-filter.php","line":28}

Jul 31 2026 07:42:43
{"type":8192,"message":"Return type of Ai1wm_Recursive_Newline_Filter::accept() should either be compatible with FilterIterator::accept(): bool, or the #[\\ReturnTypeWillChange] attribute should be used to temporarily suppress the notice","file":"C:\\Users\\Admin\\Local Sites\\weavira\\app\\public\\wp-content\\plugins\\all-in-one-wp-migration\\lib\\vendor\\servmask\\filter\\class-ai1wm-recursive-newline-filter.php","line":28}

Jul 31 2026 07:42:43
{"type":8192,"message":"Return type of Ai1wm_Recursive_Newline_Filter::accept() should either be compatible with FilterIterator::accept(): bool, or the #[\\ReturnTypeWillChange] attribute should be used to temporarily suppress the notice","file":"C:\\Users\\Admin\\Local Sites\\weavira\\app\\public\\wp-content\\plugins\\all-in-one-wp-migration\\lib\\vendor\\servmask\\filter\\class-ai1wm-recursive-newline-filter.php","line":28}

Jul 31 2026 07:42:43
{"type":8192,"message":"Return type of Ai1wm_Recursive_Newline_Filter::accept() should either be compatible with FilterIterator::accept(): bool, or the #[\\ReturnTypeWillChange] attribute should be used to temporarily suppress the notice","file":"C:\\Users\\Admin\\Local Sites\\weavira\\app\\public\\wp-content\\plugins\\all-in-one-wp-migration\\lib\\vendor\\servmask\\filter\\class-ai1wm-recursive-newline-filter.php","line":28}

Jul 31 2026 07:42:44
{"type":8192,"message":"Return type of Ai1wm_Recursive_Newline_Filter::accept() should either be compatible with FilterIterator::accept(): bool, or the #[\\ReturnTypeWillChange] attribute should be used to temporarily suppress the notice","file":"C:\\Users\\Admin\\Local Sites\\weavira\\app\\public\\wp-content\\plugins\\all-in-one-wp-migration\\lib\\vendor\\servmask\\filter\\class-ai1wm-recursive-newline-filter.php","line":28}

Jul 31 2026 07:42:44
{"type":8192,"message":"Return type of Ai1wm_Recursive_Newline_Filter::accept() should either be compatible with FilterIterator::accept(): bool, or the #[\\ReturnTypeWillChange] attribute should be used to temporarily suppress the notice","file":"C:\\Users\\Admin\\Local Sites\\weavira\\app\\public\\wp-content\\plugins\\all-in-one-wp-migration\\lib\\vendor\\servmask\\filter\\class-ai1wm-recursive-newline-filter.php","line":28}

Jul 31 2026 07:42:44
{"type":8192,"message":"Return type of Ai1wm_Recursive_Newline_Filter::accept() should either be compatible with FilterIterator::accept(): bool, or the #[\\ReturnTypeWillChange] attribute should be used to temporarily suppress the notice","file":"C:\\Users\\Admin\\Local Sites\\weavira\\app\\public\\wp-content\\plugins\\all-in-one-wp-migration\\lib\\vendor\\servmask\\filter\\class-ai1wm-recursive-newline-filter.php","line":28}

Jul 31 2026 07:42:44
{"type":8192,"message":"Return type of Ai1wm_Recursive_Newline_Filter::accept() should either be compatible with FilterIterator::accept(): bool, or the #[\\ReturnTypeWillChange] attribute should be used to temporarily suppress the notice","file":"C:\\Users\\Admin\\Local Sites\\weavira\\app\\public\\wp-content\\plugins\\all-in-one-wp-migration\\lib\\vendor\\servmask\\filter\\class-ai1wm-recursive-newline-filter.php","line":28}

Jul 31 2026 07:42:44
{"type":8192,"message":"Return type of Ai1wm_Recursive_Newline_Filter::accept() should either be compatible with FilterIterator::accept(): bool, or the #[\\ReturnTypeWillChange] attribute should be used to temporarily suppress the notice","file":"C:\\Users\\Admin\\Local Sites\\weavira\\app\\public\\wp-content\\plugins\\all-in-one-wp-migration\\lib\\vendor\\servmask\\filter\\class-ai1wm-recursive-newline-filter.php","line":28}

Jul 31 2026 07:42:45
{"type":8192,"message":"Return type of Ai1wm_Recursive_Newline_Filter::accept() should either be compatible with FilterIterator::accept(): bool, or the #[\\ReturnTypeWillChange] attribute should be used to temporarily suppress the notice","file":"C:\\Users\\Admin\\Local Sites\\weavira\\app\\public\\wp-content\\plugins\\all-in-one-wp-migration\\lib\\vendor\\servmask\\filter\\class-ai1wm-recursive-newline-filter.php","line":28}

Jul 31 2026 07:42:45
{"type":8192,"message":"Return type of Ai1wm_Recursive_Newline_Filter::accept() should either be compatible with FilterIterator::accept(): bool, or the #[\\ReturnTypeWillChange] attribute should be used to temporarily suppress the notice","file":"C:\\Users\\Admin\\Local Sites\\weavira\\app\\public\\wp-content\\plugins\\all-in-one-wp-migration\\lib\\vendor\\servmask\\filter\\class-ai1wm-recursive-newline-filter.php","line":28}

Jul 31 2026 07:42:45
{"type":8192,"message":"Return type of Ai1wm_Recursive_Newline_Filter::accept() should either be compatible with FilterIterator::accept(): bool, or the #[\\ReturnTypeWillChange] attribute should be used to temporarily suppress the notice","file":"C:\\Users\\Admin\\Local Sites\\weavira\\app\\public\\wp-content\\plugins\\all-in-one-wp-migration\\lib\\vendor\\servmask\\filter\\class-ai1wm-recursive-newline-filter.php","line":28}

Jul 31 2026 07:42:45
{"type":8192,"message":"Return type of Ai1wm_Recursive_Newline_Filter::accept() should either be compatible with FilterIterator::accept(): bool, or the #[\\ReturnTypeWillChange] attribute should be used to temporarily suppress the notice","file":"C:\\Users\\Admin\\Local Sites\\weavira\\app\\public\\wp-content\\plugins\\all-in-one-wp-migration\\lib\\vendor\\servmask\\filter\\class-ai1wm-recursive-newline-filter.php","line":28}

Jul 31 2026 07:42:46
{"type":8192,"message":"Return type of Ai1wm_Recursive_Newline_Filter::accept() should either be compatible with FilterIterator::accept(): bool, or the #[\\ReturnTypeWillChange] attribute should be used to temporarily suppress the notice","file":"C:\\Users\\Admin\\Local Sites\\weavira\\app\\public\\wp-content\\plugins\\all-in-one-wp-migration\\lib\\vendor\\servmask\\filter\\class-ai1wm-recursive-newline-filter.php","line":28}

Jul 31 2026 07:42:46
{"type":8192,"message":"Return type of Ai1wm_Recursive_Newline_Filter::accept() should either be compatible with FilterIterator::accept(): bool, or the #[\\ReturnTypeWillChange] attribute should be used to temporarily suppress the notice","file":"C:\\Users\\Admin\\Local Sites\\weavira\\app\\public\\wp-content\\plugins\\all-in-one-wp-migration\\lib\\vendor\\servmask\\filter\\class-ai1wm-recursive-newline-filter.php","line":28}

Jul 31 2026 07:42:46
{"type":8192,"message":"Return type of Ai1wm_Recursive_Newline_Filter::accept() should either be compatible with FilterIterator::accept(): bool, or the #[\\ReturnTypeWillChange] attribute should be used to temporarily suppress the notice","file":"C:\\Users\\Admin\\Local Sites\\weavira\\app\\public\\wp-content\\plugins\\all-in-one-wp-migration\\lib\\vendor\\servmask\\filter\\class-ai1wm-recursive-newline-filter.php","line":28}

Jul 31 2026 07:42:47
{"type":8192,"message":"Return type of Ai1wm_Recursive_Newline_Filter::accept() should either be compatible with FilterIterator::accept(): bool, or the #[\\ReturnTypeWillChange] attribute should be used to temporarily suppress the notice","file":"C:\\Users\\Admin\\Local Sites\\weavira\\app\\public\\wp-content\\plugins\\all-in-one-wp-migration\\lib\\vendor\\servmask\\filter\\class-ai1wm-recursive-newline-filter.php","line":28}

Jul 31 2026 07:42:47
{"type":8192,"message":"Return type of Ai1wm_Recursive_Newline_Filter::accept() should either be compatible with FilterIterator::accept(): bool, or the #[\\ReturnTypeWillChange] attribute should be used to temporarily suppress the notice","file":"C:\\Users\\Admin\\Local Sites\\weavira\\app\\public\\wp-content\\plugins\\all-in-one-wp-migration\\lib\\vendor\\servmask\\filter\\class-ai1wm-recursive-newline-filter.php","line":28}

Jul 31 2026 07:42:47
{"type":8192,"message":"Return type of Ai1wm_Recursive_Newline_Filter::accept() should either be compatible with FilterIterator::accept(): bool, or the #[\\ReturnTypeWillChange] attribute should be used to temporarily suppress the notice","file":"C:\\Users\\Admin\\Local Sites\\weavira\\app\\public\\wp-content\\plugins\\all-in-one-wp-migration\\lib\\vendor\\servmask\\filter\\class-ai1wm-recursive-newline-filter.php","line":28}

Jul 31 2026 07:42:48
{"type":8192,"message":"Return type of Ai1wm_Recursive_Newline_Filter::accept() should either be compatible with FilterIterator::accept(): bool, or the #[\\ReturnTypeWillChange] attribute should be used to temporarily suppress the notice","file":"C:\\Users\\Admin\\Local Sites\\weavira\\app\\public\\wp-content\\plugins\\all-in-one-wp-migration\\lib\\vendor\\servmask\\filter\\class-ai1wm-recursive-newline-filter.php","line":28}

Jul 31 2026 07:42:48
{"type":8192,"message":"Return type of Ai1wm_Recursive_Newline_Filter::accept() should either be compatible with FilterIterator::accept(): bool, or the #[\\ReturnTypeWillChange] attribute should be used to temporarily suppress the notice","file":"C:\\Users\\Admin\\Local Sites\\weavira\\app\\public\\wp-content\\plugins\\all-in-one-wp-migration\\lib\\vendor\\servmask\\filter\\class-ai1wm-recursive-newline-filter.php","line":28}

Jul 31 2026 07:42:48
{"type":8192,"message":"Return type of Ai1wm_Recursive_Newline_Filter::accept() should either be compatible with FilterIterator::accept(): bool, or the #[\\ReturnTypeWillChange] attribute should be used to temporarily suppress the notice","file":"C:\\Users\\Admin\\Local Sites\\weavira\\app\\public\\wp-content\\plugins\\all-in-one-wp-migration\\lib\\vendor\\servmask\\filter\\class-ai1wm-recursive-newline-filter.php","line":28}

Jul 31 2026 07:42:48
{"type":8192,"message":"Return type of Ai1wm_Recursive_Newline_Filter::accept() should either be compatible with FilterIterator::accept(): bool, or the #[\\ReturnTypeWillChange] attribute should be used to temporarily suppress the notice","file":"C:\\Users\\Admin\\Local Sites\\weavira\\app\\public\\wp-content\\plugins\\all-in-one-wp-migration\\lib\\vendor\\servmask\\filter\\class-ai1wm-recursive-newline-filter.php","line":28}

Jul 31 2026 07:42:48
{"type":8192,"message":"Return type of Ai1wm_Recursive_Newline_Filter::accept() should either be compatible with FilterIterator::accept(): bool, or the #[\\ReturnTypeWillChange] attribute should be used to temporarily suppress the notice","file":"C:\\Users\\Admin\\Local Sites\\weavira\\app\\public\\wp-content\\plugins\\all-in-one-wp-migration\\lib\\vendor\\servmask\\filter\\class-ai1wm-recursive-newline-filter.php","line":28}

Jul 31 2026 07:43:20
{"type":8192,"message":"Return type of Ai1wm_Recursive_Newline_Filter::accept() should either be compatible with FilterIterator::accept(): bool, or the #[\\ReturnTypeWillChange] attribute should be used to temporarily suppress the notice","file":"C:\\Users\\Admin\\Local Sites\\weavira\\app\\public\\wp-content\\plugins\\all-in-one-wp-migration\\lib\\vendor\\servmask\\filter\\class-ai1wm-recursive-newline-filter.php","line":28}

Jul 31 2026 07:43:20
{"type":8192,"message":"Return type of Ai1wm_Recursive_Newline_Filter::accept() should either be compatible with FilterIterator::accept(): bool, or the #[\\ReturnTypeWillChange] attribute should be used to temporarily suppress the notice","file":"C:\\Users\\Admin\\Local Sites\\weavira\\app\\public\\wp-content\\plugins\\all-in-one-wp-migration\\lib\\vendor\\servmask\\filter\\class-ai1wm-recursive-newline-filter.php","line":28}

Jul 31 2026 07:43:30
{"type":8192,"message":"Return type of Ai1wm_Recursive_Newline_Filter::accept() should either be compatible with FilterIterator::accept(): bool, or the #[\\ReturnTypeWillChange] attribute should be used to temporarily suppress the notice","file":"C:\\Users\\Admin\\Local Sites\\weavira\\app\\public\\wp-content\\plugins\\all-in-one-wp-migration\\lib\\vendor\\servmask\\filter\\class-ai1wm-recursive-newline-filter.php","line":28}

Jul 31 2026 07:43:41
{"type":8192,"message":"Return type of Ai1wm_Recursive_Newline_Filter::accept() should either be compatible with FilterIterator::accept(): bool, or the #[\\ReturnTypeWillChange] attribute should be used to temporarily suppress the notice","file":"C:\\Users\\Admin\\Local Sites\\weavira\\app\\public\\wp-content\\plugins\\all-in-one-wp-migration\\lib\\vendor\\servmask\\filter\\class-ai1wm-recursive-newline-filter.php","line":28}

Jul 31 2026 07:43:51
{"type":8192,"message":"Return type of Ai1wm_Recursive_Newline_Filter::accept() should either be compatible with FilterIterator::accept(): bool, or the #[\\ReturnTypeWillChange] attribute should be used to temporarily suppress the notice","file":"C:\\Users\\Admin\\Local Sites\\weavira\\app\\public\\wp-content\\plugins\\all-in-one-wp-migration\\lib\\vendor\\servmask\\filter\\class-ai1wm-recursive-newline-filter.php","line":28}

Jul 31 2026 07:44:01
{"type":8192,"message":"Return type of Ai1wm_Recursive_Newline_Filter::accept() should either be compatible with FilterIterator::accept(): bool, or the #[\\ReturnTypeWillChange] attribute should be used to temporarily suppress the notice","file":"C:\\Users\\Admin\\Local Sites\\weavira\\app\\public\\wp-content\\plugins\\all-in-one-wp-migration\\lib\\vendor\\servmask\\filter\\class-ai1wm-recursive-newline-filter.php","line":28}

Jul 31 2026 07:44:11
{"type":8192,"message":"Return type of Ai1wm_Recursive_Newline_Filter::accept() should either be compatible with FilterIterator::accept(): bool, or the #[\\ReturnTypeWillChange] attribute should be used to temporarily suppress the notice","file":"C:\\Users\\Admin\\Local Sites\\weavira\\app\\public\\wp-content\\plugins\\all-in-one-wp-migration\\lib\\vendor\\servmask\\filter\\class-ai1wm-recursive-newline-filter.php","line":28}

Jul 31 2026 07:44:21
{"type":8192,"message":"Return type of Ai1wm_Recursive_Newline_Filter::accept() should either be compatible with FilterIterator::accept(): bool, or the #[\\ReturnTypeWillChange] attribute should be used to temporarily suppress the notice","file":"C:\\Users\\Admin\\Local Sites\\weavira\\app\\public\\wp-content\\plugins\\all-in-one-wp-migration\\lib\\vendor\\servmask\\filter\\class-ai1wm-recursive-newline-filter.php","line":28}

Jul 31 2026 07:44:32
{"type":8192,"message":"Return type of Ai1wm_Recursive_Newline_Filter::accept() should either be compatible with FilterIterator::accept(): bool, or the #[\\ReturnTypeWillChange] attribute should be used to temporarily suppress the notice","file":"C:\\Users\\Admin\\Local Sites\\weavira\\app\\public\\wp-content\\plugins\\all-in-one-wp-migration\\lib\\vendor\\servmask\\filter\\class-ai1wm-recursive-newline-filter.php","line":28}

Jul 31 2026 07:44:42
{"type":8192,"message":"Return type of Ai1wm_Recursive_Newline_Filter::accept() should either be compatible with FilterIterator::accept(): bool, or the #[\\ReturnTypeWillChange] attribute should be used to temporarily suppress the notice","file":"C:\\Users\\Admin\\Local Sites\\weavira\\app\\public\\wp-content\\plugins\\all-in-one-wp-migration\\lib\\vendor\\servmask\\filter\\class-ai1wm-recursive-newline-filter.php","line":28}

Jul 31 2026 07:44:52
{"type":8192,"message":"Return type of Ai1wm_Recursive_Newline_Filter::accept() should either be compatible with FilterIterator::accept(): bool, or the #[\\ReturnTypeWillChange] attribute should be used to temporarily suppress the notice","file":"C:\\Users\\Admin\\Local Sites\\weavira\\app\\public\\wp-content\\plugins\\all-in-one-wp-migration\\lib\\vendor\\servmask\\filter\\class-ai1wm-recursive-newline-filter.php","line":28}

Jul 31 2026 07:45:02
{"type":8192,"message":"Return type of Ai1wm_Recursive_Newline_Filter::accept() should either be compatible with FilterIterator::accept(): bool, or the #[\\ReturnTypeWillChange] attribute should be used to temporarily suppress the notice","file":"C:\\Users\\Admin\\Local Sites\\weavira\\app\\public\\wp-content\\plugins\\all-in-one-wp-migration\\lib\\vendor\\servmask\\filter\\class-ai1wm-recursive-newline-filter.php","line":28}

Jul 31 2026 07:45:12
{"type":8192,"message":"Return type of Ai1wm_Recursive_Newline_Filter::accept() should either be compatible with FilterIterator::accept(): bool, or the #[\\ReturnTypeWillChange] attribute should be used to temporarily suppress the notice","file":"C:\\Users\\Admin\\Local Sites\\weavira\\app\\public\\wp-content\\plugins\\all-in-one-wp-migration\\lib\\vendor\\servmask\\filter\\class-ai1wm-recursive-newline-filter.php","line":28}

Jul 31 2026 07:45:23
{"type":8192,"message":"Return type of Ai1wm_Recursive_Newline_Filter::accept() should either be compatible with FilterIterator::accept(): bool, or the #[\\ReturnTypeWillChange] attribute should be used to temporarily suppress the notice","file":"C:\\Users\\Admin\\Local Sites\\weavira\\app\\public\\wp-content\\plugins\\all-in-one-wp-migration\\lib\\vendor\\servmask\\filter\\class-ai1wm-recursive-newline-filter.php","line":28}

Jul 31 2026 07:45:33
{"type":8192,"message":"Return type of Ai1wm_Recursive_Newline_Filter::accept() should either be compatible with FilterIterator::accept(): bool, or the #[\\ReturnTypeWillChange] attribute should be used to temporarily suppress the notice","file":"C:\\Users\\Admin\\Local Sites\\weavira\\app\\public\\wp-content\\plugins\\all-in-one-wp-migration\\lib\\vendor\\servmask\\filter\\class-ai1wm-recursive-newline-filter.php","line":28}

Jul 31 2026 07:45:43
{"type":8192,"message":"Return type of Ai1wm_Recursive_Newline_Filter::accept() should either be compatible with FilterIterator::accept(): bool, or the #[\\ReturnTypeWillChange] attribute should be used to temporarily suppress the notice","file":"C:\\Users\\Admin\\Local Sites\\weavira\\app\\public\\wp-content\\plugins\\all-in-one-wp-migration\\lib\\vendor\\servmask\\filter\\class-ai1wm-recursive-newline-filter.php","line":28}

Jul 31 2026 07:45:43
{"type":8192,"message":"Return type of Ai1wm_Recursive_Newline_Filter::accept() should either be compatible with FilterIterator::accept(): bool, or the #[\\ReturnTypeWillChange] attribute should be used to temporarily suppress the notice","file":"C:\\Users\\Admin\\Local Sites\\weavira\\app\\public\\wp-content\\plugins\\all-in-one-wp-migration\\lib\\vendor\\servmask\\filter\\class-ai1wm-recursive-newline-filter.php","line":28}

Jul 31 2026 07:45:44
{"type":8192,"message":"Return type of Ai1wm_Recursive_Newline_Filter::accept() should either be compatible with FilterIterator::accept(): bool, or the #[\\ReturnTypeWillChange] attribute should be used to temporarily suppress the notice","file":"C:\\Users\\Admin\\Local Sites\\weavira\\app\\public\\wp-content\\plugins\\all-in-one-wp-migration\\lib\\vendor\\servmask\\filter\\class-ai1wm-recursive-newline-filter.php","line":28}

Jul 31 2026 07:45:44
{"Number":8192,"Message":"rtrim(): Passing null to parameter #1 ($string) of type string is deprecated","File":"C:\\Users\\Admin\\Local Sites\\weavira\\app\\public\\wp-includes\\formatting.php","Line":2840}

Jul 31 2026 07:45:44
{"Number":8192,"Message":"rtrim(): Passing null to parameter #1 ($string) of type string is deprecated","File":"C:\\Users\\Admin\\Local Sites\\weavira\\app\\public\\wp-includes\\formatting.php","Line":2840}

Jul 31 2026 07:45:44
{"Number":8192,"Message":"rtrim(): Passing null to parameter #1 ($string) of type string is deprecated","File":"C:\\Users\\Admin\\Local Sites\\weavira\\app\\public\\wp-includes\\formatting.php","Line":2840}

Jul 31 2026 07:45:44
{"Number":8192,"Message":"rtrim(): Passing null to parameter #1 ($string) of type string is deprecated","File":"C:\\Users\\Admin\\Local Sites\\weavira\\app\\public\\wp-includes\\formatting.php","Line":2840}

Jul 31 2026 07:45:44
{"Number":8192,"Message":"rtrim(): Passing null to parameter #1 ($string) of type string is deprecated","File":"C:\\Users\\Admin\\Local Sites\\weavira\\app\\public\\wp-includes\\formatting.php","Line":2840}

Jul 31 2026 07:45:44
{"Number":8192,"Message":"rtrim(): Passing null to parameter #1 ($string) of type string is deprecated","File":"C:\\Users\\Admin\\Local Sites\\weavira\\app\\public\\wp-includes\\formatting.php","Line":2840}

Jul 31 2026 07:45:44
{"Number":8192,"Message":"rtrim(): Passing null to parameter #1 ($string) of type string is deprecated","File":"C:\\Users\\Admin\\Local Sites\\weavira\\app\\public\\wp-includes\\formatting.php","Line":2840}

Jul 31 2026 07:45:44
{"Number":8192,"Message":"rtrim(): Passing null to parameter #1 ($string) of type string is deprecated","File":"C:\\Users\\Admin\\Local Sites\\weavira\\app\\public\\wp-includes\\formatting.php","Line":2840}

Jul 31 2026 07:45:44
{"Number":8192,"Message":"rtrim(): Passing null to parameter #1 ($string) of type string is deprecated","File":"C:\\Users\\Admin\\Local Sites\\weavira\\app\\public\\wp-includes\\formatting.php","Line":2840}

Jul 31 2026 07:45:44
{"Number":8192,"Message":"rtrim(): Passing null to parameter #1 ($string) of type string is deprecated","File":"C:\\Users\\Admin\\Local Sites\\weavira\\app\\public\\wp-includes\\formatting.php","Line":2840}

Jul 31 2026 07:45:44
{"Number":8192,"Message":"rtrim(): Passing null to parameter #1 ($string) of type string is deprecated","File":"C:\\Users\\Admin\\Local Sites\\weavira\\app\\public\\wp-includes\\formatting.php","Line":2840}

Jul 31 2026 07:45:44
{"Number":8192,"Message":"rtrim(): Passing null to parameter #1 ($string) of type string is deprecated","File":"C:\\Users\\Admin\\Local Sites\\weavira\\app\\public\\wp-includes\\formatting.php","Line":2840}

Jul 31 2026 07:45:44
{"Number":8192,"Message":"rtrim(): Passing null to parameter #1 ($string) of type string is deprecated","File":"C:\\Users\\Admin\\Local Sites\\weavira\\app\\public\\wp-includes\\formatting.php","Line":2840}

Jul 31 2026 07:45:44
{"Number":8192,"Message":"rtrim(): Passing null to parameter #1 ($string) of type string is deprecated","File":"C:\\Users\\Admin\\Local Sites\\weavira\\app\\public\\wp-includes\\formatting.php","Line":2840}

Jul 31 2026 07:45:44
{"Number":8192,"Message":"rtrim(): Passing null to parameter #1 ($string) of type string is deprecated","File":"C:\\Users\\Admin\\Local Sites\\weavira\\app\\public\\wp-includes\\formatting.php","Line":2840}

Jul 31 2026 07:45:44
{"Number":8192,"Message":"rtrim(): Passing null to parameter #1 ($string) of type string is deprecated","File":"C:\\Users\\Admin\\Local Sites\\weavira\\app\\public\\wp-includes\\formatting.php","Line":2840}

Jul 31 2026 07:45:44
{"Number":8192,"Message":"rtrim(): Passing null to parameter #1 ($string) of type string is deprecated","File":"C:\\Users\\Admin\\Local Sites\\weavira\\app\\public\\wp-includes\\formatting.php","Line":2840}

Jul 31 2026 07:45:44
{"Number":8192,"Message":"rtrim(): Passing null to parameter #1 ($string) of type string is deprecated","File":"C:\\Users\\Admin\\Local Sites\\weavira\\app\\public\\wp-includes\\formatting.php","Line":2840}

Jul 31 2026 07:45:44
{"Number":8192,"Message":"rtrim(): Passing null to parameter #1 ($string) of type string is deprecated","File":"C:\\Users\\Admin\\Local Sites\\weavira\\app\\public\\wp-includes\\formatting.php","Line":2840}

Jul 31 2026 07:45:44
{"Number":8192,"Message":"rtrim(): Passing null to parameter #1 ($string) of type string is deprecated","File":"C:\\Users\\Admin\\Local Sites\\weavira\\app\\public\\wp-includes\\formatting.php","Line":2840}

Jul 31 2026 07:45:44
{"Number":8192,"Message":"rtrim(): Passing null to parameter #1 ($string) of type string is deprecated","File":"C:\\Users\\Admin\\Local Sites\\weavira\\app\\public\\wp-includes\\formatting.php","Line":2840}

Jul 31 2026 07:45:44
{"Number":8192,"Message":"rtrim(): Passing null to parameter #1 ($string) of type string is deprecated","File":"C:\\Users\\Admin\\Local Sites\\weavira\\app\\public\\wp-includes\\formatting.php","Line":2840}

Jul 31 2026 07:45:44
{"Number":8192,"Message":"rtrim(): Passing null to parameter #1 ($string) of type string is deprecated","File":"C:\\Users\\Admin\\Local Sites\\weavira\\app\\public\\wp-includes\\formatting.php","Line":2840}

Jul 31 2026 07:45:44
{"Number":8192,"Message":"rtrim(): Passing null to parameter #1 ($string) of type string is deprecated","File":"C:\\Users\\Admin\\Local Sites\\weavira\\app\\public\\wp-includes\\formatting.php","Line":2840}

Jul 31 2026 07:45:44
{"Number":8192,"Message":"Creation of dynamic property Ai1wm_Database_Mysqli::$old_replace_raw_values is deprecated","File":"C:\\Users\\Admin\\Local Sites\\weavira\\app\\public\\wp-content\\plugins\\all-in-one-wp-migration\\lib\\vendor\\servmask\\database\\class-ai1wm-database.php","Line":293}

Jul 31 2026 07:45:44
{"Number":8192,"Message":"Creation of dynamic property Ai1wm_Database_Mysqli::$new_replace_raw_values is deprecated","File":"C:\\Users\\Admin\\Local Sites\\weavira\\app\\public\\wp-content\\plugins\\all-in-one-wp-migration\\lib\\vendor\\servmask\\database\\class-ai1wm-database.php","Line":314}

Jul 31 2026 07:45:55
{"type":8192,"message":"Return type of Ai1wm_Recursive_Newline_Filter::accept() should either be compatible with FilterIterator::accept(): bool, or the #[\\ReturnTypeWillChange] attribute should be used to temporarily suppress the notice","file":"C:\\Users\\Admin\\Local Sites\\weavira\\app\\public\\wp-content\\plugins\\all-in-one-wp-migration\\lib\\vendor\\servmask\\filter\\class-ai1wm-recursive-newline-filter.php","line":28}

Jul 31 2026 07:45:55
{"Number":8192,"Message":"rtrim(): Passing null to parameter #1 ($string) of type string is deprecated","File":"C:\\Users\\Admin\\Local Sites\\weavira\\app\\public\\wp-includes\\formatting.php","Line":2840}

Jul 31 2026 07:45:55
{"Number":8192,"Message":"rtrim(): Passing null to parameter #1 ($string) of type string is deprecated","File":"C:\\Users\\Admin\\Local Sites\\weavira\\app\\public\\wp-includes\\formatting.php","Line":2840}

Jul 31 2026 07:45:55
{"Number":8192,"Message":"rtrim(): Passing null to parameter #1 ($string) of type string is deprecated","File":"C:\\Users\\Admin\\Local Sites\\weavira\\app\\public\\wp-includes\\formatting.php","Line":2840}

Jul 31 2026 07:45:55
{"Number":8192,"Message":"rtrim(): Passing null to parameter #1 ($string) of type string is deprecated","File":"C:\\Users\\Admin\\Local Sites\\weavira\\app\\public\\wp-includes\\formatting.php","Line":2840}

Jul 31 2026 07:45:55
{"Number":8192,"Message":"rtrim(): Passing null to parameter #1 ($string) of type string is deprecated","File":"C:\\Users\\Admin\\Local Sites\\weavira\\app\\public\\wp-includes\\formatting.php","Line":2840}

Jul 31 2026 07:45:55
{"Number":8192,"Message":"rtrim(): Passing null to parameter #1 ($string) of type string is deprecated","File":"C:\\Users\\Admin\\Local Sites\\weavira\\app\\public\\wp-includes\\formatting.php","Line":2840}

Jul 31 2026 07:45:55
{"Number":8192,"Message":"rtrim(): Passing null to parameter #1 ($string) of type string is deprecated","File":"C:\\Users\\Admin\\Local Sites\\weavira\\app\\public\\wp-includes\\formatting.php","Line":2840}

Jul 31 2026 07:45:55
{"Number":8192,"Message":"rtrim(): Passing null to parameter #1 ($string) of type string is deprecated","File":"C:\\Users\\Admin\\Local Sites\\weavira\\app\\public\\wp-includes\\formatting.php","Line":2840}

Jul 31 2026 07:45:55
{"Number":8192,"Message":"rtrim(): Passing null to parameter #1 ($string) of type string is deprecated","File":"C:\\Users\\Admin\\Local Sites\\weavira\\app\\public\\wp-includes\\formatting.php","Line":2840}

Jul 31 2026 07:45:55
{"Number":8192,"Message":"rtrim(): Passing null to parameter #1 ($string) of type string is deprecated","File":"C:\\Users\\Admin\\Local Sites\\weavira\\app\\public\\wp-includes\\formatting.php","Line":2840}

Jul 31 2026 07:45:55
{"Number":8192,"Message":"rtrim(): Passing null to parameter #1 ($string) of type string is deprecated","File":"C:\\Users\\Admin\\Local Sites\\weavira\\app\\public\\wp-includes\\formatting.php","Line":2840}

Jul 31 2026 07:45:55
{"Number":8192,"Message":"rtrim(): Passing null to parameter #1 ($string) of type string is deprecated","File":"C:\\Users\\Admin\\Local Sites\\weavira\\app\\public\\wp-includes\\formatting.php","Line":2840}

Jul 31 2026 07:45:55
{"Number":8192,"Message":"rtrim(): Passing null to parameter #1 ($string) of type string is deprecated","File":"C:\\Users\\Admin\\Local Sites\\weavira\\app\\public\\wp-includes\\formatting.php","Line":2840}

Jul 31 2026 07:45:55
{"Number":8192,"Message":"rtrim(): Passing null to parameter #1 ($string) of type string is deprecated","File":"C:\\Users\\Admin\\Local Sites\\weavira\\app\\public\\wp-includes\\formatting.php","Line":2840}

Jul 31 2026 07:45:55
{"Number":8192,"Message":"rtrim(): Passing null to parameter #1 ($string) of type string is deprecated","File":"C:\\Users\\Admin\\Local Sites\\weavira\\app\\public\\wp-includes\\formatting.php","Line":2840}

Jul 31 2026 07:45:55
{"Number":8192,"Message":"rtrim(): Passing null to parameter #1 ($string) of type string is deprecated","File":"C:\\Users\\Admin\\Local Sites\\weavira\\app\\public\\wp-includes\\formatting.php","Line":2840}

Jul 31 2026 07:45:55
{"Number":8192,"Message":"rtrim(): Passing null to parameter #1 ($string) of type string is deprecated","File":"C:\\Users\\Admin\\Local Sites\\weavira\\app\\public\\wp-includes\\formatting.php","Line":2840}

Jul 31 2026 07:45:55
{"Number":8192,"Message":"rtrim(): Passing null to parameter #1 ($string) of type string is deprecated","File":"C:\\Users\\Admin\\Local Sites\\weavira\\app\\public\\wp-includes\\formatting.php","Line":2840}

Jul 31 2026 07:45:55
{"Number":8192,"Message":"rtrim(): Passing null to parameter #1 ($string) of type string is deprecated","File":"C:\\Users\\Admin\\Local Sites\\weavira\\app\\public\\wp-includes\\formatting.php","Line":2840}

Jul 31 2026 07:45:55
{"Number":8192,"Message":"rtrim(): Passing null to parameter #1 ($string) of type string is deprecated","File":"C:\\Users\\Admin\\Local Sites\\weavira\\app\\public\\wp-includes\\formatting.php","Line":2840}

Jul 31 2026 07:45:55
{"Number":8192,"Message":"rtrim(): Passing null to parameter #1 ($string) of type string is deprecated","File":"C:\\Users\\Admin\\Local Sites\\weavira\\app\\public\\wp-includes\\formatting.php","Line":2840}

Jul 31 2026 07:45:55
{"Number":8192,"Message":"rtrim(): Passing null to parameter #1 ($string) of type string is deprecated","File":"C:\\Users\\Admin\\Local Sites\\weavira\\app\\public\\wp-includes\\formatting.php","Line":2840}

Jul 31 2026 07:45:55
{"Number":8192,"Message":"rtrim(): Passing null to parameter #1 ($string) of type string is deprecated","File":"C:\\Users\\Admin\\Local Sites\\weavira\\app\\public\\wp-includes\\formatting.php","Line":2840}

Jul 31 2026 07:45:55
{"Number":8192,"Message":"rtrim(): Passing null to parameter #1 ($string) of type string is deprecated","File":"C:\\Users\\Admin\\Local Sites\\weavira\\app\\public\\wp-includes\\formatting.php","Line":2840}

Jul 31 2026 07:45:55
{"Number":8192,"Message":"Creation of dynamic property Ai1wm_Database_Mysqli::$old_replace_raw_values is deprecated","File":"C:\\Users\\Admin\\Local Sites\\weavira\\app\\public\\wp-content\\plugins\\all-in-one-wp-migration\\lib\\vendor\\servmask\\database\\class-ai1wm-database.php","Line":293}

Jul 31 2026 07:45:55
{"Number":8192,"Message":"Creation of dynamic property Ai1wm_Database_Mysqli::$new_replace_raw_values is deprecated","File":"C:\\Users\\Admin\\Local Sites\\weavira\\app\\public\\wp-content\\plugins\\all-in-one-wp-migration\\lib\\vendor\\servmask\\database\\class-ai1wm-database.php","Line":314}

Jul 31 2026 07:45:56
{"type":8192,"message":"Return type of Ai1wm_Recursive_Newline_Filter::accept() should either be compatible with FilterIterator::accept(): bool, or the #[\\ReturnTypeWillChange] attribute should be used to temporarily suppress the notice","file":"C:\\Users\\Admin\\Local Sites\\weavira\\app\\public\\wp-content\\plugins\\all-in-one-wp-migration\\lib\\vendor\\servmask\\filter\\class-ai1wm-recursive-newline-filter.php","line":28}

Jul 31 2026 07:46:13
{"type":8192,"message":"Return type of Ai1wm_Recursive_Newline_Filter::accept() should either be compatible with FilterIterator::accept(): bool, or the #[\\ReturnTypeWillChange] attribute should be used to temporarily suppress the notice","file":"C:\\Users\\Admin\\Local Sites\\weavira\\app\\public\\wp-content\\plugins\\all-in-one-wp-migration\\lib\\vendor\\servmask\\filter\\class-ai1wm-recursive-newline-filter.php","line":28}

Jul 31 2026 07:46:22
{"type":8192,"message":"Return type of Carbon\\Traits\\Date::createFromTimestamp($timestamp, $tz = null) should either be compatible with DateTimeImmutable::createFromTimestamp(int|float $timestamp): static, or the #[\\ReturnTypeWillChange] attribute should be used to temporarily suppress the notice","file":"C:\\Users\\Admin\\Local Sites\\weavira\\app\\public\\wp-content\\themes\\weavira\\vendor\\nesbot\\carbon\\src\\Carbon\\Traits\\Timestamp.php","line":29}

